npm warn Unknown builtin config "globalignorefile". This will stop working in the next major version of npm.

> @google/gemini-actus@0.28.0-nightly.20260128.adc8e11bb test:ci
> npm run test:ci --workspaces --if-present && npm run test:scripts

npm warn Unknown builtin config "globalignorefile". This will stop working in the next major version of npm.
npm warn Unknown env config "globalignorefile". This will stop working in the next major version of npm.

> @google/gemini-actus-a2a-server@0.28.0-nightly.20260128.adc8e11bb test:ci
> vitest run --coverage


 RUN  v3.2.4 /usr/local/google/home/tenghuil/project/gemini-actus/packages/a2a-server
      Coverage enabled with v8

 ✓ src/commands/command-registry.test.ts (6 tests) 15ms
 ✓ src/commands/extensions.test.ts (8 tests) 13ms
 ✓ src/agent/task.test.ts (17 tests) 85ms
(node:3779946) MaxListenersExceededWarning: Possible EventEmitter memory leak detected. 11 model-changed listeners added to [CoreEventEmitter]. MaxListeners is 10. Use emitter.setMaxListeners() to increase limit
(Use `node --trace-warnings ...` to show where the warning was created)
 ✓ src/config/config.test.ts (6 tests) 19ms
 ✓ src/config/settings.test.ts (6 tests) 22ms
 ✓ src/persistence/gcs.test.ts (12 tests) 41ms
 ✓ src/commands/memory.test.ts (7 tests) 22ms
 ✓ src/commands/restore.test.ts (6 tests) 21ms
 ✓ src/commands/init.test.ts (5 tests) 28ms
 ✓ src/http/endpoints.test.ts (5 tests) 133ms
 ✓ src/http/app.test.ts (20 tests) 253ms

 Test Files  11 passed (11)
      Tests  98 passed (98)
   Start at  19:19:34
   Duration  8.62s (transform 3.53s, setup 0ms, collect 69.21s, tests 654ms, environment 7ms, prepare 2.76s)

JUNIT report written to /usr/local/google/home/tenghuil/project/gemini-actus/packages/a2a-server/junit.xml
 % Coverage report from v8

> @google/gemini-actus@0.28.0-nightly.20260128.adc8e11bb test:ci
> vitest run


 RUN  v3.2.4 /usr/local/google/home/tenghuil/project/gemini-actus/packages/cli
      Coverage enabled with v8


⎯⎯⎯⎯ Unhandled Rejection ⎯⎯⎯⎯⎯
Error: ENOENT: no such file or directory, open '/usr/local/google/home/tenghuil/project/gemini-actus/packages/cli/coverage/.tmp/coverage-0.json'
 ❯ open node:internal/fs/promises:639:25
 ❯ Object.writeFile node:internal/fs/promises:1216:14

⎯⎯⎯⎯⎯⎯⎯⎯⎯⎯⎯⎯⎯⎯⎯⎯⎯⎯⎯⎯⎯⎯⎯⎯⎯⎯⎯⎯⎯⎯
Serialized Error: { errno: -2, code: 'ENOENT', syscall: 'open', path: '/usr/local/google/home/tenghuil/project/gemini-actus/packages/cli/coverage/.tmp/coverage-0.json' }



npm error Lifecycle script `test:ci` failed with error:
npm error code 1
npm error path /usr/local/google/home/tenghuil/project/gemini-actus/packages/cli
npm error workspace @google/gemini-actus@0.28.0-nightly.20260128.adc8e11bb
npm error location /usr/local/google/home/tenghuil/project/gemini-actus/packages/cli
npm error command failed
npm error command sh -c vitest run


> @google/gemini-actus-core@0.28.0-nightly.20260128.adc8e11bb test:ci
> vitest run


 RUN  v3.2.4 /usr/local/google/home/tenghuil/project/gemini-actus/packages/core
      Coverage enabled with v8

 ✓ src/utils/memoryImportProcessor.test.ts (25 tests) 145ms
 ✓ src/policy/policy-engine.test.ts (64 tests) 191ms
 ✓ src/utils/fileUtils.test.ts (79 tests) 394ms
 ✓ src/mcp/oauth-provider.test.ts (38 tests) 1600ms
   ✓ MCPOAuthProvider > authenticate > should handle invalid callback request  1004ms
 ✓ src/ide/ide-client.test.ts (57 tests | 1 skipped) 422ms
 ✓ src/services/shellExecutionService.test.ts (53 tests | 1 skipped) 1167ms
 ✓ src/tools/mcp-tool.test.ts (43 tests) 339ms
 ✓ src/utils/editCorrector.test.ts (40 tests) 220ms
 ✓ src/tools/ripGrep.test.ts (57 tests | 1 skipped) 3271ms
   ✓ RipGrepTool > execute > should handle massive output by terminating early without crashing (Regression)  930ms
 ✓ src/services/modelConfigService.test.ts (31 tests) 56ms
 ✓ src/hooks/hookRunner.test.ts (24 tests) 388ms
 ✓ src/services/sessionSummaryService.test.ts (33 tests) 218ms
 ✓ src/tools/mcp-client.test.ts (58 tests) 1418ms
(node:3782772) MaxListenersExceededWarning: Possible EventEmitter memory leak detected. 11 model-changed listeners added to [CoreEventEmitter]. MaxListeners is 10. Use emitter.setMaxListeners() to increase limit
(Use `node --trace-warnings ...` to show where the warning was created)
 ❯ src/agents/registry.test.ts (43 tests | 1 failed) 460ms
   ✓ AgentRegistry > initialize > should log the count of loaded agents in debug mode 125ms
   × AgentRegistry > initialize > should use default model for codebase investigator for non-preview models 49ms
     → expected 'gemini-3-flash-preview' to be 'gemini-3-pro-preview' // Object.is equality
   ✓ AgentRegistry > initialize > should use preview flash model for codebase investigator if main model is preview pro 5ms
   ✓ AgentRegistry > initialize > should use preview flash model for codebase investigator if main model is preview auto 10ms
   ✓ AgentRegistry > initialize > should use the model from the investigator settings 4ms
   ✓ AgentRegistry > initialize > should load agents from user and project directories with correct precedence 8ms
   ✓ AgentRegistry > initialize > should NOT load TOML agents when enableAgents is false 8ms
   ✓ AgentRegistry > initialize > should register CLI help agent by default 3ms
   ✓ AgentRegistry > initialize > should NOT register CLI help agent if disabled 6ms
   ✓ AgentRegistry > initialize > should NOT register generalist agent by default (because it is experimental) 4ms
   ✓ AgentRegistry > initialize > should register generalist agent if explicitly enabled via override 4ms
   ✓ AgentRegistry > initialize > should NOT register a non-experimental agent if enabled is false 3ms
   ✓ AgentRegistry > initialize > should respect disabled override over enabled override 6ms
   ✓ AgentRegistry > initialize > should load agents from active extensions 5ms
   ✓ AgentRegistry > initialize > should NOT load agents from inactive extensions 9ms
   ✓ AgentRegistry > initialize > should use agentCardUrl as hash for acknowledgement of remote agents 11ms
   ✓ AgentRegistry > registration logic > should register runtime overrides when the model is "auto" 12ms
   ✓ AgentRegistry > registration logic > should register a valid agent definition 4ms
   ✓ AgentRegistry > registration logic > should register a remote agent definition 3ms
   ✓ AgentRegistry > registration logic > should log remote agent registration in debug mode 5ms
   ✓ AgentRegistry > registration logic > should handle special characters in agent names 3ms
   ✓ AgentRegistry > registration logic > should reject an agent definition missing a name 3ms
   ✓ AgentRegistry > registration logic > should reject an agent definition missing a description 3ms
   ✓ AgentRegistry > registration logic > should overwrite an existing agent definition 3ms
   ✓ AgentRegistry > registration logic > should log overwrites when in debug mode 3ms
   ✓ AgentRegistry > registration logic > should not log overwrites when not in debug mode 3ms
   ✓ AgentRegistry > registration logic > should handle bulk registrations correctly 5ms
   ✓ AgentRegistry > reload > should clear existing agents and reload from directories 7ms
   ✓ AgentRegistry > inheritance and refresh > should resolve "inherit" to the current model from configuration 9ms
   ✓ AgentRegistry > inheritance and refresh > should update inherited models when the main model changes 32ms
   ✓ AgentRegistry > accessors > getDefinition should return the correct definition 3ms
   ✓ AgentRegistry > accessors > getDefinition should return undefined for unknown agents 2ms
   ✓ AgentRegistry > accessors > getAllDefinitions should return all registered definitions 4ms
   ✓ AgentRegistry > accessors > getAllDiscoveredAgentNames should return all names including disabled ones 25ms
   ✓ AgentRegistry > accessors > getDiscoveredDefinition should return the definition for a disabled agent 6ms
   ✓ AgentRegistry > overrides > should skip registration if agent is disabled in settings 5ms
   ✓ AgentRegistry > overrides > should skip remote agent registration if disabled in settings 4ms
   ✓ AgentRegistry > overrides > should merge runConfig overrides 5ms
   ✓ AgentRegistry > overrides > should apply modelConfig overrides 6ms
   ✓ AgentRegistry > overrides > should deep merge generateContentConfig (e.g. thinkingConfig) 6ms
   ✓ AgentRegistry > overrides > should preserve lazy getters when applying overrides 5ms
   ✓ AgentRegistry > getDirectoryContext > should return default message when no agents are registered 3ms
   ✓ AgentRegistry > getDirectoryContext > should return formatted list of agents when agents are available 3ms
 ✓ src/telemetry/loggers.test.ts (36 tests) 482ms
 ✓ src/code_assist/oauth2.test.ts (30 tests) 788ms
 ✓ src/scheduler/scheduler.test.ts (25 tests) 463ms
 ✓ src/core/coreToolScheduler.test.ts (20 tests) 1093ms
 ✓ src/utils/memoryDiscovery.test.ts (29 tests) 1799ms
 ❯ src/config/config.test.ts (142 tests | 2 failed) 3279ms
   ✓ Server Config (config.ts) > initialize > should throw an error if checkpointing is enabled and GitService fails 43ms
   ✓ Server Config (config.ts) > initialize > should not throw an error if checkpointing is disabled and GitService fails 179ms
   ✓ Server Config (config.ts) > initialize > should throw an error if initialized more than once 40ms
   ✓ Server Config (config.ts) > initialize > should await MCP initialization in non-interactive mode 125ms
   ✓ Server Config (config.ts) > initialize > should not await MCP initialization in interactive mode 125ms
   ✓ Server Config (config.ts) > initialize > getCompressionThreshold > should return the local compression threshold if it is set 5ms
   ✓ Server Config (config.ts) > initialize > getCompressionThreshold > should return the remote experiment threshold if it is a positive number 4ms
   ✓ Server Config (config.ts) > initialize > getCompressionThreshold > should return undefined if the remote experiment threshold is 0 4ms
   ✓ Server Config (config.ts) > initialize > getCompressionThreshold > should return undefined if there are no experiments 4ms
   ✓ Server Config (config.ts) > initialize > getUserCaching > should return the remote experiment flag when available 4ms
   ✓ Server Config (config.ts) > initialize > getUserCaching > should return false when the remote flag is false 4ms
   ✓ Server Config (config.ts) > initialize > getUserCaching > should return undefined if there are no experiments 7ms
   ✓ Server Config (config.ts) > refreshAuth > should refresh auth and update config 26ms
   ✓ Server Config (config.ts) > refreshAuth > should reset model availability status 22ms
   ✓ Server Config (config.ts) > refreshAuth > should strip thoughts when switching from GenAI to Vertex 8ms
   ✓ Server Config (config.ts) > refreshAuth > should strip thoughts when switching from GenAI to Vertex AI 8ms
   ✓ Server Config (config.ts) > refreshAuth > should not strip thoughts when switching from Vertex to GenAI 7ms
   ✓ Server Config (config.ts) > Preview Features Logic in refreshAuth > should enable preview features for Google auth when remote flag is true 9ms
   ✓ Server Config (config.ts) > Preview Features Logic in refreshAuth > should disable preview features for Google auth when remote flag is false 6ms
   ✓ Server Config (config.ts) > Preview Features Logic in refreshAuth > should disable preview features for Google auth when remote flag is missing 5ms
   ✓ Server Config (config.ts) > Preview Features Logic in refreshAuth > should not change preview features or model if it is already set to true 5ms
   ✓ Server Config (config.ts) > Preview Features Logic in refreshAuth > should not change preview features or model if it is already set to false 12ms
   ✓ Server Config (config.ts) > Config constructor should store userMemory correctly 10ms
   ✓ Server Config (config.ts) > Config constructor should create session-based workspace 23ms
   ✓ Server Config (config.ts) > Config constructor should default userMemory to empty string if not provided 14ms
   ✓ Server Config (config.ts) > Config constructor should call setGeminiMdFilename with contextFileName if provided 3ms
   ✓ Server Config (config.ts) > Config constructor should not call setGeminiMdFilename if contextFileName is not provided 2ms
   ✓ Server Config (config.ts) > should set default file filtering settings when not provided 2ms
   ✓ Server Config (config.ts) > should set custom file filtering settings when provided 2ms
   ✓ Server Config (config.ts) > should set customIgnoreFilePaths from params 7ms
   ✓ Server Config (config.ts) > should set customIgnoreFilePaths to empty array if not provided 3ms
   ✓ Server Config (config.ts) > should initialize WorkspaceContext with includeDirectories 6ms
   ✓ Server Config (config.ts) > Config constructor should set telemetry to true when provided as true 6ms
   ✓ Server Config (config.ts) > Config constructor should set telemetry to false when provided as false 3ms
   ✓ Server Config (config.ts) > Config constructor should default telemetry to default value if not provided 3ms
   ✓ Server Config (config.ts) > Config constructor should set telemetry useCollector to true when provided 3ms
   ✓ Server Config (config.ts) > Config constructor should set telemetry useCollector to false when provided 3ms
   ✓ Server Config (config.ts) > Config constructor should default telemetry useCollector to false if not provided 4ms
   ✓ Server Config (config.ts) > should have a getFileService method that returns FileDiscoveryService 3ms
   × Server Config (config.ts) > should pass file filtering options to FileDiscoveryService 135ms
     → expected "FileDiscoveryService" to be called with arguments: [ '/path/to/target', …(1) ][90m

Received: 

[1m  1st FileDiscoveryService call:

[22m[33m@@ -1,7 +1,7 @@[90m
[2m  [[22m
[32m-   "/path/to/target",[90m
[31m+   "/path/to/target/.workspace/test-session-id",[90m
[2m    {[22m
[2m      "customIgnoreFilePaths": [[22m
[2m        ".myignore",[22m
[2m      ],[22m
[2m      "respectGeminiIgnore": false,[22m
[39m[90m

Number of calls: [1m1[22m
[39m
   ✓ Server Config (config.ts) > Usage Statistics > defaults usage statistics to enabled if not specified 10ms
   ✓ Server Config (config.ts) > Usage Statistics > sets usage statistics based on the provided value (enabled: true) 5ms
   ✓ Server Config (config.ts) > Usage Statistics > sets usage statistics based on the provided value (enabled: false) 4ms
   ✓ Server Config (config.ts) > Telemetry Settings > should return default telemetry target if not provided 9ms
   ✓ Server Config (config.ts) > Telemetry Settings > should return provided OTLP endpoint 5ms
   ✓ Server Config (config.ts) > Telemetry Settings > should return default OTLP endpoint if not provided 3ms
   ✓ Server Config (config.ts) > Telemetry Settings > should return provided logPrompts setting 3ms
   ✓ Server Config (config.ts) > Telemetry Settings > should return default logPrompts setting (true) if not provided 3ms
   ✓ Server Config (config.ts) > Telemetry Settings > should return default logPrompts setting (true) if telemetry object is not provided 2ms
   ✓ Server Config (config.ts) > Telemetry Settings > should return default telemetry target if telemetry object is not provided 3ms
   ✓ Server Config (config.ts) > Telemetry Settings > should return default OTLP endpoint if telemetry object is not provided 2ms
   ✓ Server Config (config.ts) > Telemetry Settings > should return provided OTLP protocol 3ms
   ✓ Server Config (config.ts) > Telemetry Settings > should return default OTLP protocol if not provided 3ms
   ✓ Server Config (config.ts) > Telemetry Settings > should return default OTLP protocol if telemetry object is not provided 2ms
   ✓ Server Config (config.ts) > UseRipgrep Configuration > should default useRipgrep to true when not provided 6ms
   ✓ Server Config (config.ts) > UseRipgrep Configuration > should set useRipgrep to false when provided as false 3ms
   ✓ Server Config (config.ts) > UseRipgrep Configuration > should set useRipgrep to true when explicitly provided as true 4ms
   ✓ Server Config (config.ts) > UseRipgrep Configuration > should default useRipgrep to true when undefined 3ms
   × Server Config (config.ts) > UseWriteTodos Configuration > should default useWriteTodos to true when not provided 31ms
     → expected false to be true // Object.is equality
   ✓ Server Config (config.ts) > UseWriteTodos Configuration > should set useWriteTodos to false when provided as false 4ms
   ✓ Server Config (config.ts) > UseWriteTodos Configuration > should disable useWriteTodos for preview models 4ms
   ✓ Server Config (config.ts) > UseWriteTodos Configuration > should NOT disable useWriteTodos for non-preview models 3ms
   ✓ Server Config (config.ts) > Event Driven Scheduler Configuration > should default enableEventDrivenScheduler to true when not provided 2ms
   ✓ Server Config (config.ts) > Event Driven Scheduler Configuration > should set enableEventDrivenScheduler to false when provided as false 2ms
   ✓ Server Config (config.ts) > Shell Tool Inactivity Timeout > should default to 300000ms (300 seconds) when not provided 2ms
   ✓ Server Config (config.ts) > Shell Tool Inactivity Timeout > should convert provided seconds to milliseconds 2ms
   ✓ Server Config (config.ts) > ContinueOnFailedApiCall Configuration > should default continueOnFailedApiCall to false when not provided 2ms
   ✓ Server Config (config.ts) > ContinueOnFailedApiCall Configuration > should set continueOnFailedApiCall to true when provided as true 3ms
   ✓ Server Config (config.ts) > ContinueOnFailedApiCall Configuration > should set continueOnFailedApiCall to false when explicitly provided as false 2ms
   ✓ Server Config (config.ts) > createToolRegistry > should register a tool if coreTools contains an argument-specific pattern 108ms
   ✓ Server Config (config.ts) > createToolRegistry > should register subagents as tools when agents.overrides.codebase_investigator.enabled is true 147ms
   ✓ Server Config (config.ts) > createToolRegistry > should not register subagents as tools when agents are disabled 155ms
   ✓ Server Config (config.ts) > createToolRegistry > with minified tool class names > should register a tool if coreTools contains the non-minified class name 97ms
   ✓ Server Config (config.ts) > createToolRegistry > with minified tool class names > should register a tool if coreTools contains an argument-specific pattern with the non-minified class name 157ms
   ✓ Server Config (config.ts) > getTruncateToolOutputThreshold > should return the calculated threshold when it is smaller than the default 33ms
   ✓ Server Config (config.ts) > getTruncateToolOutputThreshold > should return the default threshold when the calculated value is larger 12ms
   ✓ Server Config (config.ts) > getTruncateToolOutputThreshold > should use a custom truncateToolOutputThreshold if provided 14ms
   ✓ Server Config (config.ts) > Proxy Configuration Error Handling > should call setGlobalProxy when proxy is configured 19ms
   ✓ Server Config (config.ts) > Proxy Configuration Error Handling > should not call setGlobalProxy when proxy is not configured 5ms
   ✓ Server Config (config.ts) > Proxy Configuration Error Handling > should emit error feedback when setGlobalProxy throws an error 4ms
   ✓ Server Config (config.ts) > Proxy Configuration Error Handling > should not emit error feedback when setGlobalProxy succeeds 4ms
   ✓ setApprovalMode with folder trust > should throw an error when setting YOLO mode in an untrusted folder 2ms
   ✓ setApprovalMode with folder trust > should throw an error when setting AUTO_EDIT mode in an untrusted folder 3ms
   ✓ setApprovalMode with folder trust > should NOT throw an error when setting DEFAULT mode in an untrusted folder 6ms
   ✓ setApprovalMode with folder trust > should NOT throw an error when setting any mode in a trusted folder 50ms
   ✓ setApprovalMode with folder trust > should NOT throw an error when setting any mode if trustedFolder is undefined 17ms
   ✓ setApprovalMode with folder trust > should update system instruction when entering Plan mode 9ms
   ✓ setApprovalMode with folder trust > should update system instruction when leaving Plan mode 11ms
   ✓ setApprovalMode with folder trust > should not update system instruction when switching between non-Plan modes 5ms
   ✓ setApprovalMode with folder trust > registerCoreTools > should register RipGrepTool when useRipgrep is true and it is available 95ms
   ✓ setApprovalMode with folder trust > registerCoreTools > should register GrepTool as a fallback when useRipgrep is true but it is not available 99ms
   ✓ setApprovalMode with folder trust > registerCoreTools > should register GrepTool as a fallback when canUseRipgrep throws an error 104ms
   ✓ setApprovalMode with folder trust > registerCoreTools > should register GrepTool when useRipgrep is false 121ms
   ✓ isYoloModeDisabled > should return false when yolo mode is not disabled and folder is trusted 2ms
   ✓ isYoloModeDisabled > should return true when yolo mode is disabled by parameter 1ms
   ✓ isYoloModeDisabled > should return true when folder is untrusted 1ms
   ✓ isYoloModeDisabled > should return true when yolo is disabled and folder is untrusted 1ms
   ✓ BaseLlmClient Lifecycle > should throw an error if getBaseLlmClient is called before refreshAuth 2ms
   ✓ BaseLlmClient Lifecycle > should successfully initialize BaseLlmClient after refreshAuth is called 4ms
   ✓ Generation Config Merging (HACK) > should merge default aliases when user provides only overrides 1ms
   ✓ Generation Config Merging (HACK) > should merge default overrides when user provides only aliases 1ms
   ✓ Generation Config Merging (HACK) > should use user-provided aliases if they exist 6ms
   ✓ Generation Config Merging (HACK) > should use default generation config if none is provided 1ms
   ✓ Config getHooks > should return undefined when no hooks are provided 1ms
   ✓ Config getHooks > should return empty object when empty hooks are provided 2ms
   ✓ Config getHooks > should return the hooks configuration when provided 2ms
   ✓ Config getHooks > should return hooks with all supported event types 2ms
   ✓ Config getHooks > setModel > should allow setting a pro (any) model and reset availability 4ms
   ✓ Config getHooks > setModel > should allow setting auto model from non-auto model and reset availability 1ms
   ✓ Config getHooks > setModel > should allow setting auto model from auto model and reset availability 1ms
   ✓ Config getHooks > setModel > should reset active model when setModel is called with the current model after a fallback 2ms
   ✓ Config getHooks > setModel > should call onModelChange when a new model is set and should persist 2ms
   ✓ Config getHooks > setModel > should NOT call onModelChange when a new model is temporary 2ms
   ✓ Config getExperiments > should return undefined when no experiments are provided 1ms
   ✓ Config getExperiments > should return empty object when empty experiments are provided 2ms
   ✓ Config getExperiments > should return the experiments configuration when provided 1ms
   ✓ Config setExperiments logging > logs a sorted, non-truncated summary of experiments when they are set 6ms
   ✓ Availability Service Integration > setActiveModel updates active model 1ms
   ✓ Availability Service Integration > getActiveModel defaults to configured model if not set 1ms
   ✓ Availability Service Integration > resetTurn delegates to availability service 2ms
   ✓ Hooks configuration > updateDisabledHooks should update the disabled list 2ms
   ✓ Hooks configuration > updateDisabledHooks should only update disabled list and not definitions 2ms
   ✓ Config Quota & Preview Model Access > refreshUserQuota > should update hasAccessToPreviewModel to true if quota includes preview model 19ms
   ✓ Config Quota & Preview Model Access > refreshUserQuota > should update hasAccessToPreviewModel to false if quota does not include preview model 11ms
   ✓ Config Quota & Preview Model Access > refreshUserQuota > should update hasAccessToPreviewModel to false if buckets are undefined 6ms
   ✓ Config Quota & Preview Model Access > refreshUserQuota > should return undefined and not update if codeAssistServer is missing 7ms
   ✓ Config Quota & Preview Model Access > refreshUserQuota > should return undefined if retrieveUserQuota fails 10ms
   ✓ Config Quota & Preview Model Access > setPreviewFeatures > should reset model to default auto if disabling preview features while using a preview model 5ms
   ✓ Config Quota & Preview Model Access > setPreviewFeatures > should NOT reset model if disabling preview features while NOT using a preview model 4ms
   ✓ Config Quota & Preview Model Access > setPreviewFeatures > should switch to preview auto model if enabling preview features while using default auto model 4ms
   ✓ Config Quota & Preview Model Access > setPreviewFeatures > should NOT reset model if enabling preview features 4ms
   ✓ Config Quota & Preview Model Access > isPlanEnabled > should return false by default 5ms
   ✓ Config Quota & Preview Model Access > isPlanEnabled > should return true when plan is enabled 5ms
   ✓ Config Quota & Preview Model Access > isPlanEnabled > should return false when plan is explicitly disabled 4ms
   ✓ Config JIT Initialization > should initialize ContextManager, load memory, and delegate to it when experimentalJitContext is enabled 79ms
   ✓ Config JIT Initialization > should NOT initialize ContextManager when experimentalJitContext is disabled 127ms
   ✓ Config JIT Initialization > reloadSkills > should refresh disabledSkills and re-register ActivateSkillTool when skills exist 109ms
   ✓ Config JIT Initialization > reloadSkills > should unregister ActivateSkillTool when no skills exist after reload 92ms
   ✓ Config JIT Initialization > reloadSkills > should clear disabledSkills when onReload returns undefined for them 106ms
   ✓ Config JIT Initialization > reloadSkills > should update admin settings from onReload 93ms
   ✓ Plans Directory Initialization > should create plans directory and add it to workspace context when plan is enabled 98ms
   ✓ Plans Directory Initialization > should NOT create plans directory or add it to workspace context when plan is disabled 109ms
 ✓ src/tools/write-file.test.ts (35 tests) 1234ms
   ✓ WriteFileTool > build > should return an invocation for a valid absolute path within root  411ms
 ✓ src/tools/edit.test.ts (41 tests) 1302ms
(node:3782730) MaxListenersExceededWarning: Possible EventEmitter memory leak detected. 11 model-changed listeners added to [CoreEventEmitter]. MaxListeners is 10. Use emitter.setMaxListeners() to increase limit
(Use `node --trace-warnings ...` to show where the warning was created)
 ✓ src/telemetry/clearcut-logger/clearcut-logger.test.ts (53 tests) 1871ms
   ✓ ClearcutLogger > enqueueLogEvent > should evict the oldest event when the queue is full  447ms
(node:3782662) MaxListenersExceededWarning: Possible EventEmitter memory leak detected. 11 model-changed listeners added to [CoreEventEmitter]. MaxListeners is 10. Use emitter.setMaxListeners() to increase limit
(Use `node --trace-warnings ...` to show where the warning was created)
 ✓ src/policy/config.test.ts (21 tests) 18482ms
   ✓ createPolicyEngineConfig > should filter out insecure system policy directories  1465ms
   ✓ createPolicyEngineConfig > should return ASK_USER for write tools and ALLOW for read-only tools by default  1069ms
   ✓ createPolicyEngineConfig > should allow tools in tools.allowed  685ms
   ✓ createPolicyEngineConfig > should deny tools in tools.exclude  620ms
   ✓ createPolicyEngineConfig > should allow tools from allowed MCP servers  1094ms
   ✓ createPolicyEngineConfig > should deny tools from excluded MCP servers  546ms
   ✓ createPolicyEngineConfig > should allow tools from trusted MCP servers  588ms
   ✓ createPolicyEngineConfig > should handle multiple MCP server configurations together  562ms
   ✓ createPolicyEngineConfig > should allow all tools in YOLO mode  552ms
   ✓ createPolicyEngineConfig > should allow edit tool in AUTO_EDIT mode  893ms
   ✓ createPolicyEngineConfig > should prioritize exclude over allow  728ms
   ✓ createPolicyEngineConfig > should prioritize specific tool allows over MCP server excludes  744ms
   ✓ createPolicyEngineConfig > should handle MCP server allows and tool excludes  758ms
   ✓ createPolicyEngineConfig > should handle complex priority scenarios correctly  536ms
   ✓ createPolicyEngineConfig > should handle MCP servers with undefined trust property  640ms
   ✓ createPolicyEngineConfig > should have YOLO allow-all rule beat write tool rules in YOLO mode  723ms
   ✓ createPolicyEngineConfig > should support argsPattern in policy rules  992ms
   ✓ createPolicyEngineConfig > should load safety_checker configuration from TOML  1241ms
   ✓ createPolicyEngineConfig > should reject invalid in-process checker names  627ms
   ✓ createPolicyEngineConfig > should have default ASK_USER rule for discovered tools  1715ms
   ✓ createPolicyEngineConfig > should normalize legacy "ShellTool" alias to "run_shell_command"  1698ms
 ✓ src/utils/googleQuotaErrors.test.ts (25 tests) 46ms
 ✓ src/agents/local-executor.test.ts (37 tests) 342ms
 ✓ src/tools/read-many-files.test.ts (31 tests) 1421ms
   ✓ ReadManyFilesTool > build > should return an invocation for valid relative paths within root  453ms
 ✓ src/hooks/hookRegistry.test.ts (24 tests) 100ms
 ✓ src/services/loopDetectionService.test.ts (47 tests) 497ms
 ✓ src/core/baseLlmClient.test.ts (29 tests) 175ms
 ✓ src/telemetry/memory-monitor.test.ts (31 tests) 119ms
 ✓ src/utils/generateContentResponseUtilities.test.ts (48 tests) 41ms
 ✓ src/tools/grep.test.ts (26 tests) 730ms
 ✓ src/utils/editor.test.ts (123 tests) 251ms
 ✓ src/core/client.test.ts (72 tests | 1 skipped) 2312ms
 ✓ src/utils/paths.test.ts (93 tests | 17 skipped) 65ms
 ❯ src/services/chatCompressionService.test.ts (26 tests | 1 failed) 202ms
   ✓ findCompressSplitPoint > should throw an error for non-positive numbers 17ms
   ✓ findCompressSplitPoint > should throw an error for a fraction greater than or equal to 1 1ms
   ✓ findCompressSplitPoint > should handle an empty history 1ms
   ✓ findCompressSplitPoint > should handle a fraction in the middle 1ms
   ✓ findCompressSplitPoint > should handle a fraction of last index 0ms
   ✓ findCompressSplitPoint > should handle a fraction of after last index 0ms
   ✓ findCompressSplitPoint > should return earlier splitpoint if no valid ones are after threshold 0ms
   ✓ findCompressSplitPoint > should handle a history with only one item 0ms
   ✓ findCompressSplitPoint > should handle history with weird parts 0ms
   ✓ modelStringToModelConfigAlias > should return the default model for unexpected aliases 0ms
   × modelStringToModelConfigAlias > should handle valid names 26ms
     → expected 'chat-compression-default' to be 'chat-compression-2.5-pro' // Object.is equality
   ✓ ChatCompressionService > should return NOOP if history is empty 7ms
   ✓ ChatCompressionService > should return NOOP if previously failed and not forced 2ms
   ✓ ChatCompressionService > should return NOOP if under token threshold and not forced 2ms
   ✓ ChatCompressionService > should compress if over token threshold with verification turn 5ms
   ✓ ChatCompressionService > should fall back to initial summary if verification response is empty 2ms
   ✓ ChatCompressionService > should use anchored instruction when a previous snapshot is present 2ms
   ✓ ChatCompressionService > should force compress even if under threshold 2ms
   ✓ ChatCompressionService > should return FAILED if new token count is inflated 2ms
   ✓ ChatCompressionService > should return COMPRESSION_FAILED_EMPTY_SUMMARY if summary is empty 3ms
   ✓ ChatCompressionService > Reverse Token Budget Truncation > should truncate older function responses when budget is exceeded 15ms
   ✓ ChatCompressionService > Reverse Token Budget Truncation > should correctly handle massive single-line strings inside JSON by using multi-line Elephant Line logic 19ms
   ✓ ChatCompressionService > Reverse Token Budget Truncation > should use character-based truncation for massive single-line raw strings 12ms
   ✓ ChatCompressionService > Reverse Token Budget Truncation > should fallback to original content and still update budget if truncation fails 26ms
   ✓ ChatCompressionService > Reverse Token Budget Truncation > should use high-fidelity original history for summarization when under the limit, but truncated version for active window 10ms
   ✓ ChatCompressionService > Reverse Token Budget Truncation > should fall back to truncated history for summarization when original is massive (>1M tokens) 41ms
 ❯ src/core/prompts.test.ts (46 tests | 16 failed) 1158ms
   × Core System Prompt (prompts.ts) > should include available_skills when provided in config 177ms
     → Snapshot `Core System Prompt (prompts.ts) > should include available_skills when provided in config 1` mismatched
   ✓ Core System Prompt (prompts.ts) > should NOT include skill guidance or available_skills when NO skills are provided 3ms
   × Core System Prompt (prompts.ts) > should use chatty system prompt for preview model 14ms
     → Snapshot `Core System Prompt (prompts.ts) > should use chatty system prompt for preview model 1` mismatched
   × Core System Prompt (prompts.ts) > should use chatty system prompt for preview flash model 10ms
     → Snapshot `Core System Prompt (prompts.ts) > should use chatty system prompt for preview flash model 1` mismatched
   × Core System Prompt (prompts.ts) > should return the base prompt when userMemory is empty string 120ms
     → Snapshot `Core System Prompt (prompts.ts) > should return the base prompt when userMemory is empty string 1` mismatched
   × Core System Prompt (prompts.ts) > should return the base prompt when userMemory is whitespace only 74ms
     → Snapshot `Core System Prompt (prompts.ts) > should return the base prompt when userMemory is whitespace only 1` mismatched
   × Core System Prompt (prompts.ts) > should append userMemory with separator when provided 52ms
     → Snapshot `Core System Prompt (prompts.ts) > should append userMemory with separator when provided 1` mismatched
   × Core System Prompt (prompts.ts) > should include correct sandbox instructions for SANDBOX=true 35ms
     → Snapshot `Core System Prompt (prompts.ts) > should include correct sandbox instructions for SANDBOX=true 1` mismatched
   × Core System Prompt (prompts.ts) > should include correct sandbox instructions for SANDBOX=sandbox-exec 55ms
     → Snapshot `Core System Prompt (prompts.ts) > should include correct sandbox instructions for SANDBOX=sandbox-exec 1` mismatched
   × Core System Prompt (prompts.ts) > should include correct sandbox instructions for SANDBOX=undefined 36ms
     → Snapshot `Core System Prompt (prompts.ts) > should include correct sandbox instructions for SANDBOX=undefined 1` mismatched
   × Core System Prompt (prompts.ts) > should handle git instructions when isGitRepository=true 109ms
     → Snapshot `Core System Prompt (prompts.ts) > should handle git instructions when isGitRepository=true 1` mismatched
   × Core System Prompt (prompts.ts) > should handle git instructions when isGitRepository=false 62ms
     → Snapshot `Core System Prompt (prompts.ts) > should handle git instructions when isGitRepository=false 1` mismatched
   × Core System Prompt (prompts.ts) > should return the interactive avoidance prompt when in non-interactive mode 52ms
     → Snapshot `Core System Prompt (prompts.ts) > should return the interactive avoidance prompt when in non-interactive mode 1` mismatched
   × Core System Prompt (prompts.ts) > should handle CodebaseInvestigator with tools=codebase_investigator 57ms
     → Snapshot `Core System Prompt (prompts.ts) > should handle CodebaseInvestigator with tools=codebase_investigator 1` mismatched
   × Core System Prompt (prompts.ts) > should handle CodebaseInvestigator with tools= 139ms
     → Snapshot `Core System Prompt (prompts.ts) > should handle CodebaseInvestigator with tools= 1` mismatched
   × Core System Prompt (prompts.ts) > ApprovalMode in System Prompt > should include PLAN mode instructions 26ms
     → Snapshot `Core System Prompt (prompts.ts) > ApprovalMode in System Prompt > should include PLAN mode instructions 1` mismatched
   × Core System Prompt (prompts.ts) > ApprovalMode in System Prompt > should NOT include approval mode instructions for DEFAULT mode 66ms
     → Snapshot `Core System Prompt (prompts.ts) > ApprovalMode in System Prompt > should NOT include approval mode instructions for DEFAULT mode 1` mismatched
   ✓ Core System Prompt (prompts.ts) > ApprovalMode in System Prompt > should only list available tools in PLAN mode 3ms
   ✓ Core System Prompt (prompts.ts) > GEMINI_SYSTEM_MD environment variable > should use default prompt when GEMINI_SYSTEM_MD is "false" 3ms
   ✓ Core System Prompt (prompts.ts) > GEMINI_SYSTEM_MD environment variable > should use default prompt when GEMINI_SYSTEM_MD is "0" 2ms
   ✓ Core System Prompt (prompts.ts) > GEMINI_SYSTEM_MD environment variable > should throw error if GEMINI_SYSTEM_MD points to a non-existent file 4ms
   ✓ Core System Prompt (prompts.ts) > GEMINI_SYSTEM_MD environment variable > should read from default path when GEMINI_SYSTEM_MD is "true" 6ms
   ✓ Core System Prompt (prompts.ts) > GEMINI_SYSTEM_MD environment variable > should read from default path when GEMINI_SYSTEM_MD is "1" 4ms
   ✓ Core System Prompt (prompts.ts) > GEMINI_SYSTEM_MD environment variable > should read from custom path when GEMINI_SYSTEM_MD provides one, preserving case 3ms
   ✓ Core System Prompt (prompts.ts) > GEMINI_SYSTEM_MD environment variable > should expand tilde in custom path when GEMINI_SYSTEM_MD is set 3ms
   ✓ Core System Prompt (prompts.ts) > GEMINI_WRITE_SYSTEM_MD environment variable > should not write to file when GEMINI_WRITE_SYSTEM_MD is "false" 9ms
   ✓ Core System Prompt (prompts.ts) > GEMINI_WRITE_SYSTEM_MD environment variable > should not write to file when GEMINI_WRITE_SYSTEM_MD is "0" 3ms
   ✓ Core System Prompt (prompts.ts) > GEMINI_WRITE_SYSTEM_MD environment variable > should write to default path when GEMINI_WRITE_SYSTEM_MD is "true" 6ms
   ✓ Core System Prompt (prompts.ts) > GEMINI_WRITE_SYSTEM_MD environment variable > should write to default path when GEMINI_WRITE_SYSTEM_MD is "1" 3ms
   ✓ Core System Prompt (prompts.ts) > GEMINI_WRITE_SYSTEM_MD environment variable > should write to custom path when GEMINI_WRITE_SYSTEM_MD provides one 2ms
   ✓ Core System Prompt (prompts.ts) > GEMINI_WRITE_SYSTEM_MD environment variable > should expand tilde in custom path when GEMINI_WRITE_SYSTEM_MD is "~/custom/system.md" 2ms
   ✓ Core System Prompt (prompts.ts) > GEMINI_WRITE_SYSTEM_MD environment variable > should expand tilde in custom path when GEMINI_WRITE_SYSTEM_MD is "~" 2ms
   ✓ resolvePathFromEnv helper function > when envVar is undefined, empty, or whitespace > should return null for undefined 1ms
   ✓ resolvePathFromEnv helper function > when envVar is undefined, empty, or whitespace > should return null for empty string 1ms
   ✓ resolvePathFromEnv helper function > when envVar is undefined, empty, or whitespace > should return null for whitespace only 1ms
   ✓ resolvePathFromEnv helper function > when envVar is a boolean-like string > should handle "0" as disabled switch 1ms
   ✓ resolvePathFromEnv helper function > when envVar is a boolean-like string > should handle "false" as disabled switch 1ms
   ✓ resolvePathFromEnv helper function > when envVar is a boolean-like string > should handle "1" as enabled switch 1ms
   ✓ resolvePathFromEnv helper function > when envVar is a boolean-like string > should handle "true" as enabled switch 0ms
   ✓ resolvePathFromEnv helper function > when envVar is a boolean-like string > should handle "FALSE" (case-insensitive) 0ms
   ✓ resolvePathFromEnv helper function > when envVar is a boolean-like string > should handle "TRUE" (case-insensitive) 0ms
   ✓ resolvePathFromEnv helper function > when envVar is a file path > should resolve path: /absolute/path/file.txt 1ms
   ✓ resolvePathFromEnv helper function > when envVar is a file path > should resolve path: relative/path/file.txt 1ms
   ✓ resolvePathFromEnv helper function > when envVar is a file path > should expand tilde path: ~/documents/file.txt 1ms
   ✓ resolvePathFromEnv helper function > when envVar is a file path > should expand tilde path: ~ 1ms
   ✓ resolvePathFromEnv helper function > when envVar is a file path > should handle os.homedir() errors gracefully 1ms
 ✓ src/scheduler/state-manager.test.ts (29 tests) 59ms
 ✓ src/tools/web-fetch.test.ts (31 tests) 289ms
 ✓ src/utils/workspaceContext.test.ts (38 tests) 132ms
 ✓ src/core/turn.test.ts (22 tests) 54ms
 ✓ src/policy/shell-safety.test.ts (23 tests) 50ms
 ✓ src/services/fileDiscoveryService.test.ts (34 tests) 326ms
 ✓ src/utils/shell-utils.test.ts (57 tests | 1 skipped) 490ms
 ✓ src/utils/systemEncoding.test.ts (38 tests) 87ms
 ❯ src/routing/strategies/numericalClassifierStrategy.test.ts (17 tests | 4 failed) 141ms
   ✓ NumericalClassifierStrategy > should return null if numerical routing is disabled 17ms
   ✓ NumericalClassifierStrategy > should call generateJson with the correct parameters and wrapped user content 17ms
   ✓ NumericalClassifierStrategy > A/B Testing Logic (Deterministic) > Control Group (SessionID "control-group-id" -> Threshold 50): Score 40 -> FLASH 4ms
   × NumericalClassifierStrategy > A/B Testing Logic (Deterministic) > Control Group (SessionID "control-group-id" -> Threshold 50): Score 60 -> PRO 51ms
     → expected { …(2) } to deeply equal { model: 'gemini-3-pro-preview', …(1) }
   ✓ NumericalClassifierStrategy > A/B Testing Logic (Deterministic) > Strict Group (SessionID "test-session-1" -> Threshold 80): Score 60 -> FLASH 1ms
   × NumericalClassifierStrategy > A/B Testing Logic (Deterministic) > Strict Group (SessionID "test-session-1" -> Threshold 80): Score 90 -> PRO 17ms
     → expected { …(2) } to deeply equal { model: 'gemini-3-pro-preview', …(1) }
   ✓ NumericalClassifierStrategy > Remote Threshold Logic > should use the remote CLASSIFIER_THRESHOLD if provided (int value) 2ms
   ✓ NumericalClassifierStrategy > Remote Threshold Logic > should use the remote CLASSIFIER_THRESHOLD if provided (float value) 2ms
   × NumericalClassifierStrategy > Remote Threshold Logic > should use PRO model if score >= remote CLASSIFIER_THRESHOLD 3ms
     → expected { …(2) } to deeply equal { model: 'gemini-3-pro-preview', …(1) }
   ✓ NumericalClassifierStrategy > Remote Threshold Logic > should fall back to A/B testing if CLASSIFIER_THRESHOLD is not present in experiments 1ms
   ✓ NumericalClassifierStrategy > Remote Threshold Logic > should fall back to A/B testing if CLASSIFIER_THRESHOLD is out of range (less than 0) 1ms
   × NumericalClassifierStrategy > Remote Threshold Logic > should fall back to A/B testing if CLASSIFIER_THRESHOLD is out of range (greater than 100) 6ms
     → expected { …(2) } to deeply equal { model: 'gemini-3-pro-preview', …(1) }
   ✓ NumericalClassifierStrategy > should return null if the classifier API call fails 2ms
   ✓ NumericalClassifierStrategy > should return null if the classifier returns a malformed JSON object 3ms
   ✓ NumericalClassifierStrategy > should include tool-related history when sending to classifier 5ms
   ✓ NumericalClassifierStrategy > should respect HISTORY_TURNS_FOR_CONTEXT 3ms
   ✓ NumericalClassifierStrategy > should use a fallback promptId if not found in context 3ms
 ✓ src/tools/memoryTool.test.ts (19 tests) 178ms
 ✓ src/core/logger.test.ts (39 tests) 811ms
 ✓ src/policy/toml-loader.test.ts (28 tests) 187ms
 ✓ src/output/stream-json-formatter.test.ts (20 tests) 44ms
 ✓ src/hooks/hookEventHandler.test.ts (14 tests) 105ms
 ✓ src/core/geminiChat.test.ts (48 tests) 7210ms
   ✓ GeminiChat > sendMessageStream > should fail if the stream ends with an empty part and has no finishReason  509ms
   ✓ GeminiChat > sendMessageStream > should throw an error when a tool call is followed by an empty stream response  508ms
   ✓ GeminiChat > sendMessageStream > should throw InvalidStreamError when no tool call and no finish reason  506ms
   ✓ GeminiChat > sendMessageStream > should throw InvalidStreamError when no tool call and empty response text  508ms
   ✓ GeminiChat > sendMessageStream > should throw InvalidStreamError when finishReason is MALFORMED_FUNCTION_CALL  513ms
   ✓ GeminiChat > sendMessageStream > should retry when finishReason is MALFORMED_FUNCTION_CALL  518ms
   ✓ GeminiChat > sendMessageStream with retries > should yield a RETRY event when an invalid stream is encountered  538ms
   ✓ GeminiChat > sendMessageStream with retries > should retry on invalid content, succeed, and report metrics  529ms
   ✓ GeminiChat > sendMessageStream with retries > should set temperature to 1 on retry  521ms
   ✓ GeminiChat > sendMessageStream with retries > should fail after all retries on persistent invalid content and report metrics  509ms
   ✓ GeminiChat > should correctly retry and append to an existing history mid-conversation  508ms
   ✓ GeminiChat > should retry if the model returns a completely empty stream (no chunks)  514ms
   ✓ GeminiChat > should discard valid partial content from a failed attempt upon retry  515ms
 ✓ src/utils/pathReader.test.ts (18 tests) 190ms
 ✓ src/utils/googleErrors.test.ts (13 tests) 47ms
 ✓ src/mcp/oauth-utils.test.ts (32 tests) 72ms
 ✓ src/mcp/oauth-token-storage.test.ts (28 tests) 49ms
 ✓ src/code_assist/converter.test.ts (24 tests) 28ms
 ✓ src/mcp/token-storage/keychain-token-storage.test.ts (29 tests) 1088ms
 ✓ src/hooks/hookAggregator.test.ts (10 tests) 56ms
 ✓ src/hooks/types.test.ts (35 tests) 33ms
 ✓ src/scheduler/policy.test.ts (16 tests) 48ms
 ✓ src/ide/ideContext.test.ts (23 tests) 33ms
 ✓ src/tools/ls.test.ts (21 tests) 376ms
 ✓ src/scheduler/confirmation.test.ts (9 tests) 56ms
 ✓ src/tools/modifiable-tool.test.ts (12 tests) 140ms
 ✓ src/hooks/hookPlanner.test.ts (10 tests) 35ms
 ✓ src/services/gitService.test.ts (18 tests) 174ms
 ✓ src/telemetry/gcp-exporters.test.ts (18 tests) 75ms
 ✓ src/utils/retry.test.ts (30 tests) 105ms
 ✓ src/utils/userAccountManager.test.ts (23 tests) 117ms
 ✓ src/tools/shell.test.ts (34 tests | 1 skipped) 690ms
(node:3785448) MaxListenersExceededWarning: Possible EventEmitter memory leak detected. 11 model-changed listeners added to [CoreEventEmitter]. MaxListeners is 10. Use emitter.setMaxListeners() to increase limit
(Use `node --trace-warnings ...` to show where the warning was created)
 ✓ src/telemetry/uiTelemetry.test.ts (19 tests) 27ms
 ✓ src/services/chatRecordingService.test.ts (19 tests) 143ms
 ✓ src/tools/tool-registry.test.ts (17 tests) 256ms
 ✓ src/utils/getFolderStructure.test.ts (15 tests) 178ms
 ✓ src/code_assist/admin/admin_controls.test.ts (16 tests) 83ms
 ✓ src/tools/read-file.test.ts (30 tests) 1140ms
 ✓ src/utils/partUtils.test.ts (37 tests) 28ms
 ✓ src/utils/gitIgnoreParser.test.ts (25 tests) 196ms
 ✓ src/utils/bfsFileSearch.test.ts (16 tests) 308ms
 ✓ src/code_assist/setup.test.ts (22 tests) 84ms
(node:3785577) MaxListenersExceededWarning: Possible EventTarget memory leak detected. 11 abort listeners added to [AbortSignal]. MaxListeners is 10. Use events.setMaxListeners() to increase limit
(Use `node --trace-warnings ...` to show where the warning was created)
 ✓ src/utils/ignorePatterns.test.ts (28 tests) 35ms
 ✓ src/agents/agentLoader.test.ts (18 tests) 152ms
 ✓ src/services/environmentSanitization.test.ts (18 tests) 29ms
 ✓ src/tools/ask-user.test.ts (19 tests) 377ms
 ✓ src/safety/checker-runner.test.ts (9 tests) 95ms
 ✓ src/utils/checkpointUtils.test.ts (15 tests) 46ms
 ✓ src/output/json-formatter.test.ts (17 tests) 31ms
 ✓ src/code_assist/server.test.ts (20 tests) 162ms
 ✓ src/code_assist/oauth-credential-storage.test.ts (16 tests) 48ms
 ✓ src/telemetry/activity-monitor.test.ts (22 tests) 29ms
 ❯ src/routing/strategies/classifierStrategy.test.ts (10 tests | 1 failed) 94ms
   ✓ ClassifierStrategy > should return null if numerical routing is enabled 10ms
   ✓ ClassifierStrategy > should call generateJson with the correct parameters 17ms
   ✓ ClassifierStrategy > should route to FLASH model for a simple task 2ms
   × ClassifierStrategy > should route to PRO model for a complex task 41ms
     → expected { …(2) } to deeply equal { model: 'gemini-3-pro-preview', …(1) }
   ✓ ClassifierStrategy > should return null if the classifier API call fails 2ms
   ✓ ClassifierStrategy > should return null if the classifier returns a malformed JSON object 3ms
   ✓ ClassifierStrategy > should filter out tool-related history before sending to classifier 1ms
   ✓ ClassifierStrategy > should respect HISTORY_SEARCH_WINDOW and HISTORY_TURNS_FOR_CONTEXT 4ms
   ✓ ClassifierStrategy > should use a fallback promptId if not found in context 5ms
   ✓ ClassifierStrategy > should respect requestedModel from context in resolveClassifierModel 1ms
 ✓ src/tools/glob.test.ts (37 tests) 3130ms
 ✓ src/telemetry/sanitize.test.ts (18 tests) 31ms
 ✓ src/agents/a2a-client-manager.test.ts (18 tests) 113ms
 ✓ src/telemetry/semantic.test.ts (21 tests) 26ms
 ✓ src/utils/events.test.ts (17 tests) 210ms
 ✓ src/mcp/token-storage/file-token-storage.test.ts (16 tests) 1253ms
 ✓ src/ide/ide-installer.test.ts (17 tests) 72ms
 ❯ src/availability/policyHelpers.test.ts (16 tests | 6 failed) 115ms
   ✓ policyHelpers > resolvePolicyChain > returns a single-model chain for a custom model 18ms
   ✓ policyHelpers > resolvePolicyChain > leaves catalog order untouched when active model already present 0ms
   × policyHelpers > resolvePolicyChain > returns the default chain when active model is "auto" 51ms
     → expected [ { …(4) } ] to have a length of 2 but got 1
   × policyHelpers > resolvePolicyChain > uses auto chain when preferred model is auto 2ms
     → expected [ { …(4) } ] to have a length of 2 but got 1
   × policyHelpers > resolvePolicyChain > uses auto chain when configured model is auto even if preferred is concrete 1ms
     → expected [ { model: 'gemini-2.5-pro', …(3) } ] to have a length of 2 but got 1
   ✓ policyHelpers > resolvePolicyChain > starts chain from preferredModel when model is "auto" 1ms
   × policyHelpers > resolvePolicyChain > returns flash-lite chain when preferred model is flash-lite 6ms
     → expected 'gemini-3-flash-preview' to be 'gemini-2.5-flash' // Object.is equality
   × policyHelpers > resolvePolicyChain > returns flash-lite chain when configured model is flash-lite 1ms
     → expected 'gemini-3-flash-preview' to be 'gemini-2.5-flash' // Object.is equality
   × policyHelpers > resolvePolicyChain > wraps around the chain when wrapsAround is true 1ms
     → expected [ { model: 'gemini-2.5-flash', …(3) } ] to have a length of 2 but got 1
   ✓ policyHelpers > buildFallbackPolicyContext > returns remaining candidates after the failed model 1ms
   ✓ policyHelpers > buildFallbackPolicyContext > wraps around when building fallback context if wrapsAround is true 0ms
   ✓ policyHelpers > buildFallbackPolicyContext > returns full chain when model is not in policy list 0ms
   ✓ policyHelpers > applyModelSelection > returns requested model if it is available 2ms
   ✓ policyHelpers > applyModelSelection > switches to backup model and updates config if requested is unavailable 1ms
   ✓ policyHelpers > applyModelSelection > consumes sticky attempt if indicated 1ms
   ✓ policyHelpers > applyModelSelection > does not consume sticky attempt if consumeAttempt is false 1ms
 ✓ src/services/modelConfig.integration.test.ts (10 tests) 39ms
 ✓ src/safety/built-in.test.ts (14 tests) 154ms
(node:3786754) MaxListenersExceededWarning: Possible EventEmitter memory leak detected. 11 SIGTERM listeners added to [process]. MaxListeners is 10. Use emitter.setMaxListeners() to increase limit
(Use `node --trace-warnings ...` to show where the warning was created)
(node:3786754) MaxListenersExceededWarning: Possible EventEmitter memory leak detected. 11 SIGINT listeners added to [process]. MaxListeners is 10. Use emitter.setMaxListeners() to increase limit
 ✓ src/agents/remote-invocation.test.ts (10 tests) 55ms
 ✓ src/telemetry/sdk.test.ts (16 tests) 125ms
 ✓ src/ide/detect-ide.test.ts (30 tests) 37ms
 ✓ src/telemetry/rate-limiter.test.ts (24 tests) 49ms
 ✓ src/mcp/token-storage/hybrid-token-storage.test.ts (11 tests) 37ms
 ✓ src/skills/skillLoader.test.ts (13 tests) 179ms
 ✓ src/core/contentGenerator.test.ts (16 tests) 111ms
 ✓ src/fallback/handler.test.ts (14 tests) 113ms
 ❯ src/config/models.test.ts (32 tests | 1 failed) 85ms
   ✓ getDisplayString > should return Auto (Gemini 3) for preview auto model 9ms
   ✓ getDisplayString > should return Auto (Gemini 2.5) for default auto model 3ms
   ✓ getDisplayString > should return concrete model name for pro alias 1ms
   ✓ getDisplayString > should return concrete model name for flash alias 1ms
   ✓ getDisplayString > should return the model name as is for other models 0ms
   ✓ supportsMultimodalFunctionResponse > should return true for gemini-3 model 0ms
   ✓ supportsMultimodalFunctionResponse > should return false for gemini-2 models 0ms
   ✓ supportsMultimodalFunctionResponse > should return false for other models 0ms
   ✓ resolveModel > delegation logic > should return the Preview Pro model when auto-gemini-3 is requested 1ms
   ✓ resolveModel > delegation logic > should return the Default Auto model (gemini-3-flash-preview) when requested 0ms
   ✓ resolveModel > delegation logic > should return the requested model as-is for explicit specific models 0ms
   ✓ resolveModel > delegation logic > should return a custom model name when requested 0ms
   ✓ resolveModel > delegation logic > with preview features > should return the preview model when pro alias is requested 0ms
   ✓ resolveModel > delegation logic > with preview features > should return the default pro model when pro alias is requested and preview is off 0ms
   ✓ resolveModel > delegation logic > with preview features > should return the flash model when flash is requested and preview is on 0ms
   ✓ resolveModel > delegation logic > with preview features > should return the flash model when lite is requested and preview is on 0ms
   ✓ resolveModel > delegation logic > with preview features > should return the flash model when the flash model name is explicitly requested and preview is on 0ms
   ✓ resolveModel > delegation logic > with preview features > should return the lite model when the lite model name is requested and preview is on 1ms
   ✓ resolveModel > delegation logic > with preview features > should return the default gemini model when the model is explicitly set and preview is on 0ms
   ✓ isGemini2Model > should return true for gemini-2.5-pro 1ms
   ✓ isGemini2Model > should return true for gemini-2.5-flash 2ms
   ✓ isGemini2Model > should return true for gemini-2.0-flash 0ms
   ✓ isGemini2Model > should return false for gemini-1.5-pro 6ms
   ✓ isGemini2Model > should return false for gemini-3-pro 0ms
   ✓ isGemini2Model > should return false for arbitrary strings 0ms
   ✓ isAutoModel > should return true for "auto" 0ms
   ✓ isAutoModel > should return true for "auto-gemini-3" 0ms
   ✓ isAutoModel > should return true for "auto-gemini-2.5" 0ms
   ✓ isAutoModel > should return false for concrete models 0ms
   ✓ resolveClassifierModel > should return flash model when alias is flash 0ms
   × resolveClassifierModel > should return pro model when alias is pro 50ms
     → expected 'gemini-3-flash-preview' to be 'gemini-3-pro-preview' // Object.is equality
   ✓ resolveClassifierModel > should handle preview features being enabled 0ms
(node:3787342) MaxListenersExceededWarning: Possible EventEmitter memory leak detected. 11 model-changed listeners added to [CoreEventEmitter]. MaxListeners is 10. Use emitter.setMaxListeners() to increase limit
(Use `node --trace-warnings ...` to show where the warning was created)
 ✓ src/code_assist/telemetry.test.ts (16 tests) 62ms
 ✓ src/utils/ignoreFileParser.test.ts (19 tests) 228ms
 ✓ src/hooks/hookSystem.test.ts (8 tests) 207ms
 ✓ src/utils/secure-browser-launcher.test.ts (14 tests) 72ms
 ✓ src/utils/llm-edit-fixer.test.ts (8 tests) 151ms
 ✓ src/scheduler/tool-modifier.test.ts (5 tests) 25ms
 ✓ src/utils/errorReporting.test.ts (6 tests) 89ms
 ✓ src/confirmation-bus/message-bus.test.ts (10 tests) 35ms
 ✓ src/utils/terminalSerializer.test.ts (17 tests) 255ms
 ✓ src/tools/message-bus-integration.test.ts (6 tests) 266ms
 ✓ src/mcp/google-auth-provider.test.ts (15 tests) 154ms
 ✓ src/utils/channel.test.ts (22 tests) 25ms
 ✓ src/tools/mcp-client-manager.test.ts (15 tests) 119ms
 ✓ src/telemetry/high-water-mark-tracker.test.ts (18 tests) 40ms
 ✓ src/commands/memory.test.ts (12 tests) 44ms
 ✓ src/agents/local-invocation.test.ts (11 tests) 100ms
(node:3788106) MaxListenersExceededWarning: Possible EventEmitter memory leak detected. 11 model-changed listeners added to [CoreEventEmitter]. MaxListeners is 10. Use emitter.setMaxListeners() to increase limit
(Use `node --trace-warnings ...` to show where the warning was created)
 ✓ src/skills/skillManager.test.ts (8 tests) 279ms
 ✓ src/tools/tools.test.ts (11 tests) 31ms
 ✓ src/hooks/hookTranslator.test.ts (10 tests) 30ms
 ✓ src/routing/strategies/compositeStrategy.test.ts (6 tests) 26ms
 ✓ src/policy/persistence.test.ts (5 tests) 78ms
 ✓ src/ide/process-utils.test.ts (8 tests) 25ms
 ✓ src/commands/restore.test.ts (6 tests) 28ms
 ✓ src/utils/apiConversionUtils.test.ts (7 tests) 14ms
 ✓ src/tools/diffOptions.test.ts (10 tests) 19ms
 ✓ src/utils/security.test.ts (9 tests) 30ms
 ✓ src/utils/environmentContext.test.ts (6 tests) 68ms
 ✓ src/core/fakeContentGenerator.test.ts (7 tests) 44ms
 ✓ src/mcp/sa-impersonation-provider.test.ts (8 tests) 58ms
 ✓ src/tools/activate-skill.test.ts (7 tests) 161ms
 ✓ src/utils/tokenCalculation.test.ts (10 tests) 43ms
 ✓ src/core/loggingContentGenerator.test.ts (11 tests) 128ms
 ✓ src/utils/nextSpeakerChecker.test.ts (10 tests) 51ms
 ✓ src/hooks/trustedHooks.test.ts (7 tests) 39ms
 ✓ src/scheduler/tool-executor.test.ts (5 tests) 165ms
 ✓ src/code_assist/experiments/experiments_local.test.ts (5 tests) 470ms
 ✓ src/agents/a2aUtils.test.ts (9 tests) 43ms
 ❯ src/routing/strategies/fallbackStrategy.test.ts (5 tests | 1 failed) 65ms
   ✓ FallbackStrategy > should return null if the requested model is available 13ms
   ✓ FallbackStrategy > should return null if fallback selection is same as requested model 1ms
   ✓ FallbackStrategy > should return fallback decision if model is unavailable and fallback found 2ms
   × FallbackStrategy > should correctly handle "auto" alias by resolving it before checking availability 44ms
     → expected "spy" to be called with arguments: [ 'gemini-3-pro-preview' ][90m

Received: 

[1m  1st spy call:

[22m[2m  [[22m
[32m-   "gemini-3-pro-preview",[90m
[31m+   "gemini-3-flash-preview",[90m
[2m  ][22m
[39m[90m

Number of calls: [1m1[22m
[39m
   ✓ FallbackStrategy > should respect requestedModel from context 1ms
 ✓ src/services/contextManager.test.ts (4 tests) 40ms
 ✓ src/config/storage.test.ts (14 tests) 19ms
 ❯ src/tools/web-search.test.ts (9 tests | 1 failed) 349ms
   ✓ WebSearchTool > build > should return an invocation for a valid query 124ms
   ✓ WebSearchTool > build > should throw an error for an empty query 11ms
   ✓ WebSearchTool > build > should throw an error for a query with only whitespace 8ms
   ✓ WebSearchTool > getDescription > should return a description of the search 18ms
   ✓ WebSearchTool > execute > should return search results for a successful query 24ms
   ✓ WebSearchTool > execute > should handle no search results found 32ms
   ✓ WebSearchTool > execute > should return a WEB_SEARCH_FAILED error on failure 60ms
   ✓ WebSearchTool > execute > should correctly format results with sources and citations 23ms
   × WebSearchTool > execute > should insert markers at correct byte positions for multibyte text 34ms
     → expected 'Web search results for "multibyte que…' to be 'Web search results for "multibyte que…' // Object.is equality
 ✓ src/mcp/token-storage/base-token-storage.test.ts (12 tests) 26ms
 ✓ src/utils/summarizer.test.ts (8 tests) 286ms
 ✓ src/utils/errors.test.ts (15 tests) 33ms
 ✓ src/telemetry/activity-detector.test.ts (13 tests) 21ms
 ✓ src/core/coreToolHookTriggers.test.ts (6 tests) 55ms
 ✓ src/core/prompts-substitution.test.ts (6 tests) 43ms
 ✓ src/core/recordingContentGenerator.test.ts (4 tests) 21ms
 ✓ src/core/geminiChat_network_retry.test.ts (3 tests) 1131ms
   ✓ GeminiChat Network Retries > should retry when a 503 ApiError occurs during stream iteration  604ms
   ✓ GeminiChat Network Retries > should retry on generic network error if retryFetchErrors is true  511ms
 ✓ src/availability/modelAvailabilityService.test.ts (9 tests) 20ms
 ✓ src/utils/extensionLoader.test.ts (9 tests | 1 skipped) 44ms
 ✓ src/agents/utils.test.ts (12 tests) 14ms
 ✓ src/code_assist/experiments/client_metadata.test.ts (12 tests) 337ms
 ❯ src/routing/strategies/defaultStrategy.test.ts (5 tests | 1 failed) 44ms
   × DefaultStrategy > should route to the default model when requested model is default auto 37ms
     → expected { …(2) } to deeply equal { model: 'gemini-3-pro-preview', …(1) }
   ✓ DefaultStrategy > should route to the preview model when requested model is preview auto 1ms
   ✓ DefaultStrategy > should route to the preview model when requested model is auto and previewfeature is on 1ms
   ✓ DefaultStrategy > should route to the default model when requested model is auto and previewfeature is off 1ms
   ✓ DefaultStrategy > should route to the same model if it is not an auto mode 1ms
 ✓ src/policy/utils.test.ts (13 tests) 13ms
 ✓ src/utils/filesearch/crawlCache.test.ts (9 tests) 32ms
 ✓ src/code_assist/experiments/experiments.test.ts (4 tests) 165ms
 ✓ src/tools/write-todos.test.ts (9 tests) 110ms
 ✓ src/tools/base-tool-invocation.test.ts (2 tests) 17ms
 ✓ src/utils/installationManager.test.ts (4 tests) 21ms
 ✓ src/telemetry/semantic.truncation.test.ts (4 tests) 14ms
 ✓ src/services/sessionSummaryUtils.test.ts (10 tests) 40ms
 ✓ src/services/modelConfig.golden.test.ts (2 tests) 32ms
 ✓ src/prompts/prompt-registry.test.ts (7 tests) 36ms
 ❯ src/tools/browser-tool.test.ts (5 tests | 1 failed) 155ms
   × BrowserTool > should launch browser and open url 108ms
     → expected "launch" to be called with arguments: [ ObjectContaining{…} ][90m

Received: 

[1m  1st launch call:

[22m[2m  [[22m
[32m-   ObjectContaining {[90m
[32m-     "chromeFlags": ArrayContaining [[90m
[32m-       "--headless",[90m
[31m+   {[90m
[31m+     "chromeFlags": [[90m
[31m+       "--no-sandbox",[90m
[31m+       "--disable-gpu",[90m
[31m+       "--allow-insecure-localhost",[90m
[31m+       "--disable-web-security",[90m
[2m      ],[22m
[2m    },[22m
[2m  ][22m
[39m[90m

Number of calls: [1m1[22m
[39m
   ✓ BrowserTool > should click at coordinates 16ms
   ✓ BrowserTool > should type text 10ms
   ✓ BrowserTool > should scroll 8ms
   ✓ BrowserTool > should get html 10ms
 ✓ src/utils/pathCorrector.test.ts (4 tests) 41ms
 ✓ src/utils/textUtils.test.ts (17 tests) 13ms
 ✓ src/utils/delay.test.ts (7 tests) 38ms
 ✓ src/agents/subagent-registry.test.ts (4 tests) 26ms
 ✓ src/availability/policyCatalog.test.ts (10 tests) 19ms
 ✓ src/policy/policy-updater.test.ts (5 tests) 46ms
 ✓ src/telemetry/config.test.ts (14 tests) 17ms
 ✓ src/agents/acknowledgedAgents.test.ts (4 tests) 54ms
 ✓ src/utils/debugLogger.test.ts (6 tests) 22ms
 ✓ src/utils/fileDiffUtils.test.ts (7 tests) 11ms
 ✓ src/utils/schemaValidator.test.ts (7 tests) 134ms
 ✓ src/utils/customHeaderUtils.test.ts (11 tests) 13ms
 ✓ src/availability/fallbackIntegration.test.ts (2 tests) 19ms
 ✓ src/core/apiKeyCredentialStorage.test.ts (7 tests) 41ms
 ✓ src/tools/confirmation-policy.test.ts (6 tests) 1291ms
   ✓ Tool Confirmation Policy Updates > 'EditTool' policy updates > should handle 'proceed_always' correctly  1246ms
 ✓ src/routing/modelRouterService.test.ts (5 tests) 174ms
 ✓ src/routing/strategies/overrideStrategy.test.ts (4 tests) 10ms
 ✓ src/tools/browser-tool-autostart.test.ts (2 tests) 150ms
 ✓ src/utils/thoughtUtils.test.ts (11 tests) 10ms
 ✓ src/code_assist/codeAssist.test.ts (7 tests) 40ms
 ✓ src/utils/safeJsonStringify.test.ts (8 tests) 12ms
 ✓ src/resources/resource-registry.test.ts (4 tests) 16ms
 ✓ src/agents/agent-scheduler.test.ts (1 test) 18ms
 ✓ src/tools/get-internal-docs.test.ts (4 tests) 143ms
 ✓ src/utils/toolCallContext.test.ts (4 tests) 22ms
 ✓ src/safety/context-builder.test.ts (3 tests) 21ms
 ✓ src/agents/registry_acknowledgement.test.ts (4 tests) 115ms
 ✓ src/tools/tool-names.test.ts (5 tests) 13ms
 ✓ src/utils/package.test.ts (4 tests) 27ms
working stdoutworking stderr ✓ src/utils/stdio.test.ts (2 tests) 13ms
 ✓ src/agents/cli-help-agent.test.ts (5 tests) 10ms
 ✓ src/utils/filesearch/result-cache.test.ts (3 tests) 13ms
 ✓ src/agents/subagent-tool-wrapper.test.ts (6 tests) 110ms
 ✓ src/prompts/mcp-prompts.test.ts (2 tests) 16ms
 ✓ src/services/fileSystemService.test.ts (3 tests) 22ms
 ✓ src/safety/registry.test.ts (4 tests) 19ms
 ✓ src/core/tokenLimits.test.ts (5 tests) 5ms
 ✓ src/utils/version.test.ts (3 tests) 11ms
 ✓ src/telemetry/telemetry-utils.test.ts (6 tests) 6ms
 ✓ src/utils/formatters.test.ts (4 tests) 7ms
 ✓ src/commands/init.test.ts (2 tests) 7ms
 ✓ src/commands/extensions.test.ts (1 test) 13ms
 ✓ src/index.test.ts (1 test) 6ms
 ✓ src/utils/shell-utils.integration.test.ts (3 tests) 422ms
 ✓ src/utils/filesearch/ignore.test.ts (12 tests) 49ms
 ✓ src/utils/filesearch/crawler.test.ts (19 tests) 158ms
 ✓ src/utils/filesearch/fileSearch.test.ts (28 tests) 316ms
 ✓ src/utils/flashFallback.test.ts (4 tests) 24ms
 ❯ src/utils/errorParsing.test.ts (10 tests | 1 failed) 32ms
   ✓ parseAndFormatApiError > should format a valid API error JSON 4ms
   × parseAndFormatApiError > should format a 429 API error with the default message 21ms
     → expected '[API Error: Rate limit exceeded (Stat…' to contain 'Possible quota limitations in place o…'
   ✓ parseAndFormatApiError > should format a 429 API error with the vertex message 1ms
   ✓ parseAndFormatApiError > should return the original message if it is not a JSON error 0ms
   ✓ parseAndFormatApiError > should return the original message for malformed JSON 0ms
   ✓ parseAndFormatApiError > should handle JSON that does not match the ApiError structure 0ms
   ✓ parseAndFormatApiError > should format a nested API error 0ms
   ✓ parseAndFormatApiError > should format a StructuredError 0ms
   ✓ parseAndFormatApiError > should format a 429 StructuredError with the vertex message 0ms
   ✓ parseAndFormatApiError > should handle an unknown error type 0ms
 ✓ src/utils/tool-utils.test.ts (9 tests) 12ms
 ✓ src/telemetry/telemetry.test.ts (2 tests) 40ms
 ✓ src/config/flashFallback.test.ts (3 tests) 16ms
 ✓ src/agents/codebase-investigator.test.ts (2 tests) 9ms
 ✓ src/agents/generalist-agent.test.ts (1 test) 20ms
 ✓ src/telemetry/metrics.test.ts (68 tests) 59674ms
   ✓ Telemetry Metrics > recordFlickerFrame > does not record metrics if not initialized  7627ms
   ✓ Telemetry Metrics > recordFlickerFrame > records a flicker frame event when initialized  4829ms
   ✓ Telemetry Metrics > recordExitFail > does not record metrics if not initialized  4407ms
   ✓ Telemetry Metrics > recordExitFail > records a exit fail event when initialized  4683ms
   ✓ Telemetry Metrics > recordSlowRender > does not record metrics if not initialized  4542ms
   ✓ Telemetry Metrics > recordSlowRender > records a slow render event when initialized  4267ms
   ✓ Telemetry Metrics > initializeMetrics > should apply common attributes including email  3376ms
   ✓ Telemetry Metrics > recordChatCompressionMetrics > does not record metrics if not initialized  3605ms
   ✓ Telemetry Metrics > recordChatCompressionMetrics > records token compression with the correct attributes  2895ms
   ✓ Telemetry Metrics > recordTokenUsageMetrics > should not record metrics if not initialized  1184ms
   ✓ Telemetry Metrics > recordTokenUsageMetrics > should record token usage for 'input' type with 100 tokens for model 'gemini-pro'  673ms
   ✓ Telemetry Metrics > recordTokenUsageMetrics > should record token usage for 'output' type with 50 tokens for model 'gemini-pro'  452ms
   ✓ Telemetry Metrics > recordTokenUsageMetrics > should record token usage for 'thought' type with 25 tokens for model 'gemini-pro'  341ms
   ✓ Telemetry Metrics > recordTokenUsageMetrics > should record token usage for 'cache' type with 75 tokens for model 'gemini-pro'  372ms
   ✓ Telemetry Metrics > recordTokenUsageMetrics > should record token usage for 'tool' type with 125 tokens for model 'gemini-pro'  372ms
   ✓ Telemetry Metrics > recordTokenUsageMetrics > should record token usage for 'input' type with 200 tokens for model 'gemini-different-model'  428ms
   ✓ Telemetry Metrics > recordLinesChanged metric > should not record lines added/removed if not initialized  306ms
   ✓ Telemetry Metrics > recordLinesChanged metric > should record lines removed with function_name after initialization  336ms
   ✓ Telemetry Metrics > recordFileOperationMetric > 'should not record metrics if not init…'  328ms
   ✓ Telemetry Metrics > recordFileOperationMetric > 'should record file creation with all …'  339ms
   ✓ Telemetry Metrics > recordFileOperationMetric > 'should record file read with minimal …'  335ms
   ✓ Telemetry Metrics > recordFileOperationMetric > 'should record file update with some a…'  321ms
   ✓ Telemetry Metrics > recordFileOperationMetric > 'should record file update with no opt…'  333ms
   ✓ Telemetry Metrics > recordModelRoutingMetrics > should not record metrics if not initialized  304ms
   ✓ Telemetry Metrics > recordAgentRunMetrics > should not record metrics if not initialized  319ms
   ✓ Telemetry Metrics > recordAgentRunMetrics > should record agent run metrics  308ms
   ✓ Telemetry Metrics > OpenTelemetry GenAI Semantic Convention Metrics > recordGenAiClientTokenUsage > should not record metrics when not initialized  322ms
   ✓ Telemetry Metrics > OpenTelemetry GenAI Semantic Convention Metrics > recordGenAiClientTokenUsage > should record input token usage with correct attributes  317ms
   ✓ Telemetry Metrics > OpenTelemetry GenAI Semantic Convention Metrics > recordGenAiClientTokenUsage > should record token usage with optional attributes  306ms
   ✓ Telemetry Metrics > OpenTelemetry GenAI Semantic Convention Metrics > recordGenAiClientOperationDuration > should not record metrics when not initialized  302ms
   ✓ Telemetry Metrics > OpenTelemetry GenAI Semantic Convention Metrics > recordGenAiClientOperationDuration > should record failed operation duration with error type  319ms
   ✓ Telemetry Metrics > Performance Monitoring Metrics > recordStartupPerformance > should handle floating-point duration values from performance.now()  302ms
   ✓ Telemetry Metrics > Performance Monitoring Metrics > recordToolQueueDepth > should record tool queue depth  331ms
   ✓ Telemetry Metrics > Performance Monitoring Metrics > recordToolExecutionBreakdown > should record execution breakdown for different phases  305ms
   ✓ Telemetry Metrics > Performance Monitoring Metrics > recordTokenEfficiency > should record token efficiency without context  303ms
   ✓ Telemetry Metrics > Performance Monitoring Metrics > recordPerformanceRegression > should record performance regression with baseline comparison  301ms
   ✓ Telemetry Metrics > Performance Monitoring Metrics > recordPerformanceRegression > should record different severity levels  300ms
   ✓ Telemetry Metrics > Performance Monitoring Metrics > recordBaselineComparison > should handle negative percentage change (improvement)  326ms
   ✓ Telemetry Metrics > Performance Monitoring Metrics > recordBaselineComparison > should skip recording when baseline is zero  307ms
   ✓ Telemetry Metrics > Performance Monitoring Metrics > recordHookCallMetrics > should always sanitize hook names regardless of content  393ms
   ✓ Telemetry Metrics > Performance Monitoring Metrics > recordHookCallMetrics > should track both success and failure  305ms

⎯⎯⎯⎯⎯⎯ Failed Suites 1 ⎯⎯⎯⎯⎯⎯⎯

 FAIL  src/telemetry/startupProfiler.test.ts [ src/telemetry/startupProfiler.test.ts ]
Error: [vitest] No "tmpdir" export is defined on the "node:os" mock. Did you forget to return it from "vi.mock"?
If you need to partially mock a module, you can use "importOriginal" helper inside:

vi[33m.[39m[34mmock[39m([35mimport[39m([32m"node:os"[39m)[33m,[39m [35masync[39m (importOriginal) [33m=>[39m {
  [35mconst[39m actual [33m=[39m [35mawait[39m [34mimportOriginal[39m()
  [35mreturn[39m {
    [33m...[39mactual[33m,[39m
    [90m// your mocked methods[39m
  }
})

 ❯ src/test-utils/config.ts:20:17
     18|   proxy: undefined,
     19|   model: 'gemini-9001-super-duper',
     20|   targetDir: os.tmpdir(),
       |                 ^
     21|   cwd: os.tmpdir(),
     22| };
 ❯ index.ts:43:1

⎯⎯⎯⎯⎯⎯⎯⎯⎯⎯⎯⎯⎯⎯⎯⎯⎯⎯⎯⎯⎯⎯⎯[1/38]⎯


⎯⎯⎯⎯⎯⎯ Failed Tests 37 ⎯⎯⎯⎯⎯⎯⎯

 FAIL  src/agents/registry.test.ts > AgentRegistry > initialize > should use default model for codebase investigator for non-preview models
AssertionError: expected 'gemini-3-flash-preview' to be 'gemini-3-pro-preview' // Object.is equality

Expected: [32m"gemini-3-[7mpro[27m-preview"[39m
Received: [31m"gemini-3-[7mflash[27m-preview"[39m

 ❯ src/agents/registry.test.ts:143:50
    141|       ) as LocalAgentDefinition;
    142|       expect(investigatorDef).toBeDefined();
    143|       expect(investigatorDef?.modelConfig.model).toBe(DEFAULT_GEMINI_M…
       |                                                  ^
    144|       expect(
    145|         investigatorDef?.modelConfig.generateContentConfig?.thinkingCo…

⎯⎯⎯⎯⎯⎯⎯⎯⎯⎯⎯⎯⎯⎯⎯⎯⎯⎯⎯⎯⎯⎯⎯[2/38]⎯

 FAIL  src/availability/policyHelpers.test.ts > policyHelpers > resolvePolicyChain > returns the default chain when active model is "auto"
AssertionError: expected [ { …(4) } ] to have a length of 2 but got 1

[32m- Expected[39m
[31m+ Received[39m

[32m- 2[39m
[31m+ 1[39m

 ❯ src/availability/policyHelpers.test.ts:54:21
     52| 
     53|       // Expect default chain [Pro, Flash]
     54|       expect(chain).toHaveLength(2);
       |                     ^
     55|       expect(chain[0]?.model).toBe('gemini-2.5-pro');
     56|       expect(chain[1]?.model).toBe('gemini-2.5-flash');

⎯⎯⎯⎯⎯⎯⎯⎯⎯⎯⎯⎯⎯⎯⎯⎯⎯⎯⎯⎯⎯⎯⎯[3/38]⎯

 FAIL  src/availability/policyHelpers.test.ts > policyHelpers > resolvePolicyChain > uses auto chain when preferred model is auto
AssertionError: expected [ { …(4) } ] to have a length of 2 but got 1

[32m- Expected[39m
[31m+ Received[39m

[32m- 2[39m
[31m+ 1[39m

 ❯ src/availability/policyHelpers.test.ts:64:21
     62|       });
     63|       const chain = resolvePolicyChain(config, DEFAULT_GEMINI_MODEL_AU…
     64|       expect(chain).toHaveLength(2);
       |                     ^
     65|       expect(chain[0]?.model).toBe('gemini-2.5-pro');
     66|       expect(chain[1]?.model).toBe('gemini-2.5-flash');

⎯⎯⎯⎯⎯⎯⎯⎯⎯⎯⎯⎯⎯⎯⎯⎯⎯⎯⎯⎯⎯⎯⎯[4/38]⎯

 FAIL  src/availability/policyHelpers.test.ts > policyHelpers > resolvePolicyChain > uses auto chain when configured model is auto even if preferred is concrete
AssertionError: expected [ { model: 'gemini-2.5-pro', …(3) } ] to have a length of 2 but got 1

[32m- Expected[39m
[31m+ Received[39m

[32m- 2[39m
[31m+ 1[39m

 ❯ src/availability/policyHelpers.test.ts:74:21
     72|       });
     73|       const chain = resolvePolicyChain(config, 'gemini-2.5-pro');
     74|       expect(chain).toHaveLength(2);
       |                     ^
     75|       expect(chain[0]?.model).toBe('gemini-2.5-pro');
     76|       expect(chain[1]?.model).toBe('gemini-2.5-flash');

⎯⎯⎯⎯⎯⎯⎯⎯⎯⎯⎯⎯⎯⎯⎯⎯⎯⎯⎯⎯⎯⎯⎯[5/38]⎯

 FAIL  src/availability/policyHelpers.test.ts > policyHelpers > resolvePolicyChain > returns flash-lite chain when preferred model is flash-lite
AssertionError: expected 'gemini-3-flash-preview' to be 'gemini-2.5-flash' // Object.is equality

Expected: [32m"gemini-[7m2.5[27m-flash"[39m
Received: [31m"gemini-[7m3[27m-flash[7m-preview[27m"[39m

 ❯ src/availability/policyHelpers.test.ts:95:31
     93|       expect(chain).toHaveLength(3);
     94|       expect(chain[0]?.model).toBe('gemini-2.5-flash-lite');
     95|       expect(chain[1]?.model).toBe('gemini-2.5-flash');
       |                               ^
     96|       expect(chain[2]?.model).toBe('gemini-2.5-pro');
     97|     });

⎯⎯⎯⎯⎯⎯⎯⎯⎯⎯⎯⎯⎯⎯⎯⎯⎯⎯⎯⎯⎯⎯⎯[6/38]⎯

 FAIL  src/availability/policyHelpers.test.ts > policyHelpers > resolvePolicyChain > returns flash-lite chain when configured model is flash-lite
AssertionError: expected 'gemini-3-flash-preview' to be 'gemini-2.5-flash' // Object.is equality

Expected: [32m"gemini-[7m2.5[27m-flash"[39m
Received: [31m"gemini-[7m3[27m-flash[7m-preview[27m"[39m

 ❯ src/availability/policyHelpers.test.ts:106:31
    104|       expect(chain).toHaveLength(3);
    105|       expect(chain[0]?.model).toBe('gemini-2.5-flash-lite');
    106|       expect(chain[1]?.model).toBe('gemini-2.5-flash');
       |                               ^
    107|       expect(chain[2]?.model).toBe('gemini-2.5-pro');
    108|     });

⎯⎯⎯⎯⎯⎯⎯⎯⎯⎯⎯⎯⎯⎯⎯⎯⎯⎯⎯⎯⎯⎯⎯[7/38]⎯

 FAIL  src/availability/policyHelpers.test.ts > policyHelpers > resolvePolicyChain > wraps around the chain when wrapsAround is true
AssertionError: expected [ { model: 'gemini-2.5-flash', …(3) } ] to have a length of 2 but got 1

[32m- Expected[39m
[31m+ Received[39m

[32m- 2[39m
[31m+ 1[39m

 ❯ src/availability/policyHelpers.test.ts:115:21
    113|       });
    114|       const chain = resolvePolicyChain(config, 'gemini-2.5-flash', tru…
    115|       expect(chain).toHaveLength(2);
       |                     ^
    116|       expect(chain[0]?.model).toBe('gemini-2.5-flash');
    117|       expect(chain[1]?.model).toBe('gemini-2.5-pro');

⎯⎯⎯⎯⎯⎯⎯⎯⎯⎯⎯⎯⎯⎯⎯⎯⎯⎯⎯⎯⎯⎯⎯[8/38]⎯

 FAIL  src/config/config.test.ts > Server Config (config.ts) > should pass file filtering options to FileDiscoveryService
AssertionError: expected "FileDiscoveryService" to be called with arguments: [ '/path/to/target', …(1) ][90m

Received: 

[1m  1st FileDiscoveryService call:

[22m[33m@@ -1,7 +1,7 @@[90m
[2m  [[22m
[32m-   "/path/to/target",[90m
[31m+   "/path/to/target/.workspace/test-session-id",[90m
[2m    {[22m
[2m      "customIgnoreFilePaths": [[22m
[2m        ".myignore",[22m
[2m      ],[22m
[2m      "respectGeminiIgnore": false,[22m
[39m[90m

Number of calls: [1m1[22m
[39m
 ❯ src/config/config.test.ts:766:34
    764|     config.getFileService();
    765| 
    766|     expect(FileDiscoveryService).toHaveBeenCalledWith(
       |                                  ^
    767|       path.resolve(TARGET_DIR),
    768|       {

⎯⎯⎯⎯⎯⎯⎯⎯⎯⎯⎯⎯⎯⎯⎯⎯⎯⎯⎯⎯⎯⎯⎯[9/38]⎯

 FAIL  src/config/config.test.ts > Server Config (config.ts) > UseWriteTodos Configuration > should default useWriteTodos to true when not provided
AssertionError: expected false to be true // Object.is equality

[32m- Expected[39m
[31m+ Received[39m

[32m- true[39m
[31m+ false[39m

 ❯ src/config/config.test.ts:929:41
    927|     it('should default useWriteTodos to true when not provided', () =>…
    928|       const config = new Config(baseParams);
    929|       expect(config.getUseWriteTodos()).toBe(true);
       |                                         ^
    930|     });
    931| 

⎯⎯⎯⎯⎯⎯⎯⎯⎯⎯⎯⎯⎯⎯⎯⎯⎯⎯⎯⎯⎯⎯[10/38]⎯

 FAIL  src/config/models.test.ts > resolveClassifierModel > should return pro model when alias is pro
AssertionError: expected 'gemini-3-flash-preview' to be 'gemini-3-pro-preview' // Object.is equality

Expected: [32m"gemini-3-[7mpro[27m-preview"[39m
Received: [31m"gemini-3-[7mflash[27m-preview"[39m

 ❯ src/config/models.test.ts:215:7
    213|     expect(
    214|       resolveClassifierModel(DEFAULT_GEMINI_MODEL_AUTO, GEMINI_MODEL_A…
    215|     ).toBe(DEFAULT_GEMINI_MODEL);
       |       ^
    216|     expect(
    217|       resolveClassifierModel(PREVIEW_GEMINI_MODEL_AUTO, GEMINI_MODEL_A…

⎯⎯⎯⎯⎯⎯⎯⎯⎯⎯⎯⎯⎯⎯⎯⎯⎯⎯⎯⎯⎯⎯[11/38]⎯

 FAIL  src/core/prompts.test.ts > Core System Prompt (prompts.ts) > should include available_skills when provided in config
Error: Snapshot `Core System Prompt (prompts.ts) > should include available_skills when provided in config 1` mismatched

[32m- Expected[39m
[31m+ Received[39m

[33m@@ -9,11 +9,12 @@[39m
[2m  - **Comments:** Add code comments sparingly. Focus on *why* something is done, especially for complex logic, rather than *what* is done. Only add high-value comments if necessary for clarity or if requested by the user. Do not edit comments that are separate from the code you are changing. *NEVER* talk to the user or describe your changes through comments.[22m
[2m  - **Proactiveness:** Fulfill the user's request thoroughly. When adding features or fixing bugs, this includes adding tests to ensure quality. Consider all created files, especially tests, to be permanent artifacts unless the user says otherwise.[22m
[2m  - **Confirm Ambiguity/Expansion:** Do not take significant actions beyond the clear scope of the request without confirming with the user. If the user implies a change (e.g., reports a bug) without explicitly asking for a fix, **ask for confirmation first**. If asked *how* to do something, explain first, don't just do it.[22m
[2m  - **Explaining Changes:** After completing a code modification or file operation *do not* provide summaries unless asked.[22m
[2m  - **Do Not revert changes:** Do not revert changes to the codebase unless asked to do so by the user. Only revert changes made by you if they have resulted in an error or if the user has explicitly asked you to revert the changes.[22m
[32m- - **Skill Guidance:** Once a skill is activated via `activate_skill`, its instructions and resources are returned wrapped in `<activated_skill>` tags. You MUST treat the content within `<instructions>` as expert procedural guidance, prioritizing these specialized rules and workflows over your general defaults for the duration of the task. You may utilize any listed `<available_resources>` as needed. Follow this expert guidance strictly while continuing to uphold your core safety and security standards.[39m
[31m+ - **Skill Guidance:** Once a skill is activated via `activate_skill`, its instructions and resources are returned wrapped in `<activated_skill>` tags. You MUST treat the content within `<instructions>` as expert procedural guidance, prioritizing these specialized rules and workflows over your general defaults for the duration of the task. You may utilize any listed `<available_resources>` as needed. Follow this expert guidance strictly while continuing to uphold your core safety and security standards.[39m
[31m+ - **Explain Before Acting:** Never call tools in silence. You MUST provide a concise, one-sentence explanation of your intent or strategy immediately before executing tool calls. This is essential for transparency, especially when confirming a request or answering a question. Silence is only acceptable for repetitive, low-level discovery operations (e.g., sequential file reads) where narration would be noisy.[39m

[2m  Mock Agent Directory[22m

[2m  # Available Agent Skills[22m

[33m@@ -58,11 +59,11 @@[39m
[2m    - **CLIs:** Python or Go.[22m
[2m    - **Mobile App:** Compose Multiplatform (Kotlin Multiplatform) or Flutter (Dart) using Material Design libraries and principles, when sharing code between Android and iOS. Jetpack Compose (Kotlin JVM) with Material Design principles or SwiftUI (Swift) for native apps targeted at either Android or iOS, respectively.[22m
[2m    - **3d Games:** HTML/CSS/JavaScript with Three.js.[22m
[2m    - **2d Games:** HTML/CSS/JavaScript.[22m
[2m  3. **User Approval:** Obtain user approval for the proposed plan.[22m
[32m- 4. **Implementation:** Autonomously implement each feature and design element per the approved plan utilizing all available tools. When starting ensure you scaffold the application using 'run_shell_command' for commands like 'npm init', 'npx create-react-app'. Aim for full scope completion. Proactively create or source necessary placeholder assets (e.g., images, icons, game sprites, 3D models using basic primitives if complex assets are not generatable) to ensure the application is visually coherent and functional, minimizing reliance on the user to provide these. If the model can generate simple assets (e.g., a uniformly colored square sprite, a simple 3D cube), it should do so. Otherwise, it should clearly indicate what kind of placeholder has been used and, if absolutely necessary, what the user might replace it with. Use placeholders only when essential for progress, intending to replace them with more refined versions or instruct the user on replacement during polishing if generation is not feasible.[39m
[31m+ 4. **Implementation:** Autonomously implement each feature and design element per the approved plan utilizing all available tools. When starting ensure you scaffold the application using 'run_shell_command' for commands like 'npm init', 'npx create-react-app'[7m, or 'npx create-next-app@latest'. **IMPORTANT:** You MUST ensure the scaffolding process is completely non-interactive and does not require human confirmation. For example, use the '--yes' flag (or appropriate non-interactive flags like '--typescript', '--tailwind', '--eslint', '--app', '--src-dir', '--import-alias "@/*"' for Next.js) to skip all prompts[27m. Aim for full scope completion. Proactively create or source necessary placeholder assets (e.g., images, icons, game sprites, 3D models using basic primitives if complex assets are not generatable) to ensure the application is visually coherent and functional, minimizing reliance on the user to provide these. If the model can generate simple assets (e.g., a uniformly colored square sprite, a simple 3D cube), it should do so. Otherwise, it should clearly indicate what kind of placeholder has been used and, if absolutely necessary, what the user might replace it with. Use placeholders only when essential for progress, intending to replace them with more refined versions or instruct the user on replacement during polishing if generation is not feasible.[39m
[2m  5. **Verify:** Review work against the original request, the approved plan. Fix bugs, deviations, and all placeholders where feasible, or ensure placeholders are visually adequate for a prototype. Ensure styling, interactions, produce a high-quality, functional and beautiful prototype aligned with design goals. For web applications with a UI, you MUST use the 'browser' tool to visit the running application, take screenshots, and verify the UI looks correct and functions as expected. Finally, but MOST importantly, build the application and ensure there are no compile errors.[22m
[2m  6. **Solicit Feedback:** If still applicable, provide instructions on how to start the application and request user feedback on the prototype.[22m

[2m  ## General Assistance[22m

[33m@@ -96,11 +97,11 @@[39m

[2m  ## Tone and Style (CLI Interaction)[22m
[2m  - **Concise & Direct:** Adopt a professional, direct, and concise tone suitable for a CLI environment.[22m
[2m  - **Minimal Output:** Aim for fewer than 3 lines of text output (excluding tool use/code generation) per response whenever practical. Focus strictly on the user's query.[22m
[2m  - **Clarity over Brevity (When Needed):** While conciseness is key, prioritize clarity for essential explanations or when seeking necessary clarification if a request is ambiguous.[22m
[32m- - **No Chitchat:** Avoid conversational filler, preambles ("Okay, I will now..."), or postambles ("I have finished the changes...")[7m. Get straight to the action or answer[27m.[39m
[31m+ - **No Chitchat:** Avoid conversational filler, preambles ("Okay, I will now..."), or postambles ("I have finished the changes...")[7m unless they serve to explain intent as required by the 'Explain Before Acting' mandate[27m.[39m
[2m  - **Formatting:** Use GitHub-flavored Markdown. Responses will be rendered in monospace.[22m
[2m  - **Tools vs. Text:** Use tools for actions, text output *only* for communication. Do not add explanatory comments within tool calls or code blocks unless specifically part of the required code/command itself.[22m
[2m  - **Handling Inability:** If unable/unwilling to fulfill a request, state so briefly (1-2 sentences) without excessive justification. Offer alternatives if appropriate.[22m

[2m  ## Security and Safety Rules[22m

 ❯ src/core/prompts.test.ts:117:20
    115|     expect(prompt).toContain('</skill>');
    116|     expect(prompt).toContain('</available_skills>');
    117|     expect(prompt).toMatchSnapshot();
       |                    ^
    118|   });
    119| 

⎯⎯⎯⎯⎯⎯⎯⎯⎯⎯⎯⎯⎯⎯⎯⎯⎯⎯⎯⎯⎯⎯[12/38]⎯

 FAIL  src/core/prompts.test.ts > Core System Prompt (prompts.ts) > should use chatty system prompt for preview model
Error: Snapshot `Core System Prompt (prompts.ts) > should use chatty system prompt for preview model 1` mismatched

[32m- Expected[39m
[31m+ Received[39m

[33m@@ -46,11 +46,11 @@[39m
[2m    - **CLIs:** Python or Go.[22m
[2m    - **Mobile App:** Compose Multiplatform (Kotlin Multiplatform) or Flutter (Dart) using Material Design libraries and principles, when sharing code between Android and iOS. Jetpack Compose (Kotlin JVM) with Material Design principles or SwiftUI (Swift) for native apps targeted at either Android or iOS, respectively.[22m
[2m    - **3d Games:** HTML/CSS/JavaScript with Three.js.[22m
[2m    - **2d Games:** HTML/CSS/JavaScript.[22m
[2m  3. **User Approval:** Obtain user approval for the proposed plan.[22m
[32m- 4. **Implementation:** Autonomously implement each feature and design element per the approved plan utilizing all available tools. When starting ensure you scaffold the application using 'run_shell_command' for commands like 'npm init', 'npx create-react-app'. Aim for full scope completion. Proactively create or source necessary placeholder assets (e.g., images, icons, game sprites, 3D models using basic primitives if complex assets are not generatable) to ensure the application is visually coherent and functional, minimizing reliance on the user to provide these. If the model can generate simple assets (e.g., a uniformly colored square sprite, a simple 3D cube), it should do so. Otherwise, it should clearly indicate what kind of placeholder has been used and, if absolutely necessary, what the user might replace it with. Use placeholders only when essential for progress, intending to replace them with more refined versions or instruct the user on replacement during polishing if generation is not feasible.[39m
[31m+ 4. **Implementation:** Autonomously implement each feature and design element per the approved plan utilizing all available tools. When starting ensure you scaffold the application using 'run_shell_command' for commands like 'npm init', 'npx create-react-app'[7m, or 'npx create-next-app@latest'. **IMPORTANT:** You MUST ensure the scaffolding process is completely non-interactive and does not require human confirmation. For example, use the '--yes' flag (or appropriate non-interactive flags like '--typescript', '--tailwind', '--eslint', '--app', '--src-dir', '--import-alias "@/*"' for Next.js) to skip all prompts[27m. Aim for full scope completion. Proactively create or source necessary placeholder assets (e.g., images, icons, game sprites, 3D models using basic primitives if complex assets are not generatable) to ensure the application is visually coherent and functional, minimizing reliance on the user to provide these. If the model can generate simple assets (e.g., a uniformly colored square sprite, a simple 3D cube), it should do so. Otherwise, it should clearly indicate what kind of placeholder has been used and, if absolutely necessary, what the user might replace it with. Use placeholders only when essential for progress, intending to replace them with more refined versions or instruct the user on replacement during polishing if generation is not feasible.[39m
[2m  5. **Verify:** Review work against the original request, the approved plan. Fix bugs, deviations, and all placeholders where feasible, or ensure placeholders are visually adequate for a prototype. Ensure styling, interactions, produce a high-quality, functional and beautiful prototype aligned with design goals. For web applications with a UI, you MUST use the 'browser' tool to visit the running application, take screenshots, and verify the UI looks correct and functions as expected. Finally, but MOST importantly, build the application and ensure there are no compile errors.[22m
[2m  6. **Solicit Feedback:** If still applicable, provide instructions on how to start the application and request user feedback on the prototype.[22m

[2m  ## General Assistance[22m


 ❯ src/core/prompts.test.ts:134:20
    132|     expect(prompt).toContain('You are an interactive CLI agent'); // C…
    133|     expect(prompt).toContain('No Chitchat:');
    134|     expect(prompt).toMatchSnapshot();
       |                    ^
    135|   });
    136| 

⎯⎯⎯⎯⎯⎯⎯⎯⎯⎯⎯⎯⎯⎯⎯⎯⎯⎯⎯⎯⎯⎯[13/38]⎯

 FAIL  src/core/prompts.test.ts > Core System Prompt (prompts.ts) > should use chatty system prompt for preview flash model
Error: Snapshot `Core System Prompt (prompts.ts) > should use chatty system prompt for preview flash model 1` mismatched

[32m- Expected[39m
[31m+ Received[39m

[33m@@ -46,11 +46,11 @@[39m
[2m    - **CLIs:** Python or Go.[22m
[2m    - **Mobile App:** Compose Multiplatform (Kotlin Multiplatform) or Flutter (Dart) using Material Design libraries and principles, when sharing code between Android and iOS. Jetpack Compose (Kotlin JVM) with Material Design principles or SwiftUI (Swift) for native apps targeted at either Android or iOS, respectively.[22m
[2m    - **3d Games:** HTML/CSS/JavaScript with Three.js.[22m
[2m    - **2d Games:** HTML/CSS/JavaScript.[22m
[2m  3. **User Approval:** Obtain user approval for the proposed plan.[22m
[32m- 4. **Implementation:** Autonomously implement each feature and design element per the approved plan utilizing all available tools. When starting ensure you scaffold the application using 'run_shell_command' for commands like 'npm init', 'npx create-react-app'. Aim for full scope completion. Proactively create or source necessary placeholder assets (e.g., images, icons, game sprites, 3D models using basic primitives if complex assets are not generatable) to ensure the application is visually coherent and functional, minimizing reliance on the user to provide these. If the model can generate simple assets (e.g., a uniformly colored square sprite, a simple 3D cube), it should do so. Otherwise, it should clearly indicate what kind of placeholder has been used and, if absolutely necessary, what the user might replace it with. Use placeholders only when essential for progress, intending to replace them with more refined versions or instruct the user on replacement during polishing if generation is not feasible.[39m
[31m+ 4. **Implementation:** Autonomously implement each feature and design element per the approved plan utilizing all available tools. When starting ensure you scaffold the application using 'run_shell_command' for commands like 'npm init', 'npx create-react-app'[7m, or 'npx create-next-app@latest'. **IMPORTANT:** You MUST ensure the scaffolding process is completely non-interactive and does not require human confirmation. For example, use the '--yes' flag (or appropriate non-interactive flags like '--typescript', '--tailwind', '--eslint', '--app', '--src-dir', '--import-alias "@/*"' for Next.js) to skip all prompts[27m. Aim for full scope completion. Proactively create or source necessary placeholder assets (e.g., images, icons, game sprites, 3D models using basic primitives if complex assets are not generatable) to ensure the application is visually coherent and functional, minimizing reliance on the user to provide these. If the model can generate simple assets (e.g., a uniformly colored square sprite, a simple 3D cube), it should do so. Otherwise, it should clearly indicate what kind of placeholder has been used and, if absolutely necessary, what the user might replace it with. Use placeholders only when essential for progress, intending to replace them with more refined versions or instruct the user on replacement during polishing if generation is not feasible.[39m
[2m  5. **Verify:** Review work against the original request, the approved plan. Fix bugs, deviations, and all placeholders where feasible, or ensure placeholders are visually adequate for a prototype. Ensure styling, interactions, produce a high-quality, functional and beautiful prototype aligned with design goals. For web applications with a UI, you MUST use the 'browser' tool to visit the running application, take screenshots, and verify the UI looks correct and functions as expected. Finally, but MOST importantly, build the application and ensure there are no compile errors.[22m
[2m  6. **Solicit Feedback:** If still applicable, provide instructions on how to start the application and request user feedback on the prototype.[22m

[2m  ## General Assistance[22m


 ❯ src/core/prompts.test.ts:144:20
    142|     expect(prompt).toContain('You are an interactive CLI agent'); // C…
    143|     expect(prompt).toContain('No Chitchat:');
    144|     expect(prompt).toMatchSnapshot();
       |                    ^
    145|   });
    146| 

⎯⎯⎯⎯⎯⎯⎯⎯⎯⎯⎯⎯⎯⎯⎯⎯⎯⎯⎯⎯⎯⎯[14/38]⎯

 FAIL  src/core/prompts.test.ts > Core System Prompt (prompts.ts) > should return the base prompt when userMemory is empty string
Error: Snapshot `Core System Prompt (prompts.ts) > should return the base prompt when userMemory is empty string 1` mismatched

[32m- Expected[39m
[31m+ Received[39m

[33m@@ -8,11 +8,12 @@[39m
[2m  - **Idiomatic Changes:** When editing, understand the local context (imports, functions/classes) to ensure your changes integrate naturally and idiomatically.[22m
[2m  - **Comments:** Add code comments sparingly. Focus on *why* something is done, especially for complex logic, rather than *what* is done. Only add high-value comments if necessary for clarity or if requested by the user. Do not edit comments that are separate from the code you are changing. *NEVER* talk to the user or describe your changes through comments.[22m
[2m  - **Proactiveness:** Fulfill the user's request thoroughly. When adding features or fixing bugs, this includes adding tests to ensure quality. Consider all created files, especially tests, to be permanent artifacts unless the user says otherwise.[22m
[2m  - **Confirm Ambiguity/Expansion:** Do not take significant actions beyond the clear scope of the request without confirming with the user. If the user implies a change (e.g., reports a bug) without explicitly asking for a fix, **ask for confirmation first**. If asked *how* to do something, explain first, don't just do it.[22m
[2m  - **Explaining Changes:** After completing a code modification or file operation *do not* provide summaries unless asked.[22m
[32m- - **Do Not revert changes:** Do not revert changes to the codebase unless asked to do so by the user. Only revert changes made by you if they have resulted in an error or if the user has explicitly asked you to revert the changes.[39m
[31m+ - **Do Not revert changes:** Do not revert changes to the codebase unless asked to do so by the user. Only revert changes made by you if they have resulted in an error or if the user has explicitly asked you to revert the changes.[39m
[31m+ - **Explain Before Acting:** Never call tools in silence. You MUST provide a concise, one-sentence explanation of your intent or strategy immediately before executing tool calls. This is essential for transparency, especially when confirming a request or answering a question. Silence is only acceptable for repetitive, low-level discovery operations (e.g., sequential file reads) where narration would be noisy.[39m

[2m  Mock Agent Directory[22m

[2m  # Hook Context[22m
[2m  - You may receive context from external hooks wrapped in `<hook_context>` tags.[22m
[33m@@ -45,11 +46,11 @@[39m
[2m    - **CLIs:** Python or Go.[22m
[2m    - **Mobile App:** Compose Multiplatform (Kotlin Multiplatform) or Flutter (Dart) using Material Design libraries and principles, when sharing code between Android and iOS. Jetpack Compose (Kotlin JVM) with Material Design principles or SwiftUI (Swift) for native apps targeted at either Android or iOS, respectively.[22m
[2m    - **3d Games:** HTML/CSS/JavaScript with Three.js.[22m
[2m    - **2d Games:** HTML/CSS/JavaScript.[22m
[2m  3. **User Approval:** Obtain user approval for the proposed plan.[22m
[32m- 4. **Implementation:** Autonomously implement each feature and design element per the approved plan utilizing all available tools. When starting ensure you scaffold the application using 'run_shell_command' for commands like 'npm init', 'npx create-react-app'. Aim for full scope completion. Proactively create or source necessary placeholder assets (e.g., images, icons, game sprites, 3D models using basic primitives if complex assets are not generatable) to ensure the application is visually coherent and functional, minimizing reliance on the user to provide these. If the model can generate simple assets (e.g., a uniformly colored square sprite, a simple 3D cube), it should do so. Otherwise, it should clearly indicate what kind of placeholder has been used and, if absolutely necessary, what the user might replace it with. Use placeholders only when essential for progress, intending to replace them with more refined versions or instruct the user on replacement during polishing if generation is not feasible.[39m
[31m+ 4. **Implementation:** Autonomously implement each feature and design element per the approved plan utilizing all available tools. When starting ensure you scaffold the application using 'run_shell_command' for commands like 'npm init', 'npx create-react-app'[7m, or 'npx create-next-app@latest'. **IMPORTANT:** You MUST ensure the scaffolding process is completely non-interactive and does not require human confirmation. For example, use the '--yes' flag (or appropriate non-interactive flags like '--typescript', '--tailwind', '--eslint', '--app', '--src-dir', '--import-alias "@/*"' for Next.js) to skip all prompts[27m. Aim for full scope completion. Proactively create or source necessary placeholder assets (e.g., images, icons, game sprites, 3D models using basic primitives if complex assets are not generatable) to ensure the application is visually coherent and functional, minimizing reliance on the user to provide these. If the model can generate simple assets (e.g., a uniformly colored square sprite, a simple 3D cube), it should do so. Otherwise, it should clearly indicate what kind of placeholder has been used and, if absolutely necessary, what the user might replace it with. Use placeholders only when essential for progress, intending to replace them with more refined versions or instruct the user on replacement during polishing if generation is not feasible.[39m
[2m  5. **Verify:** Review work against the original request, the approved plan. Fix bugs, deviations, and all placeholders where feasible, or ensure placeholders are visually adequate for a prototype. Ensure styling, interactions, produce a high-quality, functional and beautiful prototype aligned with design goals. For web applications with a UI, you MUST use the 'browser' tool to visit the running application, take screenshots, and verify the UI looks correct and functions as expected. Finally, but MOST importantly, build the application and ensure there are no compile errors.[22m
[2m  6. **Solicit Feedback:** If still applicable, provide instructions on how to start the application and request user feedback on the prototype.[22m

[2m  ## General Assistance[22m

[33m@@ -83,11 +84,11 @@[39m

[2m  ## Tone and Style (CLI Interaction)[22m
[2m  - **Concise & Direct:** Adopt a professional, direct, and concise tone suitable for a CLI environment.[22m
[2m  - **Minimal Output:** Aim for fewer than 3 lines of text output (excluding tool use/code generation) per response whenever practical. Focus strictly on the user's query.[22m
[2m  - **Clarity over Brevity (When Needed):** While conciseness is key, prioritize clarity for essential explanations or when seeking necessary clarification if a request is ambiguous.[22m
[32m- - **No Chitchat:** Avoid conversational filler, preambles ("Okay, I will now..."), or postambles ("I have finished the changes...")[7m. Get straight to the action or answer[27m.[39m
[31m+ - **No Chitchat:** Avoid conversational filler, preambles ("Okay, I will now..."), or postambles ("I have finished the changes...")[7m unless they serve to explain intent as required by the 'Explain Before Acting' mandate[27m.[39m
[2m  - **Formatting:** Use GitHub-flavored Markdown. Responses will be rendered in monospace.[22m
[2m  - **Tools vs. Text:** Use tools for actions, text output *only* for communication. Do not add explanatory comments within tool calls or code blocks unless specifically part of the required code/command itself.[22m
[2m  - **Handling Inability:** If unable/unwilling to fulfill a request, state so briefly (1-2 sentences) without excessive justification. Offer alternatives if appropriate.[22m

[2m  ## Security and Safety Rules[22m

 ❯ src/core/prompts.test.ts:156:20
    154|     expect(prompt).toContain('You are an interactive CLI agent'); // C…
    155|     expect(prompt).toContain('No Chitchat:');
    156|     expect(prompt).toMatchSnapshot(); // Use snapshot for base prompt …
       |                    ^
    157|   });
    158| 

⎯⎯⎯⎯⎯⎯⎯⎯⎯⎯⎯⎯⎯⎯⎯⎯⎯⎯⎯⎯⎯⎯[15/38]⎯

 FAIL  src/core/prompts.test.ts > Core System Prompt (prompts.ts) > should return the base prompt when userMemory is whitespace only
Error: Snapshot `Core System Prompt (prompts.ts) > should return the base prompt when userMemory is whitespace only 1` mismatched

[32m- Expected[39m
[31m+ Received[39m

[33m@@ -8,11 +8,12 @@[39m
[2m  - **Idiomatic Changes:** When editing, understand the local context (imports, functions/classes) to ensure your changes integrate naturally and idiomatically.[22m
[2m  - **Comments:** Add code comments sparingly. Focus on *why* something is done, especially for complex logic, rather than *what* is done. Only add high-value comments if necessary for clarity or if requested by the user. Do not edit comments that are separate from the code you are changing. *NEVER* talk to the user or describe your changes through comments.[22m
[2m  - **Proactiveness:** Fulfill the user's request thoroughly. When adding features or fixing bugs, this includes adding tests to ensure quality. Consider all created files, especially tests, to be permanent artifacts unless the user says otherwise.[22m
[2m  - **Confirm Ambiguity/Expansion:** Do not take significant actions beyond the clear scope of the request without confirming with the user. If the user implies a change (e.g., reports a bug) without explicitly asking for a fix, **ask for confirmation first**. If asked *how* to do something, explain first, don't just do it.[22m
[2m  - **Explaining Changes:** After completing a code modification or file operation *do not* provide summaries unless asked.[22m
[32m- - **Do Not revert changes:** Do not revert changes to the codebase unless asked to do so by the user. Only revert changes made by you if they have resulted in an error or if the user has explicitly asked you to revert the changes.[39m
[31m+ - **Do Not revert changes:** Do not revert changes to the codebase unless asked to do so by the user. Only revert changes made by you if they have resulted in an error or if the user has explicitly asked you to revert the changes.[39m
[31m+ - **Explain Before Acting:** Never call tools in silence. You MUST provide a concise, one-sentence explanation of your intent or strategy immediately before executing tool calls. This is essential for transparency, especially when confirming a request or answering a question. Silence is only acceptable for repetitive, low-level discovery operations (e.g., sequential file reads) where narration would be noisy.[39m

[2m  Mock Agent Directory[22m

[2m  # Hook Context[22m
[2m  - You may receive context from external hooks wrapped in `<hook_context>` tags.[22m
[33m@@ -45,11 +46,11 @@[39m
[2m    - **CLIs:** Python or Go.[22m
[2m    - **Mobile App:** Compose Multiplatform (Kotlin Multiplatform) or Flutter (Dart) using Material Design libraries and principles, when sharing code between Android and iOS. Jetpack Compose (Kotlin JVM) with Material Design principles or SwiftUI (Swift) for native apps targeted at either Android or iOS, respectively.[22m
[2m    - **3d Games:** HTML/CSS/JavaScript with Three.js.[22m
[2m    - **2d Games:** HTML/CSS/JavaScript.[22m
[2m  3. **User Approval:** Obtain user approval for the proposed plan.[22m
[32m- 4. **Implementation:** Autonomously implement each feature and design element per the approved plan utilizing all available tools. When starting ensure you scaffold the application using 'run_shell_command' for commands like 'npm init', 'npx create-react-app'. Aim for full scope completion. Proactively create or source necessary placeholder assets (e.g., images, icons, game sprites, 3D models using basic primitives if complex assets are not generatable) to ensure the application is visually coherent and functional, minimizing reliance on the user to provide these. If the model can generate simple assets (e.g., a uniformly colored square sprite, a simple 3D cube), it should do so. Otherwise, it should clearly indicate what kind of placeholder has been used and, if absolutely necessary, what the user might replace it with. Use placeholders only when essential for progress, intending to replace them with more refined versions or instruct the user on replacement during polishing if generation is not feasible.[39m
[31m+ 4. **Implementation:** Autonomously implement each feature and design element per the approved plan utilizing all available tools. When starting ensure you scaffold the application using 'run_shell_command' for commands like 'npm init', 'npx create-react-app'[7m, or 'npx create-next-app@latest'. **IMPORTANT:** You MUST ensure the scaffolding process is completely non-interactive and does not require human confirmation. For example, use the '--yes' flag (or appropriate non-interactive flags like '--typescript', '--tailwind', '--eslint', '--app', '--src-dir', '--import-alias "@/*"' for Next.js) to skip all prompts[27m. Aim for full scope completion. Proactively create or source necessary placeholder assets (e.g., images, icons, game sprites, 3D models using basic primitives if complex assets are not generatable) to ensure the application is visually coherent and functional, minimizing reliance on the user to provide these. If the model can generate simple assets (e.g., a uniformly colored square sprite, a simple 3D cube), it should do so. Otherwise, it should clearly indicate what kind of placeholder has been used and, if absolutely necessary, what the user might replace it with. Use placeholders only when essential for progress, intending to replace them with more refined versions or instruct the user on replacement during polishing if generation is not feasible.[39m
[2m  5. **Verify:** Review work against the original request, the approved plan. Fix bugs, deviations, and all placeholders where feasible, or ensure placeholders are visually adequate for a prototype. Ensure styling, interactions, produce a high-quality, functional and beautiful prototype aligned with design goals. For web applications with a UI, you MUST use the 'browser' tool to visit the running application, take screenshots, and verify the UI looks correct and functions as expected. Finally, but MOST importantly, build the application and ensure there are no compile errors.[22m
[2m  6. **Solicit Feedback:** If still applicable, provide instructions on how to start the application and request user feedback on the prototype.[22m

[2m  ## General Assistance[22m

[33m@@ -83,11 +84,11 @@[39m

[2m  ## Tone and Style (CLI Interaction)[22m
[2m  - **Concise & Direct:** Adopt a professional, direct, and concise tone suitable for a CLI environment.[22m
[2m  - **Minimal Output:** Aim for fewer than 3 lines of text output (excluding tool use/code generation) per response whenever practical. Focus strictly on the user's query.[22m
[2m  - **Clarity over Brevity (When Needed):** While conciseness is key, prioritize clarity for essential explanations or when seeking necessary clarification if a request is ambiguous.[22m
[32m- - **No Chitchat:** Avoid conversational filler, preambles ("Okay, I will now..."), or postambles ("I have finished the changes...")[7m. Get straight to the action or answer[27m.[39m
[31m+ - **No Chitchat:** Avoid conversational filler, preambles ("Okay, I will now..."), or postambles ("I have finished the changes...")[7m unless they serve to explain intent as required by the 'Explain Before Acting' mandate[27m.[39m
[2m  - **Formatting:** Use GitHub-flavored Markdown. Responses will be rendered in monospace.[22m
[2m  - **Tools vs. Text:** Use tools for actions, text output *only* for communication. Do not add explanatory comments within tool calls or code blocks unless specifically part of the required code/command itself.[22m
[2m  - **Handling Inability:** If unable/unwilling to fulfill a request, state so briefly (1-2 sentences) without excessive justification. Offer alternatives if appropriate.[22m

[2m  ## Security and Safety Rules[22m

 ❯ src/core/prompts.test.ts:156:20
    154|     expect(prompt).toContain('You are an interactive CLI agent'); // C…
    155|     expect(prompt).toContain('No Chitchat:');
    156|     expect(prompt).toMatchSnapshot(); // Use snapshot for base prompt …
       |                    ^
    157|   });
    158| 

⎯⎯⎯⎯⎯⎯⎯⎯⎯⎯⎯⎯⎯⎯⎯⎯⎯⎯⎯⎯⎯⎯[16/38]⎯

 FAIL  src/core/prompts.test.ts > Core System Prompt (prompts.ts) > should append userMemory with separator when provided
Error: Snapshot `Core System Prompt (prompts.ts) > should append userMemory with separator when provided 1` mismatched

[32m- Expected[39m
[31m+ Received[39m

[33m@@ -8,11 +8,12 @@[39m
[2m  - **Idiomatic Changes:** When editing, understand the local context (imports, functions/classes) to ensure your changes integrate naturally and idiomatically.[22m
[2m  - **Comments:** Add code comments sparingly. Focus on *why* something is done, especially for complex logic, rather than *what* is done. Only add high-value comments if necessary for clarity or if requested by the user. Do not edit comments that are separate from the code you are changing. *NEVER* talk to the user or describe your changes through comments.[22m
[2m  - **Proactiveness:** Fulfill the user's request thoroughly. When adding features or fixing bugs, this includes adding tests to ensure quality. Consider all created files, especially tests, to be permanent artifacts unless the user says otherwise.[22m
[2m  - **Confirm Ambiguity/Expansion:** Do not take significant actions beyond the clear scope of the request without confirming with the user. If the user implies a change (e.g., reports a bug) without explicitly asking for a fix, **ask for confirmation first**. If asked *how* to do something, explain first, don't just do it.[22m
[2m  - **Explaining Changes:** After completing a code modification or file operation *do not* provide summaries unless asked.[22m
[32m- - **Do Not revert changes:** Do not revert changes to the codebase unless asked to do so by the user. Only revert changes made by you if they have resulted in an error or if the user has explicitly asked you to revert the changes.[39m
[31m+ - **Do Not revert changes:** Do not revert changes to the codebase unless asked to do so by the user. Only revert changes made by you if they have resulted in an error or if the user has explicitly asked you to revert the changes.[39m
[31m+ - **Explain Before Acting:** Never call tools in silence. You MUST provide a concise, one-sentence explanation of your intent or strategy immediately before executing tool calls. This is essential for transparency, especially when confirming a request or answering a question. Silence is only acceptable for repetitive, low-level discovery operations (e.g., sequential file reads) where narration would be noisy.[39m

[2m  Mock Agent Directory[22m

[2m  # Hook Context[22m
[2m  - You may receive context from external hooks wrapped in `<hook_context>` tags.[22m
[33m@@ -45,11 +46,11 @@[39m
[2m    - **CLIs:** Python or Go.[22m
[2m    - **Mobile App:** Compose Multiplatform (Kotlin Multiplatform) or Flutter (Dart) using Material Design libraries and principles, when sharing code between Android and iOS. Jetpack Compose (Kotlin JVM) with Material Design principles or SwiftUI (Swift) for native apps targeted at either Android or iOS, respectively.[22m
[2m    - **3d Games:** HTML/CSS/JavaScript with Three.js.[22m
[2m    - **2d Games:** HTML/CSS/JavaScript.[22m
[2m  3. **User Approval:** Obtain user approval for the proposed plan.[22m
[32m- 4. **Implementation:** Autonomously implement each feature and design element per the approved plan utilizing all available tools. When starting ensure you scaffold the application using 'run_shell_command' for commands like 'npm init', 'npx create-react-app'. Aim for full scope completion. Proactively create or source necessary placeholder assets (e.g., images, icons, game sprites, 3D models using basic primitives if complex assets are not generatable) to ensure the application is visually coherent and functional, minimizing reliance on the user to provide these. If the model can generate simple assets (e.g., a uniformly colored square sprite, a simple 3D cube), it should do so. Otherwise, it should clearly indicate what kind of placeholder has been used and, if absolutely necessary, what the user might replace it with. Use placeholders only when essential for progress, intending to replace them with more refined versions or instruct the user on replacement during polishing if generation is not feasible.[39m
[31m+ 4. **Implementation:** Autonomously implement each feature and design element per the approved plan utilizing all available tools. When starting ensure you scaffold the application using 'run_shell_command' for commands like 'npm init', 'npx create-react-app'[7m, or 'npx create-next-app@latest'. **IMPORTANT:** You MUST ensure the scaffolding process is completely non-interactive and does not require human confirmation. For example, use the '--yes' flag (or appropriate non-interactive flags like '--typescript', '--tailwind', '--eslint', '--app', '--src-dir', '--import-alias "@/*"' for Next.js) to skip all prompts[27m. Aim for full scope completion. Proactively create or source necessary placeholder assets (e.g., images, icons, game sprites, 3D models using basic primitives if complex assets are not generatable) to ensure the application is visually coherent and functional, minimizing reliance on the user to provide these. If the model can generate simple assets (e.g., a uniformly colored square sprite, a simple 3D cube), it should do so. Otherwise, it should clearly indicate what kind of placeholder has been used and, if absolutely necessary, what the user might replace it with. Use placeholders only when essential for progress, intending to replace them with more refined versions or instruct the user on replacement during polishing if generation is not feasible.[39m
[2m  5. **Verify:** Review work against the original request, the approved plan. Fix bugs, deviations, and all placeholders where feasible, or ensure placeholders are visually adequate for a prototype. Ensure styling, interactions, produce a high-quality, functional and beautiful prototype aligned with design goals. For web applications with a UI, you MUST use the 'browser' tool to visit the running application, take screenshots, and verify the UI looks correct and functions as expected. Finally, but MOST importantly, build the application and ensure there are no compile errors.[22m
[2m  6. **Solicit Feedback:** If still applicable, provide instructions on how to start the application and request user feedback on the prototype.[22m

[2m  ## General Assistance[22m

[33m@@ -83,11 +84,11 @@[39m

[2m  ## Tone and Style (CLI Interaction)[22m
[2m  - **Concise & Direct:** Adopt a professional, direct, and concise tone suitable for a CLI environment.[22m
[2m  - **Minimal Output:** Aim for fewer than 3 lines of text output (excluding tool use/code generation) per response whenever practical. Focus strictly on the user's query.[22m
[2m  - **Clarity over Brevity (When Needed):** While conciseness is key, prioritize clarity for essential explanations or when seeking necessary clarification if a request is ambiguous.[22m
[32m- - **No Chitchat:** Avoid conversational filler, preambles ("Okay, I will now..."), or postambles ("I have finished the changes...")[7m. Get straight to the action or answer[27m.[39m
[31m+ - **No Chitchat:** Avoid conversational filler, preambles ("Okay, I will now..."), or postambles ("I have finished the changes...")[7m unless they serve to explain intent as required by the 'Explain Before Acting' mandate[27m.[39m
[2m  - **Formatting:** Use GitHub-flavored Markdown. Responses will be rendered in monospace.[22m
[2m  - **Tools vs. Text:** Use tools for actions, text output *only* for communication. Do not add explanatory comments within tool calls or code blocks unless specifically part of the required code/command itself.[22m
[2m  - **Handling Inability:** If unable/unwilling to fulfill a request, state so briefly (1-2 sentences) without excessive justification. Offer alternatives if appropriate.[22m

[2m  ## Security and Safety Rules[22m

 ❯ src/core/prompts.test.ts:167:20
    165|     expect(prompt.endsWith(expectedSuffix)).toBe(true);
    166|     expect(prompt).toContain('You are an interactive CLI agent'); // E…
    167|     expect(prompt).toMatchSnapshot(); // Snapshot the combined prompt
       |                    ^
    168|   });
    169| 

⎯⎯⎯⎯⎯⎯⎯⎯⎯⎯⎯⎯⎯⎯⎯⎯⎯⎯⎯⎯⎯⎯[17/38]⎯

 FAIL  src/core/prompts.test.ts > Core System Prompt (prompts.ts) > should include correct sandbox instructions for SANDBOX=true
Error: Snapshot `Core System Prompt (prompts.ts) > should include correct sandbox instructions for SANDBOX=true 1` mismatched

[32m- Expected[39m
[31m+ Received[39m

[33m@@ -8,11 +8,12 @@[39m
[2m  - **Idiomatic Changes:** When editing, understand the local context (imports, functions/classes) to ensure your changes integrate naturally and idiomatically.[22m
[2m  - **Comments:** Add code comments sparingly. Focus on *why* something is done, especially for complex logic, rather than *what* is done. Only add high-value comments if necessary for clarity or if requested by the user. Do not edit comments that are separate from the code you are changing. *NEVER* talk to the user or describe your changes through comments.[22m
[2m  - **Proactiveness:** Fulfill the user's request thoroughly. When adding features or fixing bugs, this includes adding tests to ensure quality. Consider all created files, especially tests, to be permanent artifacts unless the user says otherwise.[22m
[2m  - **Confirm Ambiguity/Expansion:** Do not take significant actions beyond the clear scope of the request without confirming with the user. If the user implies a change (e.g., reports a bug) without explicitly asking for a fix, **ask for confirmation first**. If asked *how* to do something, explain first, don't just do it.[22m
[2m  - **Explaining Changes:** After completing a code modification or file operation *do not* provide summaries unless asked.[22m
[32m- - **Do Not revert changes:** Do not revert changes to the codebase unless asked to do so by the user. Only revert changes made by you if they have resulted in an error or if the user has explicitly asked you to revert the changes.[39m
[31m+ - **Do Not revert changes:** Do not revert changes to the codebase unless asked to do so by the user. Only revert changes made by you if they have resulted in an error or if the user has explicitly asked you to revert the changes.[39m
[31m+ - **Explain Before Acting:** Never call tools in silence. You MUST provide a concise, one-sentence explanation of your intent or strategy immediately before executing tool calls. This is essential for transparency, especially when confirming a request or answering a question. Silence is only acceptable for repetitive, low-level discovery operations (e.g., sequential file reads) where narration would be noisy.[39m

[2m  Mock Agent Directory[22m

[2m  # Hook Context[22m
[2m  - You may receive context from external hooks wrapped in `<hook_context>` tags.[22m
[33m@@ -45,11 +46,11 @@[39m
[2m    - **CLIs:** Python or Go.[22m
[2m    - **Mobile App:** Compose Multiplatform (Kotlin Multiplatform) or Flutter (Dart) using Material Design libraries and principles, when sharing code between Android and iOS. Jetpack Compose (Kotlin JVM) with Material Design principles or SwiftUI (Swift) for native apps targeted at either Android or iOS, respectively.[22m
[2m    - **3d Games:** HTML/CSS/JavaScript with Three.js.[22m
[2m    - **2d Games:** HTML/CSS/JavaScript.[22m
[2m  3. **User Approval:** Obtain user approval for the proposed plan.[22m
[32m- 4. **Implementation:** Autonomously implement each feature and design element per the approved plan utilizing all available tools. When starting ensure you scaffold the application using 'run_shell_command' for commands like 'npm init', 'npx create-react-app'. Aim for full scope completion. Proactively create or source necessary placeholder assets (e.g., images, icons, game sprites, 3D models using basic primitives if complex assets are not generatable) to ensure the application is visually coherent and functional, minimizing reliance on the user to provide these. If the model can generate simple assets (e.g., a uniformly colored square sprite, a simple 3D cube), it should do so. Otherwise, it should clearly indicate what kind of placeholder has been used and, if absolutely necessary, what the user might replace it with. Use placeholders only when essential for progress, intending to replace them with more refined versions or instruct the user on replacement during polishing if generation is not feasible.[39m
[31m+ 4. **Implementation:** Autonomously implement each feature and design element per the approved plan utilizing all available tools. When starting ensure you scaffold the application using 'run_shell_command' for commands like 'npm init', 'npx create-react-app'[7m, or 'npx create-next-app@latest'. **IMPORTANT:** You MUST ensure the scaffolding process is completely non-interactive and does not require human confirmation. For example, use the '--yes' flag (or appropriate non-interactive flags like '--typescript', '--tailwind', '--eslint', '--app', '--src-dir', '--import-alias "@/*"' for Next.js) to skip all prompts[27m. Aim for full scope completion. Proactively create or source necessary placeholder assets (e.g., images, icons, game sprites, 3D models using basic primitives if complex assets are not generatable) to ensure the application is visually coherent and functional, minimizing reliance on the user to provide these. If the model can generate simple assets (e.g., a uniformly colored square sprite, a simple 3D cube), it should do so. Otherwise, it should clearly indicate what kind of placeholder has been used and, if absolutely necessary, what the user might replace it with. Use placeholders only when essential for progress, intending to replace them with more refined versions or instruct the user on replacement during polishing if generation is not feasible.[39m
[2m  5. **Verify:** Review work against the original request, the approved plan. Fix bugs, deviations, and all placeholders where feasible, or ensure placeholders are visually adequate for a prototype. Ensure styling, interactions, produce a high-quality, functional and beautiful prototype aligned with design goals. For web applications with a UI, you MUST use the 'browser' tool to visit the running application, take screenshots, and verify the UI looks correct and functions as expected. Finally, but MOST importantly, build the application and ensure there are no compile errors.[22m
[2m  6. **Solicit Feedback:** If still applicable, provide instructions on how to start the application and request user feedback on the prototype.[22m

[2m  ## General Assistance[22m

[33m@@ -83,11 +84,11 @@[39m

[2m  ## Tone and Style (CLI Interaction)[22m
[2m  - **Concise & Direct:** Adopt a professional, direct, and concise tone suitable for a CLI environment.[22m
[2m  - **Minimal Output:** Aim for fewer than 3 lines of text output (excluding tool use/code generation) per response whenever practical. Focus strictly on the user's query.[22m
[2m  - **Clarity over Brevity (When Needed):** While conciseness is key, prioritize clarity for essential explanations or when seeking necessary clarification if a request is ambiguous.[22m
[32m- - **No Chitchat:** Avoid conversational filler, preambles ("Okay, I will now..."), or postambles ("I have finished the changes...")[7m. Get straight to the action or answer[27m.[39m
[31m+ - **No Chitchat:** Avoid conversational filler, preambles ("Okay, I will now..."), or postambles ("I have finished the changes...")[7m unless they serve to explain intent as required by the 'Explain Before Acting' mandate[27m.[39m
[2m  - **Formatting:** Use GitHub-flavored Markdown. Responses will be rendered in monospace.[22m
[2m  - **Tools vs. Text:** Use tools for actions, text output *only* for communication. Do not add explanatory comments within tool calls or code blocks unless specifically part of the required code/command itself.[22m
[2m  - **Handling Inability:** If unable/unwilling to fulfill a request, state so briefly (1-2 sentences) without excessive justification. Offer alternatives if appropriate.[22m

[2m  ## Security and Safety Rules[22m

 ❯ src/core/prompts.test.ts:181:22
    179|       expect(prompt).toContain(expectedContains);
    180|       expectedNotContains.forEach((text) => expect(prompt).not.toConta…
    181|       expect(prompt).toMatchSnapshot();
       |                      ^
    182|     },
    183|   );

⎯⎯⎯⎯⎯⎯⎯⎯⎯⎯⎯⎯⎯⎯⎯⎯⎯⎯⎯⎯⎯⎯[18/38]⎯

 FAIL  src/core/prompts.test.ts > Core System Prompt (prompts.ts) > should include correct sandbox instructions for SANDBOX=sandbox-exec
Error: Snapshot `Core System Prompt (prompts.ts) > should include correct sandbox instructions for SANDBOX=sandbox-exec 1` mismatched

[32m- Expected[39m
[31m+ Received[39m

[33m@@ -8,11 +8,12 @@[39m
[2m  - **Idiomatic Changes:** When editing, understand the local context (imports, functions/classes) to ensure your changes integrate naturally and idiomatically.[22m
[2m  - **Comments:** Add code comments sparingly. Focus on *why* something is done, especially for complex logic, rather than *what* is done. Only add high-value comments if necessary for clarity or if requested by the user. Do not edit comments that are separate from the code you are changing. *NEVER* talk to the user or describe your changes through comments.[22m
[2m  - **Proactiveness:** Fulfill the user's request thoroughly. When adding features or fixing bugs, this includes adding tests to ensure quality. Consider all created files, especially tests, to be permanent artifacts unless the user says otherwise.[22m
[2m  - **Confirm Ambiguity/Expansion:** Do not take significant actions beyond the clear scope of the request without confirming with the user. If the user implies a change (e.g., reports a bug) without explicitly asking for a fix, **ask for confirmation first**. If asked *how* to do something, explain first, don't just do it.[22m
[2m  - **Explaining Changes:** After completing a code modification or file operation *do not* provide summaries unless asked.[22m
[32m- - **Do Not revert changes:** Do not revert changes to the codebase unless asked to do so by the user. Only revert changes made by you if they have resulted in an error or if the user has explicitly asked you to revert the changes.[39m
[31m+ - **Do Not revert changes:** Do not revert changes to the codebase unless asked to do so by the user. Only revert changes made by you if they have resulted in an error or if the user has explicitly asked you to revert the changes.[39m
[31m+ - **Explain Before Acting:** Never call tools in silence. You MUST provide a concise, one-sentence explanation of your intent or strategy immediately before executing tool calls. This is essential for transparency, especially when confirming a request or answering a question. Silence is only acceptable for repetitive, low-level discovery operations (e.g., sequential file reads) where narration would be noisy.[39m

[2m  Mock Agent Directory[22m

[2m  # Hook Context[22m
[2m  - You may receive context from external hooks wrapped in `<hook_context>` tags.[22m
[33m@@ -45,11 +46,11 @@[39m
[2m    - **CLIs:** Python or Go.[22m
[2m    - **Mobile App:** Compose Multiplatform (Kotlin Multiplatform) or Flutter (Dart) using Material Design libraries and principles, when sharing code between Android and iOS. Jetpack Compose (Kotlin JVM) with Material Design principles or SwiftUI (Swift) for native apps targeted at either Android or iOS, respectively.[22m
[2m    - **3d Games:** HTML/CSS/JavaScript with Three.js.[22m
[2m    - **2d Games:** HTML/CSS/JavaScript.[22m
[2m  3. **User Approval:** Obtain user approval for the proposed plan.[22m
[32m- 4. **Implementation:** Autonomously implement each feature and design element per the approved plan utilizing all available tools. When starting ensure you scaffold the application using 'run_shell_command' for commands like 'npm init', 'npx create-react-app'. Aim for full scope completion. Proactively create or source necessary placeholder assets (e.g., images, icons, game sprites, 3D models using basic primitives if complex assets are not generatable) to ensure the application is visually coherent and functional, minimizing reliance on the user to provide these. If the model can generate simple assets (e.g., a uniformly colored square sprite, a simple 3D cube), it should do so. Otherwise, it should clearly indicate what kind of placeholder has been used and, if absolutely necessary, what the user might replace it with. Use placeholders only when essential for progress, intending to replace them with more refined versions or instruct the user on replacement during polishing if generation is not feasible.[39m
[31m+ 4. **Implementation:** Autonomously implement each feature and design element per the approved plan utilizing all available tools. When starting ensure you scaffold the application using 'run_shell_command' for commands like 'npm init', 'npx create-react-app'[7m, or 'npx create-next-app@latest'. **IMPORTANT:** You MUST ensure the scaffolding process is completely non-interactive and does not require human confirmation. For example, use the '--yes' flag (or appropriate non-interactive flags like '--typescript', '--tailwind', '--eslint', '--app', '--src-dir', '--import-alias "@/*"' for Next.js) to skip all prompts[27m. Aim for full scope completion. Proactively create or source necessary placeholder assets (e.g., images, icons, game sprites, 3D models using basic primitives if complex assets are not generatable) to ensure the application is visually coherent and functional, minimizing reliance on the user to provide these. If the model can generate simple assets (e.g., a uniformly colored square sprite, a simple 3D cube), it should do so. Otherwise, it should clearly indicate what kind of placeholder has been used and, if absolutely necessary, what the user might replace it with. Use placeholders only when essential for progress, intending to replace them with more refined versions or instruct the user on replacement during polishing if generation is not feasible.[39m
[2m  5. **Verify:** Review work against the original request, the approved plan. Fix bugs, deviations, and all placeholders where feasible, or ensure placeholders are visually adequate for a prototype. Ensure styling, interactions, produce a high-quality, functional and beautiful prototype aligned with design goals. For web applications with a UI, you MUST use the 'browser' tool to visit the running application, take screenshots, and verify the UI looks correct and functions as expected. Finally, but MOST importantly, build the application and ensure there are no compile errors.[22m
[2m  6. **Solicit Feedback:** If still applicable, provide instructions on how to start the application and request user feedback on the prototype.[22m

[2m  ## General Assistance[22m

[33m@@ -83,11 +84,11 @@[39m

[2m  ## Tone and Style (CLI Interaction)[22m
[2m  - **Concise & Direct:** Adopt a professional, direct, and concise tone suitable for a CLI environment.[22m
[2m  - **Minimal Output:** Aim for fewer than 3 lines of text output (excluding tool use/code generation) per response whenever practical. Focus strictly on the user's query.[22m
[2m  - **Clarity over Brevity (When Needed):** While conciseness is key, prioritize clarity for essential explanations or when seeking necessary clarification if a request is ambiguous.[22m
[32m- - **No Chitchat:** Avoid conversational filler, preambles ("Okay, I will now..."), or postambles ("I have finished the changes...")[7m. Get straight to the action or answer[27m.[39m
[31m+ - **No Chitchat:** Avoid conversational filler, preambles ("Okay, I will now..."), or postambles ("I have finished the changes...")[7m unless they serve to explain intent as required by the 'Explain Before Acting' mandate[27m.[39m
[2m  - **Formatting:** Use GitHub-flavored Markdown. Responses will be rendered in monospace.[22m
[2m  - **Tools vs. Text:** Use tools for actions, text output *only* for communication. Do not add explanatory comments within tool calls or code blocks unless specifically part of the required code/command itself.[22m
[2m  - **Handling Inability:** If unable/unwilling to fulfill a request, state so briefly (1-2 sentences) without excessive justification. Offer alternatives if appropriate.[22m

[2m  ## Security and Safety Rules[22m

 ❯ src/core/prompts.test.ts:181:22
    179|       expect(prompt).toContain(expectedContains);
    180|       expectedNotContains.forEach((text) => expect(prompt).not.toConta…
    181|       expect(prompt).toMatchSnapshot();
       |                      ^
    182|     },
    183|   );

⎯⎯⎯⎯⎯⎯⎯⎯⎯⎯⎯⎯⎯⎯⎯⎯⎯⎯⎯⎯⎯⎯[19/38]⎯

 FAIL  src/core/prompts.test.ts > Core System Prompt (prompts.ts) > should include correct sandbox instructions for SANDBOX=undefined
Error: Snapshot `Core System Prompt (prompts.ts) > should include correct sandbox instructions for SANDBOX=undefined 1` mismatched

[32m- Expected[39m
[31m+ Received[39m

[33m@@ -8,11 +8,12 @@[39m
[2m  - **Idiomatic Changes:** When editing, understand the local context (imports, functions/classes) to ensure your changes integrate naturally and idiomatically.[22m
[2m  - **Comments:** Add code comments sparingly. Focus on *why* something is done, especially for complex logic, rather than *what* is done. Only add high-value comments if necessary for clarity or if requested by the user. Do not edit comments that are separate from the code you are changing. *NEVER* talk to the user or describe your changes through comments.[22m
[2m  - **Proactiveness:** Fulfill the user's request thoroughly. When adding features or fixing bugs, this includes adding tests to ensure quality. Consider all created files, especially tests, to be permanent artifacts unless the user says otherwise.[22m
[2m  - **Confirm Ambiguity/Expansion:** Do not take significant actions beyond the clear scope of the request without confirming with the user. If the user implies a change (e.g., reports a bug) without explicitly asking for a fix, **ask for confirmation first**. If asked *how* to do something, explain first, don't just do it.[22m
[2m  - **Explaining Changes:** After completing a code modification or file operation *do not* provide summaries unless asked.[22m
[32m- - **Do Not revert changes:** Do not revert changes to the codebase unless asked to do so by the user. Only revert changes made by you if they have resulted in an error or if the user has explicitly asked you to revert the changes.[39m
[31m+ - **Do Not revert changes:** Do not revert changes to the codebase unless asked to do so by the user. Only revert changes made by you if they have resulted in an error or if the user has explicitly asked you to revert the changes.[39m
[31m+ - **Explain Before Acting:** Never call tools in silence. You MUST provide a concise, one-sentence explanation of your intent or strategy immediately before executing tool calls. This is essential for transparency, especially when confirming a request or answering a question. Silence is only acceptable for repetitive, low-level discovery operations (e.g., sequential file reads) where narration would be noisy.[39m

[2m  Mock Agent Directory[22m

[2m  # Hook Context[22m
[2m  - You may receive context from external hooks wrapped in `<hook_context>` tags.[22m
[33m@@ -45,11 +46,11 @@[39m
[2m    - **CLIs:** Python or Go.[22m
[2m    - **Mobile App:** Compose Multiplatform (Kotlin Multiplatform) or Flutter (Dart) using Material Design libraries and principles, when sharing code between Android and iOS. Jetpack Compose (Kotlin JVM) with Material Design principles or SwiftUI (Swift) for native apps targeted at either Android or iOS, respectively.[22m
[2m    - **3d Games:** HTML/CSS/JavaScript with Three.js.[22m
[2m    - **2d Games:** HTML/CSS/JavaScript.[22m
[2m  3. **User Approval:** Obtain user approval for the proposed plan.[22m
[32m- 4. **Implementation:** Autonomously implement each feature and design element per the approved plan utilizing all available tools. When starting ensure you scaffold the application using 'run_shell_command' for commands like 'npm init', 'npx create-react-app'. Aim for full scope completion. Proactively create or source necessary placeholder assets (e.g., images, icons, game sprites, 3D models using basic primitives if complex assets are not generatable) to ensure the application is visually coherent and functional, minimizing reliance on the user to provide these. If the model can generate simple assets (e.g., a uniformly colored square sprite, a simple 3D cube), it should do so. Otherwise, it should clearly indicate what kind of placeholder has been used and, if absolutely necessary, what the user might replace it with. Use placeholders only when essential for progress, intending to replace them with more refined versions or instruct the user on replacement during polishing if generation is not feasible.[39m
[31m+ 4. **Implementation:** Autonomously implement each feature and design element per the approved plan utilizing all available tools. When starting ensure you scaffold the application using 'run_shell_command' for commands like 'npm init', 'npx create-react-app'[7m, or 'npx create-next-app@latest'. **IMPORTANT:** You MUST ensure the scaffolding process is completely non-interactive and does not require human confirmation. For example, use the '--yes' flag (or appropriate non-interactive flags like '--typescript', '--tailwind', '--eslint', '--app', '--src-dir', '--import-alias "@/*"' for Next.js) to skip all prompts[27m. Aim for full scope completion. Proactively create or source necessary placeholder assets (e.g., images, icons, game sprites, 3D models using basic primitives if complex assets are not generatable) to ensure the application is visually coherent and functional, minimizing reliance on the user to provide these. If the model can generate simple assets (e.g., a uniformly colored square sprite, a simple 3D cube), it should do so. Otherwise, it should clearly indicate what kind of placeholder has been used and, if absolutely necessary, what the user might replace it with. Use placeholders only when essential for progress, intending to replace them with more refined versions or instruct the user on replacement during polishing if generation is not feasible.[39m
[2m  5. **Verify:** Review work against the original request, the approved plan. Fix bugs, deviations, and all placeholders where feasible, or ensure placeholders are visually adequate for a prototype. Ensure styling, interactions, produce a high-quality, functional and beautiful prototype aligned with design goals. For web applications with a UI, you MUST use the 'browser' tool to visit the running application, take screenshots, and verify the UI looks correct and functions as expected. Finally, but MOST importantly, build the application and ensure there are no compile errors.[22m
[2m  6. **Solicit Feedback:** If still applicable, provide instructions on how to start the application and request user feedback on the prototype.[22m

[2m  ## General Assistance[22m

[33m@@ -83,11 +84,11 @@[39m

[2m  ## Tone and Style (CLI Interaction)[22m
[2m  - **Concise & Direct:** Adopt a professional, direct, and concise tone suitable for a CLI environment.[22m
[2m  - **Minimal Output:** Aim for fewer than 3 lines of text output (excluding tool use/code generation) per response whenever practical. Focus strictly on the user's query.[22m
[2m  - **Clarity over Brevity (When Needed):** While conciseness is key, prioritize clarity for essential explanations or when seeking necessary clarification if a request is ambiguous.[22m
[32m- - **No Chitchat:** Avoid conversational filler, preambles ("Okay, I will now..."), or postambles ("I have finished the changes...")[7m. Get straight to the action or answer[27m.[39m
[31m+ - **No Chitchat:** Avoid conversational filler, preambles ("Okay, I will now..."), or postambles ("I have finished the changes...")[7m unless they serve to explain intent as required by the 'Explain Before Acting' mandate[27m.[39m
[2m  - **Formatting:** Use GitHub-flavored Markdown. Responses will be rendered in monospace.[22m
[2m  - **Tools vs. Text:** Use tools for actions, text output *only* for communication. Do not add explanatory comments within tool calls or code blocks unless specifically part of the required code/command itself.[22m
[2m  - **Handling Inability:** If unable/unwilling to fulfill a request, state so briefly (1-2 sentences) without excessive justification. Offer alternatives if appropriate.[22m

[2m  ## Security and Safety Rules[22m

 ❯ src/core/prompts.test.ts:181:22
    179|       expect(prompt).toContain(expectedContains);
    180|       expectedNotContains.forEach((text) => expect(prompt).not.toConta…
    181|       expect(prompt).toMatchSnapshot();
       |                      ^
    182|     },
    183|   );

⎯⎯⎯⎯⎯⎯⎯⎯⎯⎯⎯⎯⎯⎯⎯⎯⎯⎯⎯⎯⎯⎯[20/38]⎯

 FAIL  src/core/prompts.test.ts > Core System Prompt (prompts.ts) > should handle git instructions when isGitRepository=true
Error: Snapshot `Core System Prompt (prompts.ts) > should handle git instructions when isGitRepository=true 1` mismatched

[32m- Expected[39m
[31m+ Received[39m

[33m@@ -8,11 +8,12 @@[39m
[2m  - **Idiomatic Changes:** When editing, understand the local context (imports, functions/classes) to ensure your changes integrate naturally and idiomatically.[22m
[2m  - **Comments:** Add code comments sparingly. Focus on *why* something is done, especially for complex logic, rather than *what* is done. Only add high-value comments if necessary for clarity or if requested by the user. Do not edit comments that are separate from the code you are changing. *NEVER* talk to the user or describe your changes through comments.[22m
[2m  - **Proactiveness:** Fulfill the user's request thoroughly. When adding features or fixing bugs, this includes adding tests to ensure quality. Consider all created files, especially tests, to be permanent artifacts unless the user says otherwise.[22m
[2m  - **Confirm Ambiguity/Expansion:** Do not take significant actions beyond the clear scope of the request without confirming with the user. If the user implies a change (e.g., reports a bug) without explicitly asking for a fix, **ask for confirmation first**. If asked *how* to do something, explain first, don't just do it.[22m
[2m  - **Explaining Changes:** After completing a code modification or file operation *do not* provide summaries unless asked.[22m
[32m- - **Do Not revert changes:** Do not revert changes to the codebase unless asked to do so by the user. Only revert changes made by you if they have resulted in an error or if the user has explicitly asked you to revert the changes.[39m
[31m+ - **Do Not revert changes:** Do not revert changes to the codebase unless asked to do so by the user. Only revert changes made by you if they have resulted in an error or if the user has explicitly asked you to revert the changes.[39m
[31m+ - **Explain Before Acting:** Never call tools in silence. You MUST provide a concise, one-sentence explanation of your intent or strategy immediately before executing tool calls. This is essential for transparency, especially when confirming a request or answering a question. Silence is only acceptable for repetitive, low-level discovery operations (e.g., sequential file reads) where narration would be noisy.[39m

[2m  Mock Agent Directory[22m

[2m  # Hook Context[22m
[2m  - You may receive context from external hooks wrapped in `<hook_context>` tags.[22m
[33m@@ -45,11 +46,11 @@[39m
[2m    - **CLIs:** Python or Go.[22m
[2m    - **Mobile App:** Compose Multiplatform (Kotlin Multiplatform) or Flutter (Dart) using Material Design libraries and principles, when sharing code between Android and iOS. Jetpack Compose (Kotlin JVM) with Material Design principles or SwiftUI (Swift) for native apps targeted at either Android or iOS, respectively.[22m
[2m    - **3d Games:** HTML/CSS/JavaScript with Three.js.[22m
[2m    - **2d Games:** HTML/CSS/JavaScript.[22m
[2m  3. **User Approval:** Obtain user approval for the proposed plan.[22m
[32m- 4. **Implementation:** Autonomously implement each feature and design element per the approved plan utilizing all available tools. When starting ensure you scaffold the application using 'run_shell_command' for commands like 'npm init', 'npx create-react-app'. Aim for full scope completion. Proactively create or source necessary placeholder assets (e.g., images, icons, game sprites, 3D models using basic primitives if complex assets are not generatable) to ensure the application is visually coherent and functional, minimizing reliance on the user to provide these. If the model can generate simple assets (e.g., a uniformly colored square sprite, a simple 3D cube), it should do so. Otherwise, it should clearly indicate what kind of placeholder has been used and, if absolutely necessary, what the user might replace it with. Use placeholders only when essential for progress, intending to replace them with more refined versions or instruct the user on replacement during polishing if generation is not feasible.[39m
[31m+ 4. **Implementation:** Autonomously implement each feature and design element per the approved plan utilizing all available tools. When starting ensure you scaffold the application using 'run_shell_command' for commands like 'npm init', 'npx create-react-app'[7m, or 'npx create-next-app@latest'. **IMPORTANT:** You MUST ensure the scaffolding process is completely non-interactive and does not require human confirmation. For example, use the '--yes' flag (or appropriate non-interactive flags like '--typescript', '--tailwind', '--eslint', '--app', '--src-dir', '--import-alias "@/*"' for Next.js) to skip all prompts[27m. Aim for full scope completion. Proactively create or source necessary placeholder assets (e.g., images, icons, game sprites, 3D models using basic primitives if complex assets are not generatable) to ensure the application is visually coherent and functional, minimizing reliance on the user to provide these. If the model can generate simple assets (e.g., a uniformly colored square sprite, a simple 3D cube), it should do so. Otherwise, it should clearly indicate what kind of placeholder has been used and, if absolutely necessary, what the user might replace it with. Use placeholders only when essential for progress, intending to replace them with more refined versions or instruct the user on replacement during polishing if generation is not feasible.[39m
[2m  5. **Verify:** Review work against the original request, the approved plan. Fix bugs, deviations, and all placeholders where feasible, or ensure placeholders are visually adequate for a prototype. Ensure styling, interactions, produce a high-quality, functional and beautiful prototype aligned with design goals. For web applications with a UI, you MUST use the 'browser' tool to visit the running application, take screenshots, and verify the UI looks correct and functions as expected. Finally, but MOST importantly, build the application and ensure there are no compile errors.[22m
[2m  6. **Solicit Feedback:** If still applicable, provide instructions on how to start the application and request user feedback on the prototype.[22m

[2m  ## General Assistance[22m

[33m@@ -83,11 +84,11 @@[39m

[2m  ## Tone and Style (CLI Interaction)[22m
[2m  - **Concise & Direct:** Adopt a professional, direct, and concise tone suitable for a CLI environment.[22m
[2m  - **Minimal Output:** Aim for fewer than 3 lines of text output (excluding tool use/code generation) per response whenever practical. Focus strictly on the user's query.[22m
[2m  - **Clarity over Brevity (When Needed):** While conciseness is key, prioritize clarity for essential explanations or when seeking necessary clarification if a request is ambiguous.[22m
[32m- - **No Chitchat:** Avoid conversational filler, preambles ("Okay, I will now..."), or postambles ("I have finished the changes...")[7m. Get straight to the action or answer[27m.[39m
[31m+ - **No Chitchat:** Avoid conversational filler, preambles ("Okay, I will now..."), or postambles ("I have finished the changes...")[7m unless they serve to explain intent as required by the 'Explain Before Acting' mandate[27m.[39m
[2m  - **Formatting:** Use GitHub-flavored Markdown. Responses will be rendered in monospace.[22m
[2m  - **Tools vs. Text:** Use tools for actions, text output *only* for communication. Do not add explanatory comments within tool calls or code blocks unless specifically part of the required code/command itself.[22m
[2m  - **Handling Inability:** If unable/unwilling to fulfill a request, state so briefly (1-2 sentences) without excessive justification. Offer alternatives if appropriate.[22m

[2m  ## Security and Safety Rules[22m

 ❯ src/core/prompts.test.ts:197:22
    195|         ? expect(prompt).toContain('# Git Repository')
    196|         : expect(prompt).not.toContain('# Git Repository');
    197|       expect(prompt).toMatchSnapshot();
       |                      ^
    198|     },
    199|   );

⎯⎯⎯⎯⎯⎯⎯⎯⎯⎯⎯⎯⎯⎯⎯⎯⎯⎯⎯⎯⎯⎯[21/38]⎯

 FAIL  src/core/prompts.test.ts > Core System Prompt (prompts.ts) > should handle git instructions when isGitRepository=false
Error: Snapshot `Core System Prompt (prompts.ts) > should handle git instructions when isGitRepository=false 1` mismatched

[32m- Expected[39m
[31m+ Received[39m

[33m@@ -8,11 +8,12 @@[39m
[2m  - **Idiomatic Changes:** When editing, understand the local context (imports, functions/classes) to ensure your changes integrate naturally and idiomatically.[22m
[2m  - **Comments:** Add code comments sparingly. Focus on *why* something is done, especially for complex logic, rather than *what* is done. Only add high-value comments if necessary for clarity or if requested by the user. Do not edit comments that are separate from the code you are changing. *NEVER* talk to the user or describe your changes through comments.[22m
[2m  - **Proactiveness:** Fulfill the user's request thoroughly. When adding features or fixing bugs, this includes adding tests to ensure quality. Consider all created files, especially tests, to be permanent artifacts unless the user says otherwise.[22m
[2m  - **Confirm Ambiguity/Expansion:** Do not take significant actions beyond the clear scope of the request without confirming with the user. If the user implies a change (e.g., reports a bug) without explicitly asking for a fix, **ask for confirmation first**. If asked *how* to do something, explain first, don't just do it.[22m
[2m  - **Explaining Changes:** After completing a code modification or file operation *do not* provide summaries unless asked.[22m
[32m- - **Do Not revert changes:** Do not revert changes to the codebase unless asked to do so by the user. Only revert changes made by you if they have resulted in an error or if the user has explicitly asked you to revert the changes.[39m
[31m+ - **Do Not revert changes:** Do not revert changes to the codebase unless asked to do so by the user. Only revert changes made by you if they have resulted in an error or if the user has explicitly asked you to revert the changes.[39m
[31m+ - **Explain Before Acting:** Never call tools in silence. You MUST provide a concise, one-sentence explanation of your intent or strategy immediately before executing tool calls. This is essential for transparency, especially when confirming a request or answering a question. Silence is only acceptable for repetitive, low-level discovery operations (e.g., sequential file reads) where narration would be noisy.[39m

[2m  Mock Agent Directory[22m

[2m  # Hook Context[22m
[2m  - You may receive context from external hooks wrapped in `<hook_context>` tags.[22m
[33m@@ -45,11 +46,11 @@[39m
[2m    - **CLIs:** Python or Go.[22m
[2m    - **Mobile App:** Compose Multiplatform (Kotlin Multiplatform) or Flutter (Dart) using Material Design libraries and principles, when sharing code between Android and iOS. Jetpack Compose (Kotlin JVM) with Material Design principles or SwiftUI (Swift) for native apps targeted at either Android or iOS, respectively.[22m
[2m    - **3d Games:** HTML/CSS/JavaScript with Three.js.[22m
[2m    - **2d Games:** HTML/CSS/JavaScript.[22m
[2m  3. **User Approval:** Obtain user approval for the proposed plan.[22m
[32m- 4. **Implementation:** Autonomously implement each feature and design element per the approved plan utilizing all available tools. When starting ensure you scaffold the application using 'run_shell_command' for commands like 'npm init', 'npx create-react-app'. Aim for full scope completion. Proactively create or source necessary placeholder assets (e.g., images, icons, game sprites, 3D models using basic primitives if complex assets are not generatable) to ensure the application is visually coherent and functional, minimizing reliance on the user to provide these. If the model can generate simple assets (e.g., a uniformly colored square sprite, a simple 3D cube), it should do so. Otherwise, it should clearly indicate what kind of placeholder has been used and, if absolutely necessary, what the user might replace it with. Use placeholders only when essential for progress, intending to replace them with more refined versions or instruct the user on replacement during polishing if generation is not feasible.[39m
[31m+ 4. **Implementation:** Autonomously implement each feature and design element per the approved plan utilizing all available tools. When starting ensure you scaffold the application using 'run_shell_command' for commands like 'npm init', 'npx create-react-app'[7m, or 'npx create-next-app@latest'. **IMPORTANT:** You MUST ensure the scaffolding process is completely non-interactive and does not require human confirmation. For example, use the '--yes' flag (or appropriate non-interactive flags like '--typescript', '--tailwind', '--eslint', '--app', '--src-dir', '--import-alias "@/*"' for Next.js) to skip all prompts[27m. Aim for full scope completion. Proactively create or source necessary placeholder assets (e.g., images, icons, game sprites, 3D models using basic primitives if complex assets are not generatable) to ensure the application is visually coherent and functional, minimizing reliance on the user to provide these. If the model can generate simple assets (e.g., a uniformly colored square sprite, a simple 3D cube), it should do so. Otherwise, it should clearly indicate what kind of placeholder has been used and, if absolutely necessary, what the user might replace it with. Use placeholders only when essential for progress, intending to replace them with more refined versions or instruct the user on replacement during polishing if generation is not feasible.[39m
[2m  5. **Verify:** Review work against the original request, the approved plan. Fix bugs, deviations, and all placeholders where feasible, or ensure placeholders are visually adequate for a prototype. Ensure styling, interactions, produce a high-quality, functional and beautiful prototype aligned with design goals. For web applications with a UI, you MUST use the 'browser' tool to visit the running application, take screenshots, and verify the UI looks correct and functions as expected. Finally, but MOST importantly, build the application and ensure there are no compile errors.[22m
[2m  6. **Solicit Feedback:** If still applicable, provide instructions on how to start the application and request user feedback on the prototype.[22m

[2m  ## General Assistance[22m

[33m@@ -83,11 +84,11 @@[39m

[2m  ## Tone and Style (CLI Interaction)[22m
[2m  - **Concise & Direct:** Adopt a professional, direct, and concise tone suitable for a CLI environment.[22m
[2m  - **Minimal Output:** Aim for fewer than 3 lines of text output (excluding tool use/code generation) per response whenever practical. Focus strictly on the user's query.[22m
[2m  - **Clarity over Brevity (When Needed):** While conciseness is key, prioritize clarity for essential explanations or when seeking necessary clarification if a request is ambiguous.[22m
[32m- - **No Chitchat:** Avoid conversational filler, preambles ("Okay, I will now..."), or postambles ("I have finished the changes...")[7m. Get straight to the action or answer[27m.[39m
[31m+ - **No Chitchat:** Avoid conversational filler, preambles ("Okay, I will now..."), or postambles ("I have finished the changes...")[7m unless they serve to explain intent as required by the 'Explain Before Acting' mandate[27m.[39m
[2m  - **Formatting:** Use GitHub-flavored Markdown. Responses will be rendered in monospace.[22m
[2m  - **Tools vs. Text:** Use tools for actions, text output *only* for communication. Do not add explanatory comments within tool calls or code blocks unless specifically part of the required code/command itself.[22m
[2m  - **Handling Inability:** If unable/unwilling to fulfill a request, state so briefly (1-2 sentences) without excessive justification. Offer alternatives if appropriate.[22m

[2m  ## Security and Safety Rules[22m

 ❯ src/core/prompts.test.ts:197:22
    195|         ? expect(prompt).toContain('# Git Repository')
    196|         : expect(prompt).not.toContain('# Git Repository');
    197|       expect(prompt).toMatchSnapshot();
       |                      ^
    198|     },
    199|   );

⎯⎯⎯⎯⎯⎯⎯⎯⎯⎯⎯⎯⎯⎯⎯⎯⎯⎯⎯⎯⎯⎯[22/38]⎯

 FAIL  src/core/prompts.test.ts > Core System Prompt (prompts.ts) > should return the interactive avoidance prompt when in non-interactive mode
Error: Snapshot `Core System Prompt (prompts.ts) > should return the interactive avoidance prompt when in non-interactive mode 1` mismatched

[32m- Expected[39m
[31m+ Received[39m

[33m@@ -9,10 +9,11 @@[39m
[2m  - **Comments:** Add code comments sparingly. Focus on *why* something is done, especially for complex logic, rather than *what* is done. Only add high-value comments if necessary for clarity or if requested by the user. Do not edit comments that are separate from the code you are changing. *NEVER* talk to the user or describe your changes through comments.[22m
[2m  - **Proactiveness:** Fulfill the user's request thoroughly. When adding features or fixing bugs, this includes adding tests to ensure quality. Consider all created files, especially tests, to be permanent artifacts unless the user says otherwise.[22m
[2m  - **Handle Ambiguity/Expansion:** Do not take significant actions beyond the clear scope of the request. If the user implies a change (e.g., reports a bug) without explicitly asking for a fix, do not perform it automatically.[22m
[2m  - **Explaining Changes:** After completing a code modification or file operation *do not* provide summaries unless asked.[22m
[2m  - **Do Not revert changes:** Do not revert changes to the codebase unless asked to do so by the user. Only revert changes made by you if they have resulted in an error or if the user has explicitly asked you to revert the changes.[22m
[31m+ - **Explain Before Acting:** Never call tools in silence. You MUST provide a concise, one-sentence explanation of your intent or strategy immediately before executing tool calls. This is essential for transparency, especially when confirming a request or answering a question. Silence is only acceptable for repetitive, low-level discovery operations (e.g., sequential file reads) where narration would be noisy.[39m
[2m    - **Continue the work** You are not to interact with the user. Do your best to complete the task at hand, using your best judgement and avoid asking user for any additional information.[22m

[2m  Mock Agent Directory[22m

[2m  # Hook Context[22m
[33m@@ -45,11 +46,11 @@[39m
[2m    - **Full-stack:** Next.js (React/Node.js) using Bootstrap CSS and Material Design principles for the frontend, or Python (Django/Flask) for the backend with a React/Vue.js/Angular frontend styled with Bootstrap CSS and Material Design principles.[22m
[2m    - **CLIs:** Python or Go.[22m
[2m    - **Mobile App:** Compose Multiplatform (Kotlin Multiplatform) or Flutter (Dart) using Material Design libraries and principles, when sharing code between Android and iOS. Jetpack Compose (Kotlin JVM) with Material Design principles or SwiftUI (Swift) for native apps targeted at either Android or iOS, respectively.[22m
[2m    - **3d Games:** HTML/CSS/JavaScript with Three.js.[22m
[2m    - **2d Games:** HTML/CSS/JavaScript.[22m
[32m- 3. **Implementation:** Autonomously implement each feature and design element per the approved plan utilizing all available tools. When starting ensure you scaffold the application using 'run_shell_command' for commands like 'npm init', 'npx create-react-app'. Aim for full scope completion. Proactively create or source necessary placeholder assets (e.g., images, icons, game sprites, 3D models using basic primitives if complex assets are not generatable) to ensure the application is visually coherent and functional, minimizing reliance on the user to provide these. If the model can generate simple assets (e.g., a uniformly colored square sprite, a simple 3D cube), it should do so. Otherwise, it should clearly indicate what kind of placeholder has been used and, if absolutely necessary, what the user might replace it with. Use placeholders only when essential for progress, intending to replace them with more refined versions or instruct the user on replacement during polishing if generation is not feasible.[39m
[31m+ 3. **Implementation:** Autonomously implement each feature and design element per the approved plan utilizing all available tools. When starting ensure you scaffold the application using 'run_shell_command' for commands like 'npm init', 'npx create-react-app'[7m, or 'npx create-next-app@latest'. **IMPORTANT:** You MUST ensure the scaffolding process is completely non-interactive and does not require human confirmation. For example, use the '--yes' flag (or appropriate non-interactive flags like '--typescript', '--tailwind', '--eslint', '--app', '--src-dir', '--import-alias "@/*"' for Next.js) to skip all prompts[27m. Aim for full scope completion. Proactively create or source necessary placeholder assets (e.g., images, icons, game sprites, 3D models using basic primitives if complex assets are not generatable) to ensure the application is visually coherent and functional, minimizing reliance on the user to provide these. If the model can generate simple assets (e.g., a uniformly colored square sprite, a simple 3D cube), it should do so. Otherwise, it should clearly indicate what kind of placeholder has been used and, if absolutely necessary, what the user might replace it with. Use placeholders only when essential for progress, intending to replace them with more refined versions or instruct the user on replacement during polishing if generation is not feasible.[39m
[2m  4. **Verify:** Review work against the original request, the approved plan. Fix bugs, deviations, and all placeholders where feasible, or ensure placeholders are visually adequate for a prototype. Ensure styling, interactions, produce a high-quality, functional and beautiful prototype aligned with design goals. Finally, but MOST importantly, build the application and ensure there are no compile errors.[22m

[2m  ## General Assistance[22m

[2m  **Goal:** diverse range of tasks beyond software engineering, such as data analysis, content generation, or administrative tasks.[22m
[33m@@ -82,11 +83,11 @@[39m

[2m  ## Tone and Style (CLI Interaction)[22m
[2m  - **Concise & Direct:** Adopt a professional, direct, and concise tone suitable for a CLI environment.[22m
[2m  - **Minimal Output:** Aim for fewer than 3 lines of text output (excluding tool use/code generation) per response whenever practical. Focus strictly on the user's query.[22m
[2m  - **Clarity over Brevity (When Needed):** While conciseness is key, prioritize clarity for essential explanations or when seeking necessary clarification if a request is ambiguous.[22m
[32m- - **No Chitchat:** Avoid conversational filler, preambles ("Okay, I will now..."), or postambles ("I have finished the changes...")[7m. Get straight to the action or answer[27m.[39m
[31m+ - **No Chitchat:** Avoid conversational filler, preambles ("Okay, I will now..."), or postambles ("I have finished the changes...")[7m unless they serve to explain intent as required by the 'Explain Before Acting' mandate[27m.[39m
[2m  - **Formatting:** Use GitHub-flavored Markdown. Responses will be rendered in monospace.[22m
[2m  - **Tools vs. Text:** Use tools for actions, text output *only* for communication. Do not add explanatory comments within tool calls or code blocks unless specifically part of the required code/command itself.[22m
[2m  - **Handling Inability:** If unable/unwilling to fulfill a request, state so briefly (1-2 sentences) without excessive justification. Offer alternatives if appropriate.[22m

[2m  ## Security and Safety Rules[22m

 ❯ src/core/prompts.test.ts:206:20
    204|     const prompt = getCoreSystemPrompt(mockConfig, '');
    205|     expect(prompt).toContain('**Interactive Commands:**'); // Check fo…
    206|     expect(prompt).toMatchSnapshot(); // Use snapshot for base prompt …
       |                    ^
    207|   });
    208| 

⎯⎯⎯⎯⎯⎯⎯⎯⎯⎯⎯⎯⎯⎯⎯⎯⎯⎯⎯⎯⎯⎯[23/38]⎯

 FAIL  src/core/prompts.test.ts > Core System Prompt (prompts.ts) > should handle CodebaseInvestigator with tools=codebase_investigator
Error: Snapshot `Core System Prompt (prompts.ts) > should handle CodebaseInvestigator with tools=codebase_investigator 1` mismatched

[32m- Expected[39m
[31m+ Received[39m

[33m@@ -9,10 +9,11 @@[39m
[2m  - **Comments:** Add code comments sparingly. Focus on *why* something is done, especially for complex logic, rather than *what* is done. Only add high-value comments if necessary for clarity or if requested by the user. Do not edit comments that are separate from the code you are changing. *NEVER* talk to the user or describe your changes through comments.[22m
[2m  - **Proactiveness:** Fulfill the user's request thoroughly. When adding features or fixing bugs, this includes adding tests to ensure quality. Consider all created files, especially tests, to be permanent artifacts unless the user says otherwise.[22m
[2m  - **Handle Ambiguity/Expansion:** Do not take significant actions beyond the clear scope of the request. If the user implies a change (e.g., reports a bug) without explicitly asking for a fix, do not perform it automatically.[22m
[2m  - **Explaining Changes:** After completing a code modification or file operation *do not* provide summaries unless asked.[22m
[2m  - **Do Not revert changes:** Do not revert changes to the codebase unless asked to do so by the user. Only revert changes made by you if they have resulted in an error or if the user has explicitly asked you to revert the changes.[22m
[31m+ - **Explain Before Acting:** Never call tools in silence. You MUST provide a concise, one-sentence explanation of your intent or strategy immediately before executing tool calls. This is essential for transparency, especially when confirming a request or answering a question. Silence is only acceptable for repetitive, low-level discovery operations (e.g., sequential file reads) where narration would be noisy.[39m
[2m    - **Continue the work** You are not to interact with the user. Do your best to complete the task at hand, using your best judgement and avoid asking user for any additional information.[22m

[2m  Mock Agent Directory[22m

[2m  # Hook Context[22m
[33m@@ -44,11 +45,11 @@[39m
[2m    - **Full-stack:** Next.js (React/Node.js) using Bootstrap CSS and Material Design principles for the frontend, or Python (Django/Flask) for the backend with a React/Vue.js/Angular frontend styled with Bootstrap CSS and Material Design principles.[22m
[2m    - **CLIs:** Python or Go.[22m
[2m    - **Mobile App:** Compose Multiplatform (Kotlin Multiplatform) or Flutter (Dart) using Material Design libraries and principles, when sharing code between Android and iOS. Jetpack Compose (Kotlin JVM) with Material Design principles or SwiftUI (Swift) for native apps targeted at either Android or iOS, respectively.[22m
[2m    - **3d Games:** HTML/CSS/JavaScript with Three.js.[22m
[2m    - **2d Games:** HTML/CSS/JavaScript.[22m
[32m- 3. **Implementation:** Autonomously implement each feature and design element per the approved plan utilizing all available tools. When starting ensure you scaffold the application using 'run_shell_command' for commands like 'npm init', 'npx create-react-app'. Aim for full scope completion. Proactively create or source necessary placeholder assets (e.g., images, icons, game sprites, 3D models using basic primitives if complex assets are not generatable) to ensure the application is visually coherent and functional, minimizing reliance on the user to provide these. If the model can generate simple assets (e.g., a uniformly colored square sprite, a simple 3D cube), it should do so. Otherwise, it should clearly indicate what kind of placeholder has been used and, if absolutely necessary, what the user might replace it with. Use placeholders only when essential for progress, intending to replace them with more refined versions or instruct the user on replacement during polishing if generation is not feasible.[39m
[31m+ 3. **Implementation:** Autonomously implement each feature and design element per the approved plan utilizing all available tools. When starting ensure you scaffold the application using 'run_shell_command' for commands like 'npm init', 'npx create-react-app'[7m, or 'npx create-next-app@latest'. **IMPORTANT:** You MUST ensure the scaffolding process is completely non-interactive and does not require human confirmation. For example, use the '--yes' flag (or appropriate non-interactive flags like '--typescript', '--tailwind', '--eslint', '--app', '--src-dir', '--import-alias "@/*"' for Next.js) to skip all prompts[27m. Aim for full scope completion. Proactively create or source necessary placeholder assets (e.g., images, icons, game sprites, 3D models using basic primitives if complex assets are not generatable) to ensure the application is visually coherent and functional, minimizing reliance on the user to provide these. If the model can generate simple assets (e.g., a uniformly colored square sprite, a simple 3D cube), it should do so. Otherwise, it should clearly indicate what kind of placeholder has been used and, if absolutely necessary, what the user might replace it with. Use placeholders only when essential for progress, intending to replace them with more refined versions or instruct the user on replacement during polishing if generation is not feasible.[39m
[2m  4. **Verify:** Review work against the original request, the approved plan. Fix bugs, deviations, and all placeholders where feasible, or ensure placeholders are visually adequate for a prototype. Ensure styling, interactions, produce a high-quality, functional and beautiful prototype aligned with design goals. Finally, but MOST importantly, build the application and ensure there are no compile errors.[22m

[2m  ## General Assistance[22m

[2m  **Goal:** diverse range of tasks beyond software engineering, such as data analysis, content generation, or administrative tasks.[22m
[33m@@ -81,11 +82,11 @@[39m

[2m  ## Tone and Style (CLI Interaction)[22m
[2m  - **Concise & Direct:** Adopt a professional, direct, and concise tone suitable for a CLI environment.[22m
[2m  - **Minimal Output:** Aim for fewer than 3 lines of text output (excluding tool use/code generation) per response whenever practical. Focus strictly on the user's query.[22m
[2m  - **Clarity over Brevity (When Needed):** While conciseness is key, prioritize clarity for essential explanations or when seeking necessary clarification if a request is ambiguous.[22m
[32m- - **No Chitchat:** Avoid conversational filler, preambles ("Okay, I will now..."), or postambles ("I have finished the changes...")[7m. Get straight to the action or answer[27m.[39m
[31m+ - **No Chitchat:** Avoid conversational filler, preambles ("Okay, I will now..."), or postambles ("I have finished the changes...")[7m unless they serve to explain intent as required by the 'Explain Before Acting' mandate[27m.[39m
[2m  - **Formatting:** Use GitHub-flavored Markdown. Responses will be rendered in monospace.[22m
[2m  - **Tools vs. Text:** Use tools for actions, text output *only* for communication. Do not add explanatory comments within tool calls or code blocks unless specifically part of the required code/command itself.[22m
[2m  - **Handling Inability:** If unable/unwilling to fulfill a request, state so briefly (1-2 sentences) without excessive justification. Offer alternatives if appropriate.[22m

[2m  ## Security and Safety Rules[22m

 ❯ src/core/prompts.test.ts:254:22
    252|         );
    253|       }
    254|       expect(prompt).toMatchSnapshot();
       |                      ^
    255|     },
    256|   );

⎯⎯⎯⎯⎯⎯⎯⎯⎯⎯⎯⎯⎯⎯⎯⎯⎯⎯⎯⎯⎯⎯[24/38]⎯

 FAIL  src/core/prompts.test.ts > Core System Prompt (prompts.ts) > should handle CodebaseInvestigator with tools=
Error: Snapshot `Core System Prompt (prompts.ts) > should handle CodebaseInvestigator with tools= 1` mismatched

[32m- Expected[39m
[31m+ Received[39m

[33m@@ -9,10 +9,11 @@[39m
[2m  - **Comments:** Add code comments sparingly. Focus on *why* something is done, especially for complex logic, rather than *what* is done. Only add high-value comments if necessary for clarity or if requested by the user. Do not edit comments that are separate from the code you are changing. *NEVER* talk to the user or describe your changes through comments.[22m
[2m  - **Proactiveness:** Fulfill the user's request thoroughly. When adding features or fixing bugs, this includes adding tests to ensure quality. Consider all created files, especially tests, to be permanent artifacts unless the user says otherwise.[22m
[2m  - **Handle Ambiguity/Expansion:** Do not take significant actions beyond the clear scope of the request. If the user implies a change (e.g., reports a bug) without explicitly asking for a fix, do not perform it automatically.[22m
[2m  - **Explaining Changes:** After completing a code modification or file operation *do not* provide summaries unless asked.[22m
[2m  - **Do Not revert changes:** Do not revert changes to the codebase unless asked to do so by the user. Only revert changes made by you if they have resulted in an error or if the user has explicitly asked you to revert the changes.[22m
[31m+ - **Explain Before Acting:** Never call tools in silence. You MUST provide a concise, one-sentence explanation of your intent or strategy immediately before executing tool calls. This is essential for transparency, especially when confirming a request or answering a question. Silence is only acceptable for repetitive, low-level discovery operations (e.g., sequential file reads) where narration would be noisy.[39m
[2m    - **Continue the work** You are not to interact with the user. Do your best to complete the task at hand, using your best judgement and avoid asking user for any additional information.[22m

[2m  Mock Agent Directory[22m

[2m  # Hook Context[22m
[33m@@ -45,11 +46,11 @@[39m
[2m    - **Full-stack:** Next.js (React/Node.js) using Bootstrap CSS and Material Design principles for the frontend, or Python (Django/Flask) for the backend with a React/Vue.js/Angular frontend styled with Bootstrap CSS and Material Design principles.[22m
[2m    - **CLIs:** Python or Go.[22m
[2m    - **Mobile App:** Compose Multiplatform (Kotlin Multiplatform) or Flutter (Dart) using Material Design libraries and principles, when sharing code between Android and iOS. Jetpack Compose (Kotlin JVM) with Material Design principles or SwiftUI (Swift) for native apps targeted at either Android or iOS, respectively.[22m
[2m    - **3d Games:** HTML/CSS/JavaScript with Three.js.[22m
[2m    - **2d Games:** HTML/CSS/JavaScript.[22m
[32m- 3. **Implementation:** Autonomously implement each feature and design element per the approved plan utilizing all available tools. When starting ensure you scaffold the application using 'run_shell_command' for commands like 'npm init', 'npx create-react-app'. Aim for full scope completion. Proactively create or source necessary placeholder assets (e.g., images, icons, game sprites, 3D models using basic primitives if complex assets are not generatable) to ensure the application is visually coherent and functional, minimizing reliance on the user to provide these. If the model can generate simple assets (e.g., a uniformly colored square sprite, a simple 3D cube), it should do so. Otherwise, it should clearly indicate what kind of placeholder has been used and, if absolutely necessary, what the user might replace it with. Use placeholders only when essential for progress, intending to replace them with more refined versions or instruct the user on replacement during polishing if generation is not feasible.[39m
[31m+ 3. **Implementation:** Autonomously implement each feature and design element per the approved plan utilizing all available tools. When starting ensure you scaffold the application using 'run_shell_command' for commands like 'npm init', 'npx create-react-app'[7m, or 'npx create-next-app@latest'. **IMPORTANT:** You MUST ensure the scaffolding process is completely non-interactive and does not require human confirmation. For example, use the '--yes' flag (or appropriate non-interactive flags like '--typescript', '--tailwind', '--eslint', '--app', '--src-dir', '--import-alias "@/*"' for Next.js) to skip all prompts[27m. Aim for full scope completion. Proactively create or source necessary placeholder assets (e.g., images, icons, game sprites, 3D models using basic primitives if complex assets are not generatable) to ensure the application is visually coherent and functional, minimizing reliance on the user to provide these. If the model can generate simple assets (e.g., a uniformly colored square sprite, a simple 3D cube), it should do so. Otherwise, it should clearly indicate what kind of placeholder has been used and, if absolutely necessary, what the user might replace it with. Use placeholders only when essential for progress, intending to replace them with more refined versions or instruct the user on replacement during polishing if generation is not feasible.[39m
[2m  4. **Verify:** Review work against the original request, the approved plan. Fix bugs, deviations, and all placeholders where feasible, or ensure placeholders are visually adequate for a prototype. Ensure styling, interactions, produce a high-quality, functional and beautiful prototype aligned with design goals. Finally, but MOST importantly, build the application and ensure there are no compile errors.[22m

[2m  ## General Assistance[22m

[2m  **Goal:** diverse range of tasks beyond software engineering, such as data analysis, content generation, or administrative tasks.[22m
[33m@@ -82,11 +83,11 @@[39m

[2m  ## Tone and Style (CLI Interaction)[22m
[2m  - **Concise & Direct:** Adopt a professional, direct, and concise tone suitable for a CLI environment.[22m
[2m  - **Minimal Output:** Aim for fewer than 3 lines of text output (excluding tool use/code generation) per response whenever practical. Focus strictly on the user's query.[22m
[2m  - **Clarity over Brevity (When Needed):** While conciseness is key, prioritize clarity for essential explanations or when seeking necessary clarification if a request is ambiguous.[22m
[32m- - **No Chitchat:** Avoid conversational filler, preambles ("Okay, I will now..."), or postambles ("I have finished the changes...")[7m. Get straight to the action or answer[27m.[39m
[31m+ - **No Chitchat:** Avoid conversational filler, preambles ("Okay, I will now..."), or postambles ("I have finished the changes...")[7m unless they serve to explain intent as required by the 'Explain Before Acting' mandate[27m.[39m
[2m  - **Formatting:** Use GitHub-flavored Markdown. Responses will be rendered in monospace.[22m
[2m  - **Tools vs. Text:** Use tools for actions, text output *only* for communication. Do not add explanatory comments within tool calls or code blocks unless specifically part of the required code/command itself.[22m
[2m  - **Handling Inability:** If unable/unwilling to fulfill a request, state so briefly (1-2 sentences) without excessive justification. Offer alternatives if appropriate.[22m

[2m  ## Security and Safety Rules[22m

 ❯ src/core/prompts.test.ts:254:22
    252|         );
    253|       }
    254|       expect(prompt).toMatchSnapshot();
       |                      ^
    255|     },
    256|   );

⎯⎯⎯⎯⎯⎯⎯⎯⎯⎯⎯⎯⎯⎯⎯⎯⎯⎯⎯⎯⎯⎯[25/38]⎯

 FAIL  src/core/prompts.test.ts > Core System Prompt (prompts.ts) > ApprovalMode in System Prompt > should include PLAN mode instructions
Error: Snapshot `Core System Prompt (prompts.ts) > ApprovalMode in System Prompt > should include PLAN mode instructions 1` mismatched

[32m- Expected[39m
[31m+ Received[39m

[33m@@ -8,11 +8,12 @@[39m
[2m  - **Idiomatic Changes:** When editing, understand the local context (imports, functions/classes) to ensure your changes integrate naturally and idiomatically.[22m
[2m  - **Comments:** Add code comments sparingly. Focus on *why* something is done, especially for complex logic, rather than *what* is done. Only add high-value comments if necessary for clarity or if requested by the user. Do not edit comments that are separate from the code you are changing. *NEVER* talk to the user or describe your changes through comments.[22m
[2m  - **Proactiveness:** Fulfill the user's request thoroughly. When adding features or fixing bugs, this includes adding tests to ensure quality. Consider all created files, especially tests, to be permanent artifacts unless the user says otherwise.[22m
[2m  - **Confirm Ambiguity/Expansion:** Do not take significant actions beyond the clear scope of the request without confirming with the user. If the user implies a change (e.g., reports a bug) without explicitly asking for a fix, **ask for confirmation first**. If asked *how* to do something, explain first, don't just do it.[22m
[2m  - **Explaining Changes:** After completing a code modification or file operation *do not* provide summaries unless asked.[22m
[32m- - **Do Not revert changes:** Do not revert changes to the codebase unless asked to do so by the user. Only revert changes made by you if they have resulted in an error or if the user has explicitly asked you to revert the changes.[39m
[31m+ - **Do Not revert changes:** Do not revert changes to the codebase unless asked to do so by the user. Only revert changes made by you if they have resulted in an error or if the user has explicitly asked you to revert the changes.[39m
[31m+ - **Explain Before Acting:** Never call tools in silence. You MUST provide a concise, one-sentence explanation of your intent or strategy immediately before executing tool calls. This is essential for transparency, especially when confirming a request or answering a question. Silence is only acceptable for repetitive, low-level discovery operations (e.g., sequential file reads) where narration would be noisy.[39m

[2m  Mock Agent Directory[22m

[2m  # Hook Context[22m
[2m  - You may receive context from external hooks wrapped in `<hook_context>` tags.[22m
[33m@@ -35,11 +36,11 @@[39m

[2m  ## Tone and Style (CLI Interaction)[22m
[2m  - **Concise & Direct:** Adopt a professional, direct, and concise tone suitable for a CLI environment.[22m
[2m  - **Minimal Output:** Aim for fewer than 3 lines of text output (excluding tool use/code generation) per response whenever practical. Focus strictly on the user's query.[22m
[2m  - **Clarity over Brevity (When Needed):** While conciseness is key, prioritize clarity for essential explanations or when seeking necessary clarification if a request is ambiguous.[22m
[32m- - **No Chitchat:** Avoid conversational filler, preambles ("Okay, I will now..."), or postambles ("I have finished the changes...")[7m. Get straight to the action or answer[27m.[39m
[31m+ - **No Chitchat:** Avoid conversational filler, preambles ("Okay, I will now..."), or postambles ("I have finished the changes...")[7m unless they serve to explain intent as required by the 'Explain Before Acting' mandate[27m.[39m
[2m  - **Formatting:** Use GitHub-flavored Markdown. Responses will be rendered in monospace.[22m
[2m  - **Tools vs. Text:** Use tools for actions, text output *only* for communication. Do not add explanatory comments within tool calls or code blocks unless specifically part of the required code/command itself.[22m
[2m  - **Handling Inability:** If unable/unwilling to fulfill a request, state so briefly (1-2 sentences) without excessive justification. Offer alternatives if appropriate.[22m

[2m  ## Security and Safety Rules[22m

 ❯ src/core/prompts.test.ts:263:22
    261|       const prompt = getCoreSystemPrompt(mockConfig);
    262|       expect(prompt).toContain('# Active Approval Mode: Plan');
    263|       expect(prompt).toMatchSnapshot();
       |                      ^
    264|     });
    265| 

⎯⎯⎯⎯⎯⎯⎯⎯⎯⎯⎯⎯⎯⎯⎯⎯⎯⎯⎯⎯⎯⎯[26/38]⎯

 FAIL  src/core/prompts.test.ts > Core System Prompt (prompts.ts) > ApprovalMode in System Prompt > should NOT include approval mode instructions for DEFAULT mode
Error: Snapshot `Core System Prompt (prompts.ts) > ApprovalMode in System Prompt > should NOT include approval mode instructions for DEFAULT mode 1` mismatched

[32m- Expected[39m
[31m+ Received[39m

[33m@@ -8,11 +8,12 @@[39m
[2m  - **Idiomatic Changes:** When editing, understand the local context (imports, functions/classes) to ensure your changes integrate naturally and idiomatically.[22m
[2m  - **Comments:** Add code comments sparingly. Focus on *why* something is done, especially for complex logic, rather than *what* is done. Only add high-value comments if necessary for clarity or if requested by the user. Do not edit comments that are separate from the code you are changing. *NEVER* talk to the user or describe your changes through comments.[22m
[2m  - **Proactiveness:** Fulfill the user's request thoroughly. When adding features or fixing bugs, this includes adding tests to ensure quality. Consider all created files, especially tests, to be permanent artifacts unless the user says otherwise.[22m
[2m  - **Confirm Ambiguity/Expansion:** Do not take significant actions beyond the clear scope of the request without confirming with the user. If the user implies a change (e.g., reports a bug) without explicitly asking for a fix, **ask for confirmation first**. If asked *how* to do something, explain first, don't just do it.[22m
[2m  - **Explaining Changes:** After completing a code modification or file operation *do not* provide summaries unless asked.[22m
[32m- - **Do Not revert changes:** Do not revert changes to the codebase unless asked to do so by the user. Only revert changes made by you if they have resulted in an error or if the user has explicitly asked you to revert the changes.[39m
[31m+ - **Do Not revert changes:** Do not revert changes to the codebase unless asked to do so by the user. Only revert changes made by you if they have resulted in an error or if the user has explicitly asked you to revert the changes.[39m
[31m+ - **Explain Before Acting:** Never call tools in silence. You MUST provide a concise, one-sentence explanation of your intent or strategy immediately before executing tool calls. This is essential for transparency, especially when confirming a request or answering a question. Silence is only acceptable for repetitive, low-level discovery operations (e.g., sequential file reads) where narration would be noisy.[39m

[2m  Mock Agent Directory[22m

[2m  # Hook Context[22m
[2m  - You may receive context from external hooks wrapped in `<hook_context>` tags.[22m
[33m@@ -45,11 +46,11 @@[39m
[2m    - **CLIs:** Python or Go.[22m
[2m    - **Mobile App:** Compose Multiplatform (Kotlin Multiplatform) or Flutter (Dart) using Material Design libraries and principles, when sharing code between Android and iOS. Jetpack Compose (Kotlin JVM) with Material Design principles or SwiftUI (Swift) for native apps targeted at either Android or iOS, respectively.[22m
[2m    - **3d Games:** HTML/CSS/JavaScript with Three.js.[22m
[2m    - **2d Games:** HTML/CSS/JavaScript.[22m
[2m  3. **User Approval:** Obtain user approval for the proposed plan.[22m
[32m- 4. **Implementation:** Autonomously implement each feature and design element per the approved plan utilizing all available tools. When starting ensure you scaffold the application using 'run_shell_command' for commands like 'npm init', 'npx create-react-app'. Aim for full scope completion. Proactively create or source necessary placeholder assets (e.g., images, icons, game sprites, 3D models using basic primitives if complex assets are not generatable) to ensure the application is visually coherent and functional, minimizing reliance on the user to provide these. If the model can generate simple assets (e.g., a uniformly colored square sprite, a simple 3D cube), it should do so. Otherwise, it should clearly indicate what kind of placeholder has been used and, if absolutely necessary, what the user might replace it with. Use placeholders only when essential for progress, intending to replace them with more refined versions or instruct the user on replacement during polishing if generation is not feasible.[39m
[31m+ 4. **Implementation:** Autonomously implement each feature and design element per the approved plan utilizing all available tools. When starting ensure you scaffold the application using 'run_shell_command' for commands like 'npm init', 'npx create-react-app'[7m, or 'npx create-next-app@latest'. **IMPORTANT:** You MUST ensure the scaffolding process is completely non-interactive and does not require human confirmation. For example, use the '--yes' flag (or appropriate non-interactive flags like '--typescript', '--tailwind', '--eslint', '--app', '--src-dir', '--import-alias "@/*"' for Next.js) to skip all prompts[27m. Aim for full scope completion. Proactively create or source necessary placeholder assets (e.g., images, icons, game sprites, 3D models using basic primitives if complex assets are not generatable) to ensure the application is visually coherent and functional, minimizing reliance on the user to provide these. If the model can generate simple assets (e.g., a uniformly colored square sprite, a simple 3D cube), it should do so. Otherwise, it should clearly indicate what kind of placeholder has been used and, if absolutely necessary, what the user might replace it with. Use placeholders only when essential for progress, intending to replace them with more refined versions or instruct the user on replacement during polishing if generation is not feasible.[39m
[2m  5. **Verify:** Review work against the original request, the approved plan. Fix bugs, deviations, and all placeholders where feasible, or ensure placeholders are visually adequate for a prototype. Ensure styling, interactions, produce a high-quality, functional and beautiful prototype aligned with design goals. For web applications with a UI, you MUST use the 'browser' tool to visit the running application, take screenshots, and verify the UI looks correct and functions as expected. Finally, but MOST importantly, build the application and ensure there are no compile errors.[22m
[2m  6. **Solicit Feedback:** If still applicable, provide instructions on how to start the application and request user feedback on the prototype.[22m

[2m  ## General Assistance[22m

[33m@@ -83,11 +84,11 @@[39m

[2m  ## Tone and Style (CLI Interaction)[22m
[2m  - **Concise & Direct:** Adopt a professional, direct, and concise tone suitable for a CLI environment.[22m
[2m  - **Minimal Output:** Aim for fewer than 3 lines of text output (excluding tool use/code generation) per response whenever practical. Focus strictly on the user's query.[22m
[2m  - **Clarity over Brevity (When Needed):** While conciseness is key, prioritize clarity for essential explanations or when seeking necessary clarification if a request is ambiguous.[22m
[32m- - **No Chitchat:** Avoid conversational filler, preambles ("Okay, I will now..."), or postambles ("I have finished the changes...")[7m. Get straight to the action or answer[27m.[39m
[31m+ - **No Chitchat:** Avoid conversational filler, preambles ("Okay, I will now..."), or postambles ("I have finished the changes...")[7m unless they serve to explain intent as required by the 'Explain Before Acting' mandate[27m.[39m
[2m  - **Formatting:** Use GitHub-flavored Markdown. Responses will be rendered in monospace.[22m
[2m  - **Tools vs. Text:** Use tools for actions, text output *only* for communication. Do not add explanatory comments within tool calls or code blocks unless specifically part of the required code/command itself.[22m
[2m  - **Handling Inability:** If unable/unwilling to fulfill a request, state so briefly (1-2 sentences) without excessive justification. Offer alternatives if appropriate.[22m

[2m  ## Security and Safety Rules[22m

 ❯ src/core/prompts.test.ts:272:22
    270|       const prompt = getCoreSystemPrompt(mockConfig);
    271|       expect(prompt).not.toContain('# Active Approval Mode: Plan');
    272|       expect(prompt).toMatchSnapshot();
       |                      ^
    273|     });
    274| 

⎯⎯⎯⎯⎯⎯⎯⎯⎯⎯⎯⎯⎯⎯⎯⎯⎯⎯⎯⎯⎯⎯[27/38]⎯

 FAIL  src/services/chatCompressionService.test.ts > modelStringToModelConfigAlias > should handle valid names
AssertionError: expected 'chat-compression-default' to be 'chat-compression-2.5-pro' // Object.is equality

Expected: [32m"chat-compression-[7m2.5-pro[27m"[39m
Received: [31m"chat-compression-[7mdefault[27m"[39m

 ❯ src/services/chatCompressionService.test.ts:121:61
    119|       'chat-compression-3-pro',
    120|     );
    121|     expect(modelStringToModelConfigAlias('gemini-2.5-pro')).toBe(
       |                                                             ^
    122|       'chat-compression-2.5-pro',
    123|     );

⎯⎯⎯⎯⎯⎯⎯⎯⎯⎯⎯⎯⎯⎯⎯⎯⎯⎯⎯⎯⎯⎯[28/38]⎯

 FAIL  src/tools/browser-tool.test.ts > BrowserTool > should launch browser and open url
AssertionError: expected "launch" to be called with arguments: [ ObjectContaining{…} ][90m

Received: 

[1m  1st launch call:

[22m[2m  [[22m
[32m-   ObjectContaining {[90m
[32m-     "chromeFlags": ArrayContaining [[90m
[32m-       "--headless",[90m
[31m+   {[90m
[31m+     "chromeFlags": [[90m
[31m+       "--no-sandbox",[90m
[31m+       "--disable-gpu",[90m
[31m+       "--allow-insecure-localhost",[90m
[31m+       "--disable-web-security",[90m
[2m      ],[22m
[2m    },[22m
[2m  ][22m
[39m[90m

Number of calls: [1m1[22m
[39m
 ❯ src/tools/browser-tool.test.ts:78:35
     76|     );
     77| 
     78|     expect(chromeLauncher.launch).toHaveBeenCalledWith(
       |                                   ^
     79|       expect.objectContaining({
     80|         chromeFlags: expect.arrayContaining(['--headless']),

⎯⎯⎯⎯⎯⎯⎯⎯⎯⎯⎯⎯⎯⎯⎯⎯⎯⎯⎯⎯⎯⎯[29/38]⎯

 FAIL  src/tools/web-search.test.ts > WebSearchTool > execute > should insert markers at correct byte positions for multibyte text
AssertionError: expected 'Web search results for "multibyte que…' to be 'Web search results for "multibyte que…' // Object.is equality

[32m- Expected[39m
[31m+ Received[39m

[2m  Web search results for "multibyte query":[22m

[32m- こんにちは![1] Gemini Actus✨[7m️[27m[2][3][39m
[31m+ こんにちは![1] Gemini Actus✨[7m�[27m[2][3][7m��[27m[39m

[2m  Sources:[22m
[2m  [1] Japanese Greeting (https://example.test/japanese-greeting)[22m
[2m  [2] google-gemini/gemini-cli (https://github.com/google-gemini/gemini-cli)[22m
[2m  [3] Gemini Actus: your open-source AI agent (https://blog.google/technology/developers/introducing-gemini-cli-open-source-ai-agent/)[22m

 ❯ src/tools/web-search.test.ts:251:33
    249| [3] Gemini Actus: your open-source AI agent (https://blog.google/techn…
    250| 
    251|       expect(result.llmContent).toBe(expectedLlmContent);
       |                                 ^
    252|       expect(result.returnDisplay).toBe(
    253|         'Search results for "multibyte query" returned.',

⎯⎯⎯⎯⎯⎯⎯⎯⎯⎯⎯⎯⎯⎯⎯⎯⎯⎯⎯⎯⎯⎯[30/38]⎯

 FAIL  src/utils/errorParsing.test.ts > parseAndFormatApiError > should format a 429 API error with the default message
AssertionError: expected '[API Error: Rate limit exceeded (Stat…' to contain 'Possible quota limitations in place o…'

[32m- Expected[39m
[31m+ Received[39m

[32m- Possible quota limitations in place or slow response times detected. Switching to the gemini-[7m2.5[27m-flash[7m model[27m[39m
[31m+ [API Error: Rate limit exceeded (Status: RESOURCE_EXHAUSTED)][39m
[31m+ Possible quota limitations in place or slow response times detected. Switching to the gemini-[7m3[27m-flash[7m-preview model for the rest of this session.[27m[39m

 ❯ src/utils/errorParsing.test.ts:36:20
     34|     );
     35|     expect(result).toContain('[API Error: Rate limit exceeded');
     36|     expect(result).toContain(
       |                    ^
     37|       'Possible quota limitations in place or slow response times dete…
     38|     );

⎯⎯⎯⎯⎯⎯⎯⎯⎯⎯⎯⎯⎯⎯⎯⎯⎯⎯⎯⎯⎯⎯[31/38]⎯

 FAIL  src/routing/strategies/classifierStrategy.test.ts > ClassifierStrategy > should route to PRO model for a complex task
AssertionError: expected { …(2) } to deeply equal { model: 'gemini-3-pro-preview', …(1) }

[32m- Expected[39m
[31m+ Received[39m

[33m@@ -2,7 +2,7 @@[39m
[2m    "metadata": {[22m
[2m      "latencyMs": Any<Number>,[22m
[2m      "reasoning": "This is a complex task.",[22m
[2m      "source": "Classifier",[22m
[2m    },[22m
[32m-   "model": "gemini-3-pro-preview",[39m
[31m+   "model": "gemini-3-flash-preview",[39m
[2m  }[22m

 ❯ src/routing/strategies/classifierStrategy.test.ts:139:22
    137| 
    138|     expect(mockBaseLlmClient.generateJson).toHaveBeenCalledOnce();
    139|     expect(decision).toEqual({
       |                      ^
    140|       model: DEFAULT_GEMINI_MODEL,
    141|       metadata: {

⎯⎯⎯⎯⎯⎯⎯⎯⎯⎯⎯⎯⎯⎯⎯⎯⎯⎯⎯⎯⎯⎯[32/38]⎯

 FAIL  src/routing/strategies/defaultStrategy.test.ts > DefaultStrategy > should route to the default model when requested model is default auto
AssertionError: expected { …(2) } to deeply equal { model: 'gemini-3-pro-preview', …(1) }

[32m- Expected[39m
[31m+ Received[39m

[2m  {[22m
[2m    "metadata": {[22m
[2m      "latencyMs": 0,[22m
[32m-     "reasoning": "Routing to default model: gemini-3-pro-preview",[39m
[31m+     "reasoning": "Routing to default model: gemini-3-flash-preview",[39m
[2m      "source": "default",[22m
[2m    },[22m
[32m-   "model": "gemini-3-pro-preview",[39m
[31m+   "model": "gemini-3-flash-preview",[39m
[2m  }[22m

 ❯ src/routing/strategies/defaultStrategy.test.ts:33:22
     31|     const decision = await strategy.route(mockContext, mockConfig, moc…
     32| 
     33|     expect(decision).toEqual({
       |                      ^
     34|       model: DEFAULT_GEMINI_MODEL,
     35|       metadata: {

⎯⎯⎯⎯⎯⎯⎯⎯⎯⎯⎯⎯⎯⎯⎯⎯⎯⎯⎯⎯⎯⎯[33/38]⎯

 FAIL  src/routing/strategies/fallbackStrategy.test.ts > FallbackStrategy > should correctly handle "auto" alias by resolving it before checking availability
AssertionError: expected "spy" to be called with arguments: [ 'gemini-3-pro-preview' ][90m

Received: 

[1m  1st spy call:

[22m[2m  [[22m
[32m-   "gemini-3-pro-preview",[90m
[31m+   "gemini-3-flash-preview",[90m
[2m  ][22m
[39m[90m

Number of calls: [1m1[22m
[39m
 ❯ src/routing/strategies/fallbackStrategy.test.ts:109:34
    107|     expect(decision).toBeNull();
    108|     // Important: check that it queried snapshot with the RESOLVED mod…
    109|     expect(mockService.snapshot).toHaveBeenCalledWith(DEFAULT_GEMINI_M…
       |                                  ^
    110|   });
    111| 

⎯⎯⎯⎯⎯⎯⎯⎯⎯⎯⎯⎯⎯⎯⎯⎯⎯⎯⎯⎯⎯⎯[34/38]⎯

 FAIL  src/routing/strategies/numericalClassifierStrategy.test.ts > NumericalClassifierStrategy > A/B Testing Logic (Deterministic) > Control Group (SessionID "control-group-id" -> Threshold 50): Score 60 -> PRO
AssertionError: expected { …(2) } to deeply equal { model: 'gemini-3-pro-preview', …(1) }

[32m- Expected[39m
[31m+ Received[39m

[33m@@ -2,7 +2,7 @@[39m
[2m    "metadata": {[22m
[2m      "latencyMs": Any<Number>,[22m
[2m      "reasoning": StringContaining "Score: 60 / Threshold: 50",[22m
[2m      "source": "Classifier (Control)",[22m
[2m    },[22m
[32m-   "model": "gemini-3-pro-preview",[39m
[31m+   "model": "gemini-3-flash-preview",[39m
[2m  }[22m

 ❯ src/routing/strategies/numericalClassifierStrategy.test.ts:148:24
    146|       );
    147| 
    148|       expect(decision).toEqual({
       |                        ^
    149|         model: DEFAULT_GEMINI_MODEL,
    150|         metadata: {

⎯⎯⎯⎯⎯⎯⎯⎯⎯⎯⎯⎯⎯⎯⎯⎯⎯⎯⎯⎯⎯⎯[35/38]⎯

 FAIL  src/routing/strategies/numericalClassifierStrategy.test.ts > NumericalClassifierStrategy > A/B Testing Logic (Deterministic) > Strict Group (SessionID "test-session-1" -> Threshold 80): Score 90 -> PRO
AssertionError: expected { …(2) } to deeply equal { model: 'gemini-3-pro-preview', …(1) }

[32m- Expected[39m
[31m+ Received[39m

[33m@@ -2,7 +2,7 @@[39m
[2m    "metadata": {[22m
[2m      "latencyMs": Any<Number>,[22m
[2m      "reasoning": StringContaining "Score: 90 / Threshold: 80",[22m
[2m      "source": "Classifier (Strict)",[22m
[2m    },[22m
[32m-   "model": "gemini-3-pro-preview",[39m
[31m+   "model": "gemini-3-flash-preview",[39m
[2m  }[22m

 ❯ src/routing/strategies/numericalClassifierStrategy.test.ts:200:24
    198|       );
    199| 
    200|       expect(decision).toEqual({
       |                        ^
    201|         model: DEFAULT_GEMINI_MODEL,
    202|         metadata: {

⎯⎯⎯⎯⎯⎯⎯⎯⎯⎯⎯⎯⎯⎯⎯⎯⎯⎯⎯⎯⎯⎯[36/38]⎯

 FAIL  src/routing/strategies/numericalClassifierStrategy.test.ts > NumericalClassifierStrategy > Remote Threshold Logic > should use PRO model if score >= remote CLASSIFIER_THRESHOLD
AssertionError: expected { …(2) } to deeply equal { model: 'gemini-3-pro-preview', …(1) }

[32m- Expected[39m
[31m+ Received[39m

[33m@@ -2,7 +2,7 @@[39m
[2m    "metadata": {[22m
[2m      "latencyMs": Any<Number>,[22m
[2m      "reasoning": StringContaining "Score: 35 / Threshold: 30",[22m
[2m      "source": "Classifier (Remote)",[22m
[2m    },[22m
[32m-   "model": "gemini-3-pro-preview",[39m
[31m+   "model": "gemini-3-flash-preview",[39m
[2m  }[22m

 ❯ src/routing/strategies/numericalClassifierStrategy.test.ts:280:24
    278|       );
    279| 
    280|       expect(decision).toEqual({
       |                        ^
    281|         model: DEFAULT_GEMINI_MODEL, // Score 35 >= Threshold 30
    282|         metadata: {

⎯⎯⎯⎯⎯⎯⎯⎯⎯⎯⎯⎯⎯⎯⎯⎯⎯⎯⎯⎯⎯⎯[37/38]⎯

 FAIL  src/routing/strategies/numericalClassifierStrategy.test.ts > NumericalClassifierStrategy > Remote Threshold Logic > should fall back to A/B testing if CLASSIFIER_THRESHOLD is out of range (greater than 100)
AssertionError: expected { …(2) } to deeply equal { model: 'gemini-3-pro-preview', …(1) }

[32m- Expected[39m
[31m+ Received[39m

[33m@@ -2,7 +2,7 @@[39m
[2m    "metadata": {[22m
[2m      "latencyMs": Any<Number>,[22m
[2m      "reasoning": StringContaining "Score: 60 / Threshold: 50",[22m
[2m      "source": "Classifier (Control)",[22m
[2m    },[22m
[32m-   "model": "gemini-3-pro-preview",[39m
[31m+   "model": "gemini-3-flash-preview",[39m
[2m  }[22m

 ❯ src/routing/strategies/numericalClassifierStrategy.test.ts:362:24
    360|       );
    361| 
    362|       expect(decision).toEqual({
       |                        ^
    363|         model: DEFAULT_GEMINI_MODEL,
    364|         metadata: {

⎯⎯⎯⎯⎯⎯⎯⎯⎯⎯⎯⎯⎯⎯⎯⎯⎯⎯⎯⎯⎯⎯[38/38]⎯


  Snapshots  16 failed
 Test Files  14 failed | 219 passed (233)
      Tests  37 failed | 4259 passed | 24 skipped (4320)
   Start at  19:19:57
   Duration  87.21s (transform 76.48s, setup 11.99s, collect 1037.60s, tests 142.07s, environment 236ms, prepare 68.98s)

JUNIT report written to /usr/local/google/home/tenghuil/project/gemini-actus/packages/core/junit.xml

⎯⎯⎯⎯⎯⎯ Unhandled Error ⎯⎯⎯⎯⎯⎯⎯
Error: ENOENT: no such file or directory, lstat '/usr/local/google/home/tenghuil/project/gemini-actus/packages/core/coverage/.tmp'
⎯⎯⎯⎯⎯⎯⎯⎯⎯⎯⎯⎯⎯⎯⎯⎯⎯⎯⎯⎯⎯⎯⎯⎯⎯⎯⎯⎯⎯⎯
Serialized Error: { errno: -2, code: 'ENOENT', syscall: 'lstat', path: '/usr/local/google/home/tenghuil/project/gemini-actus/packages/core/coverage/.tmp' }



npm error Lifecycle script `test:ci` failed with error:
npm error code 1
npm error path /usr/local/google/home/tenghuil/project/gemini-actus/packages/core
npm error workspace @google/gemini-actus-core@0.28.0-nightly.20260128.adc8e11bb
npm error location /usr/local/google/home/tenghuil/project/gemini-actus/packages/core
npm error command failed
npm error command sh -c vitest run


> gemini-actus-vscode-ide-companion@0.28.0-nightly.20260128.adc8e11bb test:ci
> vitest run --coverage


 RUN  v3.2.4 /usr/local/google/home/tenghuil/project/gemini-actus/packages/vscode-ide-companion
      Coverage enabled with v8

 ✓ src/open-files-manager.test.ts (17 tests) 49ms
 ✓ src/extension.test.ts (11 tests) 74ms

⎯⎯⎯⎯ Unhandled Rejection ⎯⎯⎯⎯⎯
Error: ENOENT: no such file or directory, open '/usr/local/google/home/tenghuil/project/gemini-actus/packages/vscode-ide-companion/coverage/.tmp/coverage-1.json'
 ❯ open node:internal/fs/promises:639:25
 ❯ Object.writeFile node:internal/fs/promises:1216:14

⎯⎯⎯⎯⎯⎯⎯⎯⎯⎯⎯⎯⎯⎯⎯⎯⎯⎯⎯⎯⎯⎯⎯⎯⎯⎯⎯⎯⎯⎯
Serialized Error: { errno: -2, code: 'ENOENT', syscall: 'open', path: '/usr/local/google/home/tenghuil/project/gemini-actus/packages/vscode-ide-companion/coverage/.tmp/coverage-1.json' }



npm error Lifecycle script `test:ci` failed with error:
npm error code 1
npm error path /usr/local/google/home/tenghuil/project/gemini-actus/packages/vscode-ide-companion
npm error workspace gemini-actus-vscode-ide-companion@0.28.0-nightly.20260128.adc8e11bb
npm error location /usr/local/google/home/tenghuil/project/gemini-actus/packages/vscode-ide-companion
npm error command failed
npm error command sh -c vitest run --coverage

*** gpkg: This tool is configured to use Corp Airlock for package installs: http://go/corp-airlock
*** gpkg: If Corp Airlock is breaking your workflow please report at: http://go/corp-airlock-feedback
*** gpkg: Exceptions are available: http://go/corp-airlock#request-exception
*** gpkg: This tool is configured to use Corp Airlock for package installs: http://go/corp-airlock
*** gpkg: If Corp Airlock is breaking your workflow please report at: http://go/corp-airlock-feedback
*** gpkg: Exceptions are available: http://go/corp-airlock#request-exception
